116.96.77.176 - - [13/Apr/2025:16:01:14 +0000] "OPTIONS /api-nodejs/users?page=1&search=&grade=&roles=&className=&limit=500&phone HTTP/1.1" 204 0 "http://localhost:3000/" "Mozilla/5.0 (Windows NT 10.0; Win64; x64) AppleWebKit/537.36 (KHTML, like Gecko) Chrome/135.0.0.0 Safari/537.36"
116.96.77.176 - - [13/Apr/2025:16:01:19 +0000] "GET /api-nodejs/users?page=1&search=&grade=&roles=&className=&limit=500&phone= HTTP/1.1" 200 288082 "http://localhost:3000/" "Mozilla/5.0 (Windows NT 10.0; Win64; x64) AppleWebKit/537.36 (KHTML, like Gecko) Chrome/135.0.0.0 Safari/537.36"
116.96.77.176 - - [13/Apr/2025:16:01:19 +0000] "GET /api-nodejs/users?page=1&search=&grade=&roles=&className=&limit=500&phone HTTP/1.1" 200 288082 "http://localhost:3000/" "Mozilla/5.0 (Windows NT 10.0; Win64; x64) AppleWebKit/537.36 (KHTML, like Gecko) Chrome/135.0.0.0 Safari/537.36"
116.96.77.176 - - [13/Apr/2025:16:01:21 +0000] "GET /api-nodejs/users?page=1&search=&grade=&roles=&className=&limit=500&phone= HTTP/1.1" 200 288082 "http://localhost:3000/" "Mozilla/5.0 (Windows NT 10.0; Win64; x64) AppleWebKit/537.36 (KHTML, like Gecko) Chrome/135.0.0.0 Safari/537.36"
116.96.77.176 - - [13/Apr/2025:16:01:22 +0000] "GET /api-nodejs/users?page=1&search=&grade=&roles=&className=&limit=500&phone HTTP/1.1" 200 288082 "http://localhost:3000/" "Mozilla/5.0 (Windows NT 10.0; Win64; x64) AppleWebKit/537.36 (KHTML, like Gecko) Chrome/135.0.0.0 Safari/537.36"
116.96.77.176 - - [13/Apr/2025:16:01:26 +0000] "OPTIONS /api-nodejs/users?page=1&search=&grade=&roles=student%2Cteacher&className=&limit=500&phone= HTTP/1.1" 204 0 "http://localhost:3000/" "Mozilla/5.0 (Windows NT 10.0; Win64; x64) AppleWebKit/537.36 (KHTML, like Gecko) Chrome/135.0.0.0 Safari/537.36"
116.96.77.176 - - [13/Apr/2025:16:01:27 +0000] "GET /api-nodejs/users?page=1&search=&grade=&roles=student%2Cteacher&className=&limit=500&phone= HTTP/1.1" 200 115776 "http://localhost:3000/" "Mozilla/5.0 (Windows NT 10.0; Win64; x64) AppleWebKit/537.36 (KHTML, like Gecko) Chrome/135.0.0.0 Safari/537.36"
116.96.77.176 - - [13/Apr/2025:16:04:10 +0000] "OPTIONS /api-nodejs/auth/refresh-token HTTP/1.1" 204 0 "http://localhost:3000/" "Mozilla/5.0 (Windows NT 10.0; Win64; x64) AppleWebKit/537.36 (KHTML, like Gecko) Chrome/135.0.0.0 Safari/537.36"
116.96.77.176 - - [13/Apr/2025:16:04:10 +0000] "POST /api-nodejs/auth/refresh-token HTTP/1.1" 200 402 "http://localhost:3000/" "Mozilla/5.0 (Windows NT 10.0; Win64; x64) AppleWebKit/537.36 (KHTML, like Gecko) Chrome/135.0.0.0 Safari/537.36"
116.96.77.176 - - [13/Apr/2025:16:04:44 +0000] "OPTIONS /api-nodejs/auth/login HTTP/1.1" 204 0 "http://localhost:3000/" "Mozilla/5.0 (Windows NT 10.0; Win64; x64) AppleWebKit/537.36 (KHTML, like Gecko) Chrome/135.0.0.0 Safari/537.36"
116.96.77.176 - - [13/Apr/2025:16:04:44 +0000] "POST /api-nodejs/auth/login HTTP/1.1" 401 97 "http://localhost:3000/" "Mozilla/5.0 (Windows NT 10.0; Win64; x64) AppleWebKit/537.36 (KHTML, like Gecko) Chrome/135.0.0.0 Safari/537.36"
116.96.77.176 - - [13/Apr/2025:16:04:44 +0000] "OPTIONS /api-nodejs/auth/refresh-token HTTP/1.1" 204 0 "http://localhost:3000/" "Mozilla/5.0 (Windows NT 10.0; Win64; x64) AppleWebKit/537.36 (KHTML, like Gecko) Chrome/135.0.0.0 Safari/537.36"
116.96.77.176 - - [13/Apr/2025:16:04:44 +0000] "POST /api-nodejs/auth/refresh-token HTTP/1.1" 401 86 "http://localhost:3000/" "Mozilla/5.0 (Windows NT 10.0; Win64; x64) AppleWebKit/537.36 (KHTML, like Gecko) Chrome/135.0.0.0 Safari/537.36"
116.96.77.176 - - [13/Apr/2025:16:04:47 +0000] "POST /api-nodejs/auth/login HTTP/1.1" 200 461 "http://localhost:3000/" "Mozilla/5.0 (Windows NT 10.0; Win64; x64) AppleWebKit/537.36 (KHTML, like Gecko) Chrome/135.0.0.0 Safari/537.36"
116.96.77.176 - - [13/Apr/2025:16:04:49 +0000] "OPTIONS /api-nodejs/users?page=1&search=&grade=&roles=&className=&limit=500&phone= HTTP/1.1" 204 0 "http://localhost:3000/" "Mozilla/5.0 (Windows NT 10.0; Win64; x64) AppleWebKit/537.36 (KHTML, like Gecko) Chrome/135.0.0.0 Safari/537.36"
116.96.77.176 - - [13/Apr/2025:16:04:49 +0000] "OPTIONS /api-nodejs/users?page=1&search=&grade=&roles=&className=&limit=500&phone HTTP/1.1" 204 0 "http://localhost:3000/" "Mozilla/5.0 (Windows NT 10.0; Win64; x64) AppleWebKit/537.36 (KHTML, like Gecko) Chrome/135.0.0.0 Safari/537.36"
116.96.77.176 - - [13/Apr/2025:16:04:49 +0000] "OPTIONS /api-nodejs/users?page=1&search=&grade=&roles=&className=&limit=500&phone= HTTP/1.1" 204 0 "http://localhost:3000/" "Mozilla/5.0 (Windows NT 10.0; Win64; x64) AppleWebKit/537.36 (KHTML, like Gecko) Chrome/135.0.0.0 Safari/537.36"
116.96.77.176 - - [13/Apr/2025:16:04:49 +0000] "OPTIONS /api-nodejs/users?page=1&search=&grade=&roles=&className=&limit=500&phone HTTP/1.1" 204 0 "http://localhost:3000/" "Mozilla/5.0 (Windows NT 10.0; Win64; x64) AppleWebKit/537.36 (KHTML, like Gecko) Chrome/135.0.0.0 Safari/537.36"
116.96.77.176 - - [13/Apr/2025:16:04:52 +0000] "GET /api-nodejs/users?page=1&search=&grade=&roles=&className=&limit=500&phone= HTTP/1.1" 200 288082 "http://localhost:3000/" "Mozilla/5.0 (Windows NT 10.0; Win64; x64) AppleWebKit/537.36 (KHTML, like Gecko) Chrome/135.0.0.0 Safari/537.36"
116.96.77.176 - - [13/Apr/2025:16:04:53 +0000] "GET /api-nodejs/users?page=1&search=&grade=&roles=&className=&limit=500&phone HTTP/1.1" 200 288082 "http://localhost:3000/" "Mozilla/5.0 (Windows NT 10.0; Win64; x64) AppleWebKit/537.36 (KHTML, like Gecko) Chrome/135.0.0.0 Safari/537.36"
116.96.77.176 - - [13/Apr/2025:16:04:54 +0000] "GET /api-nodejs/users?page=1&search=&grade=&roles=&className=&limit=500&phone= HTTP/1.1" 200 288082 "http://localhost:3000/" "Mozilla/5.0 (Windows NT 10.0; Win64; x64) AppleWebKit/537.36 (KHTML, like Gecko) Chrome/135.0.0.0 Safari/537.36"
116.96.77.176 - - [13/Apr/2025:16:04:56 +0000] "GET /api-nodejs/users?page=1&search=&grade=&roles=&className=&limit=500&phone HTTP/1.1" 200 288082 "http://localhost:3000/" "Mozilla/5.0 (Windows NT 10.0; Win64; x64) AppleWebKit/537.36 (KHTML, like Gecko) Chrome/135.0.0.0 Safari/537.36"
116.96.77.176 - - [13/Apr/2025:16:05:37 +0000] "OPTIONS /api-nodejs/auth/refresh-token HTTP/1.1" 204 0 "http://localhost:3000/" "Mozilla/5.0 (Windows NT 10.0; Win64; x64) AppleWebKit/537.36 (KHTML, like Gecko) Chrome/135.0.0.0 Safari/537.36"
116.96.77.176 - - [13/Apr/2025:16:05:37 +0000] "POST /api-nodejs/auth/refresh-token HTTP/1.1" 200 402 "http://localhost:3000/" "Mozilla/5.0 (Windows NT 10.0; Win64; x64) AppleWebKit/537.36 (KHTML, like Gecko) Chrome/135.0.0.0 Safari/537.36"
116.96.77.176 - - [13/Apr/2025:16:05:40 +0000] "OPTIONS /api-nodejs/auth/login HTTP/1.1" 204 0 "http://localhost:3000/" "Mozilla/5.0 (Windows NT 10.0; Win64; x64) AppleWebKit/537.36 (KHTML, like Gecko) Chrome/135.0.0.0 Safari/537.36"
116.96.77.176 - - [13/Apr/2025:16:05:41 +0000] "POST /api-nodejs/auth/login HTTP/1.1" 200 461 "http://localhost:3000/" "Mozilla/5.0 (Windows NT 10.0; Win64; x64) AppleWebKit/537.36 (KHTML, like Gecko) Chrome/135.0.0.0 Safari/537.36"
116.96.77.176 - - [13/Apr/2025:16:05:43 +0000] "OPTIONS /api-nodejs/users?page=1&search=&grade=&roles=&className=&limit=500&phone= HTTP/1.1" 204 0 "http://localhost:3000/" "Mozilla/5.0 (Windows NT 10.0; Win64; x64) AppleWebKit/537.36 (KHTML, like Gecko) Chrome/135.0.0.0 Safari/537.36"
116.96.77.176 - - [13/Apr/2025:16:05:43 +0000] "OPTIONS /api-nodejs/users?page=1&search=&grade=&roles=&className=&limit=500&phone= HTTP/1.1" 204 0 "http://localhost:3000/" "Mozilla/5.0 (Windows NT 10.0; Win64; x64) AppleWebKit/537.36 (KHTML, like Gecko) Chrome/135.0.0.0 Safari/537.36"
116.96.77.176 - - [13/Apr/2025:16:05:43 +0000] "OPTIONS /api-nodejs/users?page=1&search=&grade=&roles=&className=&limit=500&phone HTTP/1.1" 204 0 "http://localhost:3000/" "Mozilla/5.0 (Windows NT 10.0; Win64; x64) AppleWebKit/537.36 (KHTML, like Gecko) Chrome/135.0.0.0 Safari/537.36"
116.96.77.176 - - [13/Apr/2025:16:05:43 +0000] "OPTIONS /api-nodejs/users?page=1&search=&grade=&roles=&className=&limit=500&phone HTTP/1.1" 204 0 "http://localhost:3000/" "Mozilla/5.0 (Windows NT 10.0; Win64; x64) AppleWebKit/537.36 (KHTML, like Gecko) Chrome/135.0.0.0 Safari/537.36"
116.96.77.176 - - [13/Apr/2025:16:05:47 +0000] "GET /api-nodejs/users?page=1&search=&grade=&roles=&className=&limit=500&phone= HTTP/1.1" 200 288082 "http://localhost:3000/" "Mozilla/5.0 (Windows NT 10.0; Win64; x64) AppleWebKit/537.36 (KHTML, like Gecko) Chrome/135.0.0.0 Safari/537.36"
116.96.77.176 - - [13/Apr/2025:16:05:47 +0000] "GET /api-nodejs/users?page=1&search=&grade=&roles=&className=&limit=500&phone HTTP/1.1" 200 288082 "http://localhost:3000/" "Mozilla/5.0 (Windows NT 10.0; Win64; x64) AppleWebKit/537.36 (KHTML, like Gecko) Chrome/135.0.0.0 Safari/537.36"
116.96.77.176 - - [13/Apr/2025:16:05:49 +0000] "GET /api-nodejs/users?page=1&search=&grade=&roles=&className=&limit=500&phone= HTTP/1.1" 200 288082 "http://localhost:3000/" "Mozilla/5.0 (Windows NT 10.0; Win64; x64) AppleWebKit/537.36 (KHTML, like Gecko) Chrome/135.0.0.0 Safari/537.36"
116.96.77.176 - - [13/Apr/2025:16:05:50 +0000] "GET /api-nodejs/users?page=1&search=&grade=&roles=&className=&limit=500&phone HTTP/1.1" 200 288082 "http://localhost:3000/" "Mozilla/5.0 (Windows NT 10.0; Win64; x64) AppleWebKit/537.36 (KHTML, like Gecko) Chrome/135.0.0.0 Safari/537.36"
116.96.77.176 - - [13/Apr/2025:16:05:57 +0000] "OPTIONS /api-nodejs/users?page=1&search=&grade=&roles=&className=&limit=500&phone=907011821 HTTP/1.1" 204 0 "http://localhost:3000/" "Mozilla/5.0 (Windows NT 10.0; Win64; x64) AppleWebKit/537.36 (KHTML, like Gecko) Chrome/135.0.0.0 Safari/537.36"
116.96.77.176 - - [13/Apr/2025:16:05:57 +0000] "GET /api-nodejs/users?page=1&search=&grade=&roles=&className=&limit=500&phone=907011821 HTTP/1.1" 200 623 "http://localhost:3000/" "Mozilla/5.0 (Windows NT 10.0; Win64; x64) AppleWebKit/537.36 (KHTML, like Gecko) Chrome/135.0.0.0 Safari/537.36"
116.96.77.176 - - [13/Apr/2025:16:06:05 +0000] "OPTIONS /api-nodejs/users?page=1&search=%C3%81nh+%C4%90%E1%BA%B7ng+Th%C3%A0nh%09&grade=&roles=&className=&limit=500&phone= HTTP/1.1" 204 0 "http://localhost:3000/" "Mozilla/5.0 (Windows NT 10.0; Win64; x64) AppleWebKit/537.36 (KHTML, like Gecko) Chrome/135.0.0.0 Safari/537.36"
116.96.77.176 - - [13/Apr/2025:16:06:05 +0000] "GET /api-nodejs/users?page=1&search=%C3%81nh+%C4%90%E1%BA%B7ng+Th%C3%A0nh%09&grade=&roles=&className=&limit=500&phone= HTTP/1.1" 200 92 "http://localhost:3000/" "Mozilla/5.0 (Windows NT 10.0; Win64; x64) AppleWebKit/537.36 (KHTML, like Gecko) Chrome/135.0.0.0 Safari/537.36"
116.96.77.176 - - [13/Apr/2025:16:06:09 +0000] "OPTIONS /api-nodejs/users?page=1&search=%C3%81nh+%C4%90%E1%BA%B7ng+Th%C3%A0nh&grade=&roles=&className=&limit=500&phone= HTTP/1.1" 204 0 "http://localhost:3000/" "Mozilla/5.0 (Windows NT 10.0; Win64; x64) AppleWebKit/537.36 (KHTML, like Gecko) Chrome/135.0.0.0 Safari/537.36"
116.96.77.176 - - [13/Apr/2025:16:06:09 +0000] "GET /api-nodejs/users?page=1&search=%C3%81nh+%C4%90%E1%BA%B7ng+Th%C3%A0nh&grade=&roles=&className=&limit=500&phone= HTTP/1.1" 200 92 "http://localhost:3000/" "Mozilla/5.0 (Windows NT 10.0; Win64; x64) AppleWebKit/537.36 (KHTML, like Gecko) Chrome/135.0.0.0 Safari/537.36"
116.96.77.176 - - [13/Apr/2025:16:06:20 +0000] "OPTIONS /api-nodejs/users?page=1&search=%C3%81nh+%C4%90%E1%BA%B7ng+Th%C3%A0nh&grade=&roles=&className=&limit=500&phone= HTTP/1.1" 204 0 "http://localhost:3000/" "Mozilla/5.0 (Windows NT 10.0; Win64; x64) AppleWebKit/537.36 (KHTML, like Gecko) Chrome/135.0.0.0 Safari/537.36"
116.96.77.176 - - [13/Apr/2025:16:06:20 +0000] "GET /api-nodejs/users?page=1&search=%C3%81nh+%C4%90%E1%BA%B7ng+Th%C3%A0nh&grade=&roles=&className=&limit=500&phone= HTTP/1.1" 200 92 "http://localhost:3000/" "Mozilla/5.0 (Windows NT 10.0; Win64; x64) AppleWebKit/537.36 (KHTML, like Gecko) Chrome/135.0.0.0 Safari/537.36"
185.218.86.4 - - [13/Apr/2025:16:06:58 +0000] "GET / HTTP/1.1" 200 858 "-" "Mozilla/5.0 (Windows NT 10.0; Win64; x64) AppleWebKit/537.36 (KHTML, like Gecko) Chrome/90.0.4430.85 Safari/537.36 Edg/90.0.818.46"
116.96.77.176 - - [13/Apr/2025:16:07:28 +0000] "OPTIONS /api-nodejs/users?page=1&search=&grade=&roles=&className=&limit=500&phone= HTTP/1.1" 204 0 "http://localhost:3000/" "Mozilla/5.0 (Windows NT 10.0; Win64; x64) AppleWebKit/537.36 (KHTML, like Gecko) Chrome/135.0.0.0 Safari/537.36"
116.96.77.176 - - [13/Apr/2025:16:07:30 +0000] "GET /api-nodejs/users?page=1&search=&grade=&roles=&className=&limit=500&phone= HTTP/1.1" 200 288082 "http://localhost:3000/" "Mozilla/5.0 (Windows NT 10.0; Win64; x64) AppleWebKit/537.36 (KHTML, like Gecko) Chrome/135.0.0.0 Safari/537.36"
116.96.77.176 - - [13/Apr/2025:16:07:59 +0000] "OPTIONS /api-nodejs/users?page=1&search=anhatst2112&grade=&roles=&className=&limit=500&phone= HTTP/1.1" 204 0 "http://localhost:3000/" "Mozilla/5.0 (Windows NT 10.0; Win64; x64) AppleWebKit/537.36 (KHTML, like Gecko) Chrome/135.0.0.0 Safari/537.36"
116.96.77.176 - - [13/Apr/2025:16:07:59 +0000] "GET /api-nodejs/users?page=1&search=anhatst2112&grade=&roles=&className=&limit=500&phone= HTTP/1.1" 200 623 "http://localhost:3000/" "Mozilla/5.0 (Windows NT 10.0; Win64; x64) AppleWebKit/537.36 (KHTML, like Gecko) Chrome/135.0.0.0 Safari/537.36"
54.86.50.139 - - [13/Apr/2025:16:08:25 +0000] "GET /api-nodejs/users?page=1&search=&grade=&roles=student&className=&limit=50&phone HTTP/1.1" 200 26533 "-" "PostmanRuntime/7.43.3"
116.96.77.176 - - [13/Apr/2025:16:08:30 +0000] "OPTIONS /api-nodejs/users?page=1&search=%C3%81nh+%C4%90%E1%BA%B7ng+Th%C3%A0nh%09&grade=&roles=&className=&limit=500&phone= HTTP/1.1" 204 0 "http://localhost:3000/" "Mozilla/5.0 (Windows NT 10.0; Win64; x64) AppleWebKit/537.36 (KHTML, like Gecko) Chrome/135.0.0.0 Safari/537.36"
116.96.77.176 - - [13/Apr/2025:16:08:30 +0000] "GET /api-nodejs/users?page=1&search=%C3%81nh+%C4%90%E1%BA%B7ng+Th%C3%A0nh%09&grade=&roles=&className=&limit=500&phone= HTTP/1.1" 200 92 "http://localhost:3000/" "Mozilla/5.0 (Windows NT 10.0; Win64; x64) AppleWebKit/537.36 (KHTML, like Gecko) Chrome/135.0.0.0 Safari/537.36"
116.96.77.176 - - [13/Apr/2025:16:09:17 +0000] "OPTIONS /api-nodejs/users?page=1&search=&grade=&roles=&className=&limit=500&phone= HTTP/1.1" 204 0 "http://localhost:3000/" "Mozilla/5.0 (Windows NT 10.0; Win64; x64) AppleWebKit/537.36 (KHTML, like Gecko) Chrome/135.0.0.0 Safari/537.36"
116.96.77.176 - - [13/Apr/2025:16:09:19 +0000] "GET /api-nodejs/users?page=1&search=&grade=&roles=&className=&limit=500&phone= HTTP/1.1" 200 288082 "http://localhost:3000/" "Mozilla/5.0 (Windows NT 10.0; Win64; x64) AppleWebKit/537.36 (KHTML, like Gecko) Chrome/135.0.0.0 Safari/537.36"
116.96.77.176 - - [13/Apr/2025:16:09:22 +0000] "OPTIONS /api-nodejs/users?page=1&search=&grade=11&roles=&className=&limit=500&phone= HTTP/1.1" 204 0 "http://localhost:3000/" "Mozilla/5.0 (Windows NT 10.0; Win64; x64) AppleWebKit/537.36 (KHTML, like Gecko) Chrome/135.0.0.0 Safari/537.36"
116.96.77.176 - - [13/Apr/2025:16:09:23 +0000] "GET /api-nodejs/users?page=1&search=&grade=11&roles=&className=&limit=500&phone= HTTP/1.1" 200 89386 "http://localhost:3000/" "Mozilla/5.0 (Windows NT 10.0; Win64; x64) AppleWebKit/537.36 (KHTML, like Gecko) Chrome/135.0.0.0 Safari/537.36"
116.96.77.176 - - [13/Apr/2025:16:10:20 +0000] "OPTIONS /api-nodejs/auth/refresh-token HTTP/1.1" 204 0 "http://localhost:3000/" "Mozilla/5.0 (Windows NT 10.0; Win64; x64) AppleWebKit/537.36 (KHTML, like Gecko) Chrome/135.0.0.0 Safari/537.36"
116.96.77.176 - - [13/Apr/2025:16:10:20 +0000] "POST /api-nodejs/auth/refresh-token HTTP/1.1" 200 402 "http://localhost:3000/" "Mozilla/5.0 (Windows NT 10.0; Win64; x64) AppleWebKit/537.36 (KHTML, like Gecko) Chrome/135.0.0.0 Safari/537.36"
116.96.77.176 - - [13/Apr/2025:16:11:04 +0000] "OPTIONS /api-nodejs/auth/login HTTP/1.1" 204 0 "http://localhost:3000/" "Mozilla/5.0 (Windows NT 10.0; Win64; x64) AppleWebKit/537.36 (KHTML, like Gecko) Chrome/135.0.0.0 Safari/537.36"
116.96.77.176 - - [13/Apr/2025:16:11:04 +0000] "POST /api-nodejs/auth/login HTTP/1.1" 200 461 "http://localhost:3000/" "Mozilla/5.0 (Windows NT 10.0; Win64; x64) AppleWebKit/537.36 (KHTML, like Gecko) Chrome/135.0.0.0 Safari/537.36"
116.96.77.176 - - [13/Apr/2025:16:11:08 +0000] "OPTIONS /api-nodejs/users?page=1&search=&grade=&roles=&className=&limit=500&phone= HTTP/1.1" 204 0 "http://localhost:3000/" "Mozilla/5.0 (Windows NT 10.0; Win64; x64) AppleWebKit/537.36 (KHTML, like Gecko) Chrome/135.0.0.0 Safari/537.36"
116.96.77.176 - - [13/Apr/2025:16:11:08 +0000] "OPTIONS /api-nodejs/users?page=1&search=&grade=&roles=&className=&limit=500&phone HTTP/1.1" 204 0 "http://localhost:3000/" "Mozilla/5.0 (Windows NT 10.0; Win64; x64) AppleWebKit/537.36 (KHTML, like Gecko) Chrome/135.0.0.0 Safari/537.36"
116.96.77.176 - - [13/Apr/2025:16:11:08 +0000] "OPTIONS /api-nodejs/users?page=1&search=&grade=&roles=&className=&limit=500&phone= HTTP/1.1" 204 0 "http://localhost:3000/" "Mozilla/5.0 (Windows NT 10.0; Win64; x64) AppleWebKit/537.36 (KHTML, like Gecko) Chrome/135.0.0.0 Safari/537.36"
116.96.77.176 - - [13/Apr/2025:16:11:08 +0000] "OPTIONS /api-nodejs/users?page=1&search=&grade=&roles=&className=&limit=500&phone HTTP/1.1" 204 0 "http://localhost:3000/" "Mozilla/5.0 (Windows NT 10.0; Win64; x64) AppleWebKit/537.36 (KHTML, like Gecko) Chrome/135.0.0.0 Safari/537.36"
116.96.77.176 - - [13/Apr/2025:16:11:11 +0000] "GET /api-nodejs/users?page=1&search=&grade=&roles=&className=&limit=500&phone= HTTP/1.1" 200 288082 "http://localhost:3000/" "Mozilla/5.0 (Windows NT 10.0; Win64; x64) AppleWebKit/537.36 (KHTML, like Gecko) Chrome/135.0.0.0 Safari/537.36"
116.96.77.176 - - [13/Apr/2025:16:11:13 +0000] "GET /api-nodejs/users?page=1&search=&grade=&roles=&className=&limit=500&phone HTTP/1.1" 200 288082 "http://localhost:3000/" "Mozilla/5.0 (Windows NT 10.0; Win64; x64) AppleWebKit/537.36 (KHTML, like Gecko) Chrome/135.0.0.0 Safari/537.36"
116.96.77.176 - - [13/Apr/2025:16:11:14 +0000] "GET /api-nodejs/users?page=1&search=&grade=&roles=&className=&limit=500&phone= HTTP/1.1" 200 288082 "http://localhost:3000/" "Mozilla/5.0 (Windows NT 10.0; Win64; x64) AppleWebKit/537.36 (KHTML, like Gecko) Chrome/135.0.0.0 Safari/537.36"
116.96.77.176 - - [13/Apr/2025:16:11:16 +0000] "GET /api-nodejs/users?page=1&search=&grade=&roles=&className=&limit=500&phone HTTP/1.1" 200 288082 "http://localhost:3000/" "Mozilla/5.0 (Windows NT 10.0; Win64; x64) AppleWebKit/537.36 (KHTML, like Gecko) Chrome/135.0.0.0 Safari/537.36"
116.96.77.176 - - [13/Apr/2025:16:11:25 +0000] "OPTIONS /api-nodejs/users?page=1&search=&grade=11&roles=teacher&className=&limit=500&phone= HTTP/1.1" 204 0 "http://localhost:3000/" "Mozilla/5.0 (Windows NT 10.0; Win64; x64) AppleWebKit/537.36 (KHTML, like Gecko) Chrome/135.0.0.0 Safari/537.36"
116.96.77.176 - - [13/Apr/2025:16:11:25 +0000] "GET /api-nodejs/users?page=1&search=&grade=11&roles=teacher&className=&limit=500&phone= HTTP/1.1" 200 92 "http://localhost:3000/" "Mozilla/5.0 (Windows NT 10.0; Win64; x64) AppleWebKit/537.36 (KHTML, like Gecko) Chrome/135.0.0.0 Safari/537.36"
54.86.50.139 - - [13/Apr/2025:16:11:52 +0000] "GET /api-nodejs/users?page=1&search=D%C6%B0%C6%A1ng%20Th%C3%A0nh%20Th%C3%A1nh%20Thanh&grade=&roles=student&className=&limit=50&phone HTTP/1.1" 200 91 "-" "PostmanRuntime/7.43.3"
116.96.77.176 - - [13/Apr/2025:16:11:56 +0000] "OPTIONS /api-nodejs/users?page=1&search=&grade=&roles=teacher&className=&limit=500&phone= HTTP/1.1" 204 0 "http://localhost:3000/" "Mozilla/5.0 (Windows NT 10.0; Win64; x64) AppleWebKit/537.36 (KHTML, like Gecko) Chrome/135.0.0.0 Safari/537.36"
116.96.77.176 - - [13/Apr/2025:16:11:57 +0000] "GET /api-nodejs/users?page=1&search=&grade=&roles=teacher&className=&limit=500&phone= HTTP/1.1" 200 20703 "http://localhost:3000/" "Mozilla/5.0 (Windows NT 10.0; Win64; x64) AppleWebKit/537.36 (KHTML, like Gecko) Chrome/135.0.0.0 Safari/537.36"
54.86.50.139 - - [13/Apr/2025:16:11:58 +0000] "GET /api-nodejs/users?page=1&search=&grade=&roles=student&className=&limit=50&phone HTTP/1.1" 200 26533 "-" "PostmanRuntime/7.43.3"
54.86.50.139 - - [13/Apr/2025:16:12:03 +0000] "GET /api-nodejs/users?page=1&search=%C3%81nh&grade=&roles=student&className=&limit=50&phone HTTP/1.1" 200 91 "-" "PostmanRuntime/7.43.3"
54.86.50.139 - - [13/Apr/2025:16:12:08 +0000] "GET /api-nodejs/users?page=1&search=&grade=&roles=student&className=&limit=50&phone HTTP/1.1" 200 26533 "-" "PostmanRuntime/7.43.3"
116.96.77.176 - - [13/Apr/2025:16:12:12 +0000] "OPTIONS /api-nodejs/users?page=1&search=dung&grade=11&roles=&className=&limit=500&phone= HTTP/1.1" 204 0 "http://localhost:3000/" "Mozilla/5.0 (Windows NT 10.0; Win64; x64) AppleWebKit/537.36 (KHTML, like Gecko) Chrome/135.0.0.0 Safari/537.36"
116.96.77.176 - - [13/Apr/2025:16:12:12 +0000] "GET /api-nodejs/users?page=1&search=dung&grade=11&roles=&className=&limit=500&phone= HTTP/1.1" 200 5010 "http://localhost:3000/" "Mozilla/5.0 (Windows NT 10.0; Win64; x64) AppleWebKit/537.36 (KHTML, like Gecko) Chrome/135.0.0.0 Safari/537.36"
116.96.77.176 - - [13/Apr/2025:16:12:18 +0000] "OPTIONS /api-nodejs/users?page=1&search=dung&grade=11&roles=&className=11&limit=500&phone= HTTP/1.1" 204 0 "http://localhost:3000/" "Mozilla/5.0 (Windows NT 10.0; Win64; x64) AppleWebKit/537.36 (KHTML, like Gecko) Chrome/135.0.0.0 Safari/537.36"
116.96.77.176 - - [13/Apr/2025:16:12:18 +0000] "GET /api-nodejs/users?page=1&search=dung&grade=11&roles=&className=11&limit=500&phone= HTTP/1.1" 200 5010 "http://localhost:3000/" "Mozilla/5.0 (Windows NT 10.0; Win64; x64) AppleWebKit/537.36 (KHTML, like Gecko) Chrome/135.0.0.0 Safari/537.36"
116.96.77.176 - - [13/Apr/2025:16:12:21 +0000] "GET /api-nodejs/users?page=1&search=dung&grade=11&roles=&className=11&limit=500&phone= HTTP/1.1" 200 5010 "http://localhost:3000/" "Mozilla/5.0 (Windows NT 10.0; Win64; x64) AppleWebKit/537.36 (KHTML, like Gecko) Chrome/135.0.0.0 Safari/537.36"
54.86.50.139 - - [13/Apr/2025:16:12:23 +0000] "GET /api-nodejs/users?page=1&search=anhatst2112&grade=&roles=student&className=&limit=50&phone HTTP/1.1" 200 622 "-" "PostmanRuntime/7.43.3"
116.96.77.176 - - [13/Apr/2025:16:12:34 +0000] "OPTIONS /api-nodejs/users?page=1&search=dung&grade=11&roles=&className=11A1&limit=500&phone= HTTP/1.1" 204 0 "http://localhost:3000/" "Mozilla/5.0 (Windows NT 10.0; Win64; x64) AppleWebKit/537.36 (KHTML, like Gecko) Chrome/135.0.0.0 Safari/537.36"
116.96.77.176 - - [13/Apr/2025:16:12:34 +0000] "GET /api-nodejs/users?page=1&search=dung&grade=11&roles=&className=11A1&limit=500&phone= HTTP/1.1" 200 5010 "http://localhost:3000/" "Mozilla/5.0 (Windows NT 10.0; Win64; x64) AppleWebKit/537.36 (KHTML, like Gecko) Chrome/135.0.0.0 Safari/537.36"
116.96.77.176 - - [13/Apr/2025:16:12:44 +0000] "OPTIONS /api-nodejs/users?page=1&search=dung&grade=11&roles=&className=11A1&limit=500&phone= HTTP/1.1" 204 0 "http://localhost:3000/" "Mozilla/5.0 (Windows NT 10.0; Win64; x64) AppleWebKit/537.36 (KHTML, like Gecko) Chrome/135.0.0.0 Safari/537.36"
116.96.77.176 - - [13/Apr/2025:16:12:44 +0000] "GET /api-nodejs/users?page=1&search=dung&grade=11&roles=&className=11A1&limit=500&phone= HTTP/1.1" 200 5010 "http://localhost:3000/" "Mozilla/5.0 (Windows NT 10.0; Win64; x64) AppleWebKit/537.36 (KHTML, like Gecko) Chrome/135.0.0.0 Safari/537.36"
116.96.77.176 - - [13/Apr/2025:16:13:15 +0000] "OPTIONS /api-nodejs/users?page=1&search=dung&grade=11&roles=&className=11A1&limit=500&phone=971444254 HTTP/1.1" 204 0 "http://localhost:3000/" "Mozilla/5.0 (Windows NT 10.0; Win64; x64) AppleWebKit/537.36 (KHTML, like Gecko) Chrome/135.0.0.0 Safari/537.36"
116.96.77.176 - - [13/Apr/2025:16:13:16 +0000] "GET /api-nodejs/users?page=1&search=dung&grade=11&roles=&className=11A1&limit=500&phone=971444254 HTTP/1.1" 200 613 "http://localhost:3000/" "Mozilla/5.0 (Windows NT 10.0; Win64; x64) AppleWebKit/537.36 (KHTML, like Gecko) Chrome/135.0.0.0 Safari/537.36"
116.96.77.176 - - [13/Apr/2025:16:13:19 +0000] "OPTIONS /api-nodejs/users?page=1&search=dung&grade=11&roles=&className=11A1&limit=500&phone= HTTP/1.1" 204 0 "http://localhost:3000/" "Mozilla/5.0 (Windows NT 10.0; Win64; x64) AppleWebKit/537.36 (KHTML, like Gecko) Chrome/135.0.0.0 Safari/537.36"
116.96.77.176 - - [13/Apr/2025:16:13:19 +0000] "GET /api-nodejs/users?page=1&search=dung&grade=11&roles=&className=11A1&limit=500&phone= HTTP/1.1" 200 5010 "http://localhost:3000/" "Mozilla/5.0 (Windows NT 10.0; Win64; x64) AppleWebKit/537.36 (KHTML, like Gecko) Chrome/135.0.0.0 Safari/537.36"
54.86.50.139 - - [13/Apr/2025:16:13:28 +0000] "GET /api-nodejs/users?page=1&search=D%C5%A9ng&grade=&roles=student&className=&limit=50&phone HTTP/1.1" 200 91 "-" "PostmanRuntime/7.43.3"
54.86.50.139 - - [13/Apr/2025:16:13:36 +0000] "GET /api-nodejs/users?page=1&search=dung&grade=&roles=student&className=&limit=50&phone HTTP/1.1" 200 3777 "-" "PostmanRuntime/7.43.3"
54.86.50.139 - - [13/Apr/2025:16:14:26 +0000] "GET /api-nodejs/users?page=1&search=dung&grade=11&roles=student&className=&limit=50&phone HTTP/1.1" 200 612 "-" "PostmanRuntime/7.43.3"
54.86.50.139 - - [13/Apr/2025:16:14:41 +0000] "GET /api-nodejs/users?page=1&search=dung&grade=11&roles=student&className=11A1&limit=50&phone HTTP/1.1" 200 612 "-" "PostmanRuntime/7.43.3"
54.86.50.139 - - [13/Apr/2025:16:15:31 +0000] "GET /api-nodejs/users?page=1&search=dung&grade=11&roles=&className=11A1&limit=50&phone HTTP/1.1" 200 5009 "-" "PostmanRuntime/7.43.3"
116.96.77.176 - - [13/Apr/2025:16:22:16 +0000] "OPTIONS /api-nodejs/auth/refresh-token HTTP/1.1" 204 0 "http://localhost:3000/" "Mozilla/5.0 (Windows NT 10.0; Win64; x64) AppleWebKit/537.36 (KHTML, like Gecko) Chrome/135.0.0.0 Safari/537.36"
116.96.77.176 - - [13/Apr/2025:16:22:16 +0000] "OPTIONS /api-nodejs/auth/refresh-token HTTP/1.1" 204 0 "http://localhost:3000/" "Mozilla/5.0 (Windows NT 10.0; Win64; x64) AppleWebKit/537.36 (KHTML, like Gecko) Chrome/135.0.0.0 Safari/537.36"
116.96.77.176 - - [13/Apr/2025:16:22:16 +0000] "POST /api-nodejs/auth/refresh-token HTTP/1.1" 200 402 "http://localhost:3000/" "Mozilla/5.0 (Windows NT 10.0; Win64; x64) AppleWebKit/537.36 (KHTML, like Gecko) Chrome/135.0.0.0 Safari/537.36"
116.96.77.176 - - [13/Apr/2025:16:22:16 +0000] "POST /api-nodejs/auth/refresh-token HTTP/1.1" 200 402 "http://localhost:3000/" "Mozilla/5.0 (Windows NT 10.0; Win64; x64) AppleWebKit/537.36 (KHTML, like Gecko) Chrome/135.0.0.0 Safari/537.36"
173.252.95.13 - - [13/Apr/2025:16:24:51 +0000] "GET /api-nodejs/users/create HTTP/1.1" 401 117 "-" "facebookexternalhit/1.1 (+http://www.facebook.com/externalhit_uatext.php)"
116.96.77.176 - - [13/Apr/2025:16:25:22 +0000] "GET /api-nodejs/users/create?fbclid=IwY2xjawJoxMJleHRuA2FlbQIxMAABHj7UR-YLcnpjp5TyOPOWz8Rjg4Yj-ILXRpIoIxFBv1jcveTJ0RUM6p661016_aem_IwvSMW2WVcL4fCYIOVmfgw HTTP/1.1" 401 117 "https://l.facebook.com/" "Mozilla/5.0 (Windows NT 10.0; Win64; x64) AppleWebKit/537.36 (KHTML, like Gecko) Chrome/135.0.0.0 Safari/537.36"
154.81.156.34 - - [13/Apr/2025:16:25:53 +0000] "GET / HTTP/1.1" 200 858 "-" "Mozilla/5.0 (Windows NT 10.0; Win64; x64) AppleWebKit/537.36 (KHTML, like Gecko) Chrome/90.0.4430.85 Safari/537.36 Edg/90.0.818.46"
154.81.156.35 - - [13/Apr/2025:16:33:52 +0000] "GET / HTTP/1.1" 200 858 "-" "Mozilla/5.0 (Windows NT 10.0; Win64; x64) AppleWebKit/537.36 (KHTML, like Gecko) Chrome/90.0.4430.85 Safari/537.36 Edg/90.0.818.46"
173.252.95.114 - - [13/Apr/2025:16:35:43 +0000] "GET /api-nodejs/users/create HTTP/1.1" 401 117 "-" "facebookexternalhit/1.1 (+http://www.facebook.com/externalhit_uatext.php)"
35.195.72.149 - - [13/Apr/2025:16:35:50 +0000] "GET / HTTP/1.1" 200 858 "-" "python-requests/2.32.3"
54.86.50.139 - - [13/Apr/2025:16:37:12 +0000] "POST /api-nodejs/auth/login HTTP/1.1" 401 97 "-" "PostmanRuntime/7.43.3"
54.86.50.139 - - [13/Apr/2025:16:39:57 +0000] "POST /api-nodejs/auth/login HTTP/1.1" 200 461 "-" "PostmanRuntime/7.43.3"
54.86.50.139 - - [13/Apr/2025:16:40:11 +0000] "POST /api-python/db/init HTTP/1.1" 200 153 "-" "PostmanRuntime/7.43.3"
88.100.231.23 - - [13/Apr/2025:16:42:44 +0000] "GET / HTTP/1.0" 200 1711 "-" "-"
54.86.50.139 - - [13/Apr/2025:16:46:12 +0000] "GET /api-nodejs/students?page=1&limit=10&search=%C3%81nh&classId=&className=&batchId=&batchYear= HTTP/1.1" 200 6900 "-" "PostmanRuntime/7.43.3"
54.86.50.139 - - [13/Apr/2025:16:46:50 +0000] "GET /api-nodejs/users?page=1&search=%C3%81nh&grade=11&roles=&className=11A1&limit=50&phone HTTP/1.1" 200 91 "-" "PostmanRuntime/7.43.3"
54.86.50.139 - - [13/Apr/2025:16:46:56 +0000] "GET /api-nodejs/users?page=1&search=%C3%81nh&grade=&roles=&className=&limit=50&phone HTTP/1.1" 200 91 "-" "PostmanRuntime/7.43.3"
54.86.50.139 - - [13/Apr/2025:16:47:05 +0000] "GET /api-nodejs/users?page=1&search=%C3%81nh&grade=&roles=&className=&limit=10&phone HTTP/1.1" 200 91 "-" "PostmanRuntime/7.43.3"
54.86.50.139 - - [13/Apr/2025:16:47:11 +0000] "GET /api-nodejs/users?page=1&search=&grade=&roles=&className=&limit=10&phone HTTP/1.1" 200 5092 "-" "PostmanRuntime/7.43.3"
54.86.50.139 - - [13/Apr/2025:16:47:24 +0000] "GET /api-nodejs/users?page=1&search=%C3%81nh&grade=&roles=&className=&limit=10&phone HTTP/1.1" 200 91 "-" "PostmanRuntime/7.43.3"
54.86.50.139 - - [13/Apr/2025:16:47:29 +0000] "GET /api-nodejs/users?page=1&search=&grade=&roles=&className=&limit=10&phone HTTP/1.1" 200 5092 "-" "PostmanRuntime/7.43.3"
54.86.50.139 - - [13/Apr/2025:16:49:00 +0000] "GET /api-nodejs/users?page=1&search=anh&grade=&roles=&className=&limit=10&phone HTTP/1.1" 200 5458 "-" "PostmanRuntime/7.43.3"
54.86.50.139 - - [13/Apr/2025:16:49:41 +0000] "PUT /api-nodejs/students/112 HTTP/1.1" 500 164 "-" "PostmanRuntime/7.43.3"
54.86.50.139 - - [13/Apr/2025:16:50:03 +0000] "PUT /api-nodejs/students/112 HTTP/1.1" 200 653 "-" "PostmanRuntime/7.43.3"
54.86.50.139 - - [13/Apr/2025:16:50:27 +0000] "PUT /api-nodejs/students/112 HTTP/1.1" 200 670 "-" "PostmanRuntime/7.43.3"
54.86.50.139 - - [13/Apr/2025:16:50:45 +0000] "GET /api-nodejs/students?page=1&limit=10&search=%C3%81nh&classId=&className=&batchId=&batchYear= HTTP/1.1" 200 6984 "-" "PostmanRuntime/7.43.3"
54.86.50.139 - - [13/Apr/2025:16:51:20 +0000] "GET /api-nodejs/users?page=1&search=anhatst2112&grade=&roles=&className=&limit=10&phone HTTP/1.1" 200 662 "-" "PostmanRuntime/7.43.3"
54.86.50.139 - - [13/Apr/2025:16:51:28 +0000] "GET /api-nodejs/users?page=1&search=anhatst2112&grade=&roles=&className=&limit=10&phone HTTP/1.1" 200 662 "-" "PostmanRuntime/7.43.3"
54.86.50.139 - - [13/Apr/2025:16:51:43 +0000] "GET /api-nodejs/students?page=1&limit=10&search=anhatst2112&classId=&className=&batchId=&batchYear= HTTP/1.1" 200 766 "-" "PostmanRuntime/7.43.3"
179.43.175.246 - - [13/Apr/2025:16:58:51 +0000] "GET / HTTP/1.1" 200 1711 "-" "Hello World/1.0"
54.86.50.139 - - [13/Apr/2025:17:01:37 +0000] "PUT /api-nodejs/students/112 HTTP/1.1" 200 670 "-" "PostmanRuntime/7.43.3"
54.86.50.139 - - [13/Apr/2025:17:01:56 +0000] "PUT /api-nodejs/students/112 HTTP/1.1" 200 670 "-" "PostmanRuntime/7.43.3"
54.86.50.139 - - [13/Apr/2025:17:02:29 +0000] "PUT /api-nodejs/students/112 HTTP/1.1" 200 629 "-" "PostmanRuntime/7.43.3"
54.86.50.139 - - [13/Apr/2025:17:03:36 +0000] "GET /api-nodejs/users?page=1&search=anhatst2112&grade=&roles=parent&className=&limit=10&phone HTTP/1.1" 200 91 "-" "PostmanRuntime/7.43.3"
54.86.50.139 - - [13/Apr/2025:17:03:43 +0000] "GET /api-nodejs/users?page=1&search=&grade=&roles=parent&className=&limit=10&phone HTTP/1.1" 200 6377 "-" "PostmanRuntime/7.43.3"
54.86.50.139 - - [13/Apr/2025:17:04:31 +0000] "GET /api-nodejs/users?page=1&search=&grade=&roles=parent&className=11A3&limit=10&phone HTTP/1.1" 200 6448 "-" "PostmanRuntime/7.43.3"
54.86.50.139 - - [13/Apr/2025:17:05:27 +0000] "GET /api-nodejs/users?page=1&search=&grade=&roles=parent&className=11A3&limit=50&phone HTTP/1.1" 200 17995 "-" "PostmanRuntime/7.43.3"
54.86.50.139 - - [13/Apr/2025:17:22:47 +0000] "PUT /api-nodejs/teachers/3 HTTP/1.1" 200 428 "-" "PostmanRuntime/7.43.3"
54.86.50.139 - - [13/Apr/2025:17:23:02 +0000] "PUT /api-nodejs/teachers/1 HTTP/1.1" 200 428 "-" "PostmanRuntime/7.43.3"
54.86.50.139 - - [13/Apr/2025:17:24:08 +0000] "PUT /api-nodejs/teachers/1 HTTP/1.1" 200 428 "-" "PostmanRuntime/7.43.3"
54.86.50.139 - - [13/Apr/2025:17:24:15 +0000] "PUT /api-nodejs/teachers/1 HTTP/1.1" 200 415 "-" "PostmanRuntime/7.43.3"
54.86.50.139 - - [13/Apr/2025:17:24:41 +0000] "GET /api-nodejs/teachers?page=1&limit=&search=&className= HTTP/1.1" 200 4498 "-" "PostmanRuntime/7.43.3"
54.86.50.139 - - [13/Apr/2025:17:25:05 +0000] "PUT /api-nodejs/teachers/1 HTTP/1.1" 200 419 "-" "PostmanRuntime/7.43.3"
54.86.50.139 - - [13/Apr/2025:17:25:12 +0000] "GET /api-nodejs/teachers?page=1&limit=&search=&className= HTTP/1.1" 200 4502 "-" "PostmanRuntime/7.43.3"
3.236.208.110 - - [13/Apr/2025:17:27:28 +0000] "GET /api-nodejs/teachers?page=1&limit=&search=&className= HTTP/1.1" 401 117 "-" "got (https://github.com/sindresorhus/got)"
100.26.34.111 - - [13/Apr/2025:17:29:48 +0000] "GET /api-nodejs/teachers?page=1&limit=&search=&className= HTTP/1.1" 401 117 "-" "got (https://github.com/sindresorhus/got)"
5.183.209.244 - - [13/Apr/2025:17:30:02 +0000] "GET / HTTP/1.1" 200 1711 "-" "-"
5.183.209.244 - - [13/Apr/2025:17:30:03 +0000] "PUT /v1/agent/service/register  HTTP/1.1" 400 157 "-" "-"
185.196.11.109 - - [13/Apr/2025:17:32:18 +0000] "\x16\x03\x01\x02\x00\x01\x00\x01\xFC\x03\x03\x1A&8\xD3y\xA7X.\x98\xE7\x06\x1C\xE7\xB6a\xDCE\x06\x18\xCA\x5Cf\xCA\xFDe\xF9\xB2t\x9A\xA5_\xEA \x1FE\x1FI\xCDq`{\x81\xFA\x0B\x14\x1C\x8B+)T|\xC7{\xDC\xE6\x0F\xFA\x14\x8AG\x84\xBA<\xEC\xA7\x00\xAE\x13\x02\x13\x03\x13\x01\xC0,\xC00\x00\xA3\x00\x9F\xCC\xA9\xCC\xA8\xCC\xAA\xC0\xAF\xC0\xAD\xC0\xA3\xC0\x9F\xC0]\xC0a\xC0W\xC0S\x00\xA7\xC0+\xC0/\x00\xA2\x00\x9E\xC0\xAE\xC0\xAC\xC0\xA2\xC0\x9E\xC0\x5C\xC0`\xC0V\xC0R\x00\xA6\xC0$\xC0(\x00k\x00j\xC0s\xC0w\x00\xC4\x00\xC3\x00m\x00\xC5\xC0#\xC0'\x00g\x00@\xC0r\xC0v\x00\xBE\x00\xBD\x00l\x00\xBF\xC0" 400 157 "-" "-"
185.196.11.109 - - [13/Apr/2025:17:32:18 +0000] "GET / HTTP/1.1" 200 1711 "-" "Mozilla/5.0 (Windows NT 10.0; Win64; x64) AppleWebKit/537.36 (KHTML, like Gecko) Chrome/118.0.0.0 Safari/537.36"
185.196.11.109 - - [13/Apr/2025:17:32:21 +0000] "GET /favicon.ico HTTP/1.1" 200 3870 "-" "Mozilla/5.0 (Windows NT 10.0; Win64; x64) AppleWebKit/537.36 (KHTML, like Gecko) Chrome/118.0.0.0 Safari/537.36"
54.86.50.139 - - [13/Apr/2025:17:32:28 +0000] "PUT /api-nodejs/teachers/1 HTTP/1.1" 401 87 "-" "PostmanRuntime/7.43.3"
54.86.50.139 - - [13/Apr/2025:17:32:37 +0000] "PUT /api-nodejs/teachers/1 HTTP/1.1" 401 87 "-" "PostmanRuntime/7.43.3"
54.86.50.139 - - [13/Apr/2025:17:32:44 +0000] "PUT /api-nodejs/students/112 HTTP/1.1" 401 87 "-" "PostmanRuntime/7.43.3"
118.68.26.238 - - [13/Apr/2025:17:32:58 +0000] "GET / HTTP/1.1" 304 0 "-" "Mozilla/5.0 (Windows NT 10.0; Win64; x64) AppleWebKit/537.36 (KHTML, like Gecko) Chrome/135.0.0.0 Safari/537.36 Edg/135.0.0.0"
118.68.26.238 - - [13/Apr/2025:17:32:58 +0000] "GET /static/js/bundle.js HTTP/1.1" 304 0 "http://fams.io.vn/" "Mozilla/5.0 (Windows NT 10.0; Win64; x64) AppleWebKit/537.36 (KHTML, like Gecko) Chrome/135.0.0.0 Safari/537.36 Edg/135.0.0.0"
54.86.50.139 - - [13/Apr/2025:17:33:19 +0000] "POST /api-python/db/init HTTP/1.1" 200 153 "-" "PostmanRuntime/7.43.3"
54.86.50.139 - - [13/Apr/2025:17:33:33 +0000] "GET /api-nodejs/users?page=1&search=&grade=&roles=parent&className=11A3&limit=50&phone HTTP/1.1" 200 91 "-" "PostmanRuntime/7.43.3"
154.81.156.35 - - [13/Apr/2025:17:35:30 +0000] "GET / HTTP/1.1" 200 858 "-" "Mozilla/5.0 (Windows NT 10.0; Win64; x64) AppleWebKit/537.36 (KHTML, like Gecko) Chrome/90.0.4430.85 Safari/537.36 Edg/90.0.818.46"
54.86.50.139 - - [13/Apr/2025:17:36:53 +0000] "GET /api-nodejs/users?page=1&search=&grade=&roles=parent&className=11A3&limit=50&phone HTTP/1.1" 200 17830 "-" "PostmanRuntime/7.43.3"
54.86.50.139 - - [13/Apr/2025:17:37:00 +0000] "PUT /api-nodejs/teachers/1 HTTP/1.1" 200 419 "-" "PostmanRuntime/7.43.3"
54.86.50.139 - - [13/Apr/2025:17:37:15 +0000] "PUT /api-nodejs/teachers/4 HTTP/1.1" 200 422 "-" "PostmanRuntime/7.43.3"
54.86.50.139 - - [13/Apr/2025:17:37:45 +0000] "PUT /api-nodejs/teachers/4 HTTP/1.1" 200 422 "-" "PostmanRuntime/7.43.3"
54.86.50.139 - - [13/Apr/2025:17:41:42 +0000] "PUT /api-nodejs/teachers/4 HTTP/1.1" 200 463 "-" "PostmanRuntime/7.43.3"
54.86.50.139 - - [13/Apr/2025:17:41:58 +0000] "PUT /api-nodejs/teachers/ HTTP/1.1" 404 152 "-" "PostmanRuntime/7.43.3"
54.86.50.139 - - [13/Apr/2025:17:42:09 +0000] "PUT /api-nodejs/teachers/6 HTTP/1.1" 200 465 "-" "PostmanRuntime/7.43.3"
54.86.50.139 - - [13/Apr/2025:17:43:35 +0000] "PUT /api-nodejs/teachers/8 HTTP/1.1" 200 466 "-" "PostmanRuntime/7.43.3"
54.86.50.139 - - [13/Apr/2025:17:44:05 +0000] "PUT /api-nodejs/teachers/9 HTTP/1.1" 200 456 "-" "PostmanRuntime/7.43.3"
54.86.50.139 - - [13/Apr/2025:17:59:45 +0000] "DELETE /api-nodejs/users/1 HTTP/1.1" 401 117 "-" "PostmanRuntime/7.43.3"
54.86.50.139 - - [13/Apr/2025:17:59:54 +0000] "DELETE /api-nodejs/users/1 HTTP/1.1" 404 44 "-" "PostmanRuntime/7.43.3"
54.86.50.139 - - [13/Apr/2025:18:00:22 +0000] "DELETE /api-nodejs/users/tuanpx2 HTTP/1.1" 200 26 "-" "PostmanRuntime/7.43.3"
54.86.50.139 - - [13/Apr/2025:18:00:41 +0000] "DELETE /api-nodejs/students/ HTTP/1.1" 404 155 "-" "PostmanRuntime/7.43.3"
54.86.50.139 - - [13/Apr/2025:18:00:53 +0000] "DELETE /api-nodejs/students/1 HTTP/1.1" 200 74 "-" "PostmanRuntime/7.43.3"
54.86.50.139 - - [13/Apr/2025:18:01:03 +0000] "DELETE /api-nodejs/teachers/1 HTTP/1.1" 401 117 "-" "PostmanRuntime/7.43.3"
54.86.50.139 - - [13/Apr/2025:18:01:09 +0000] "DELETE /api-nodejs/teachers/1 HTTP/1.1" 200 120 "-" "PostmanRuntime/7.43.3"
54.86.50.139 - - [13/Apr/2025:18:01:19 +0000] "DELETE /api-nodejs/parents/ HTTP/1.1" 404 154 "-" "PostmanRuntime/7.43.3"
54.86.50.139 - - [13/Apr/2025:18:01:26 +0000] "DELETE /api-nodejs/parents/ HTTP/1.1" 404 154 "-" "PostmanRuntime/7.43.3"
54.86.50.139 - - [13/Apr/2025:18:01:33 +0000] "DELETE /api-nodejs/parents/1 HTTP/1.1" 404 155 "-" "PostmanRuntime/7.43.3"
54.86.50.139 - - [13/Apr/2025:18:01:45 +0000] "DELETE /api-nodejs/parents/1 HTTP/1.1" 404 155 "-" "PostmanRuntime/7.43.3"
54.86.50.139 - - [13/Apr/2025:18:02:21 +0000] "DELETE /api-nodejs/parents/4 HTTP/1.1" 404 155 "-" "PostmanRuntime/7.43.3"
54.86.50.139 - - [13/Apr/2025:18:02:29 +0000] "DELETE /api-nodejs/parents/4 HTTP/1.1" 404 155 "-" "PostmanRuntime/7.43.3"
154.81.156.34 - - [13/Apr/2025:18:06:12 +0000] "GET / HTTP/1.1" 200 858 "-" "Mozilla/5.0 (Windows NT 10.0; Win64; x64) AppleWebKit/537.36 (KHTML, like Gecko) Chrome/90.0.4430.85 Safari/537.36 Edg/90.0.818.46"
54.86.50.139 - - [13/Apr/2025:18:07:13 +0000] "DELETE /api-nodejs/parents/4 HTTP/1.1" 200 145 "-" "PostmanRuntime/7.43.3"
54.86.50.139 - - [13/Apr/2025:18:07:34 +0000] "DELETE /api-nodejs/teachers/ HTTP/1.1" 404 155 "-" "PostmanRuntime/7.43.3"
54.86.50.139 - - [13/Apr/2025:18:07:41 +0000] "DELETE /api-nodejs/teachers/2 HTTP/1.1" 200 120 "-" "PostmanRuntime/7.43.3"
3.236.208.110 - - [13/Apr/2025:18:10:49 +0000] "GET /api-nodejs/teachers?page=1&limit=&search=&className= HTTP/1.1" 401 117 "-" "got (https://github.com/sindresorhus/got)"
100.26.34.111 - - [13/Apr/2025:18:11:13 +0000] "GET /api-nodejs/teachers?page=1&limit=&search=&className= HTTP/1.1" 401 117 "-" "got (https://github.com/sindresorhus/got)"
54.86.50.139 - - [13/Apr/2025:18:16:25 +0000] "DELETE /api-nodejs/teachers/7 HTTP/1.1" 200 281 "-" "PostmanRuntime/7.43.3"
54.86.50.139 - - [13/Apr/2025:18:16:33 +0000] "DELETE /api-nodejs/teachers/8 HTTP/1.1" 200 281 "-" "PostmanRuntime/7.43.3"
118.68.26.238 - - [13/Apr/2025:18:18:03 +0000] "GET /ws HTTP/1.1" 101 6496 "-" "Mozilla/5.0 (Windows NT 10.0; Win64; x64) AppleWebKit/537.36 (KHTML, like Gecko) Chrome/135.0.0.0 Safari/537.36 Edg/135.0.0.0"
105.74.6.219 - - [13/Apr/2025:18:21:23 +0000] "GET / HTTP/1.1" 200 858 "-" "Mozilla/5.0"
154.81.156.35 - - [13/Apr/2025:18:28:00 +0000] "GET / HTTP/1.1" 200 858 "-" "Mozilla/5.0 (Windows NT 10.0; Win64; x64) AppleWebKit/537.36 (KHTML, like Gecko) Chrome/90.0.4430.85 Safari/537.36 Edg/90.0.818.46"
185.242.226.153 - - [13/Apr/2025:18:40:43 +0000] "\x16\x03\x01\x00\x8B\x01\x00\x00\x87\x03\x03\x85\xCF\xA51?\xEBq>\x9AS^\x9D\x89_\x08\xDBO\x85 \xF7{\x82\xD2lj\xC3\xBF\xD3\xE4\xBA\xC8b\x00\x00\x1A\xC0/\xC0+\xC0\x11\xC0\x07\xC0\x13\xC0\x09\xC0\x14\xC0" 400 157 "-" "-"
165.154.105.35 - - [13/Apr/2025:19:09:54 +0000] "GET / HTTP/1.1" 200 1711 "-" "Mozilla/5.0 (Windows NT 10.0; Win64; x64) AppleWebKit/537.36 (KHTML, like Gecko) Chrome/125.0.0.0 Safari/537.36"
165.154.105.35 - - [13/Apr/2025:19:09:55 +0000] "GET //favicon.ico HTTP/1.1" 200 3667 "-" "Go-http-client/1.1"
165.154.105.35 - - [13/Apr/2025:19:09:55 +0000] "GET /robots.txt HTTP/1.1" 200 67 "-" "Go-http-client/1.1"
154.81.156.34 - - [13/Apr/2025:19:14:34 +0000] "GET / HTTP/1.1" 200 858 "-" "Mozilla/5.0 (Windows NT 10.0; Win64; x64) AppleWebKit/537.36 (KHTML, like Gecko) Chrome/90.0.4430.85 Safari/537.36 Edg/90.0.818.46"
154.81.156.54 - - [13/Apr/2025:19:17:29 +0000] "GET / HTTP/1.1" 200 858 "-" "Mozilla/5.0 (Windows NT 10.0; Win64; x64) AppleWebKit/537.36 (KHTML, like Gecko) Chrome/90.0.4430.85 Safari/537.36 Edg/90.0.818.46"
128.199.155.37 - - [13/Apr/2025:19:20:20 +0000] "POST / HTTP/1.1" 404 140 "-" "Mozilla/5.0 (Macintosh;                 Intel Mac OS X 10_10_1) AppleWebKit/537.36 (KHTML,                 like Gecko) Chrome/39.0.2171.95 Safari/537.36"
128.199.155.37 - - [13/Apr/2025:19:20:20 +0000] "GET /vendor/phpunit/phpunit/src/Util/PHP/eval-stdin.php HTTP/1.1" 200 858 "-" "Mozilla/5.0 (Macintosh;                 Intel Mac OS X 10_10_1) AppleWebKit/537.36 (KHTML,                 like Gecko) Chrome/39.0.2171.95 Safari/537.36"
179.43.175.246 - - [13/Apr/2025:19:25:08 +0000] "GET / HTTP/1.1" 200 1711 "-" "Hello World/1.0"
154.81.156.54 - - [13/Apr/2025:19:32:20 +0000] "GET / HTTP/1.1" 200 858 "-" "Mozilla/5.0 (Windows NT 10.0; Win64; x64) AppleWebKit/537.36 (KHTML, like Gecko) Chrome/90.0.4430.85 Safari/537.36 Edg/90.0.818.46"
74.235.160.213 - - [13/Apr/2025:19:37:15 +0000] "MGLNDD_14.225.204.42_80" 400 157 "-" "-"
45.156.128.45 - - [13/Apr/2025:19:43:51 +0000] "GET / HTTP/1.1" 200 858 "-" "Mozilla/5.0 (Windows NT 10.0; Win64; x64) AppleWebKit/537.36 (KHTML, like Gecko) Chrome/60.0.3112.113 Safari/537.36"
45.156.128.131 - - [13/Apr/2025:19:44:15 +0000] "GET /ext-js/app/common/zld_product_spec.js HTTP/1.1" 200 858 "-" "Mozilla/5.0 (Windows NT 10.0; Win64; x64) AppleWebKit/537.36 (KHTML, like Gecko) Chrome/60.0.3112.113 Safari/537.36"
154.81.156.35 - - [13/Apr/2025:19:49:39 +0000] "GET / HTTP/1.1" 200 858 "-" "Mozilla/5.0 (Windows NT 10.0; Win64; x64) AppleWebKit/537.36 (KHTML, like Gecko) Chrome/90.0.4430.85 Safari/537.36 Edg/90.0.818.46"
179.43.175.246 - - [13/Apr/2025:19:49:47 +0000] "GET / HTTP/1.1" 200 1711 "-" "Hello World/1.0"
154.81.156.54 - - [13/Apr/2025:19:54:13 +0000] "GET / HTTP/1.1" 200 858 "-" "Mozilla/5.0 (Windows NT 10.0; Win64; x64) AppleWebKit/537.36 (KHTML, like Gecko) Chrome/90.0.4430.85 Safari/537.36 Edg/90.0.818.46"
185.224.128.90 - - [13/Apr/2025:20:19:56 +0000] "GET /cgi-bin/luci/;stok=/locale HTTP/1.1" 404 165 "-" "-"
154.81.156.54 - - [13/Apr/2025:20:21:46 +0000] "GET / HTTP/1.1" 200 858 "-" "Mozilla/5.0 (Windows NT 10.0; Win64; x64) AppleWebKit/537.36 (KHTML, like Gecko) Chrome/90.0.4430.85 Safari/537.36 Edg/90.0.818.46"
154.81.156.54 - - [13/Apr/2025:20:34:07 +0000] "GET / HTTP/1.1" 200 858 "-" "Mozilla/5.0 (Windows NT 10.0; Win64; x64) AppleWebKit/537.36 (KHTML, like Gecko) Chrome/90.0.4430.85 Safari/537.36 Edg/90.0.818.46"
154.81.156.34 - - [13/Apr/2025:20:42:09 +0000] "GET / HTTP/1.1" 200 858 "-" "Mozilla/5.0 (Windows NT 10.0; Win64; x64) AppleWebKit/537.36 (KHTML, like Gecko) Chrome/90.0.4430.85 Safari/537.36 Edg/90.0.818.46"
154.81.156.35 - - [13/Apr/2025:20:48:40 +0000] "GET / HTTP/1.1" 200 858 "-" "Mozilla/5.0 (Windows NT 10.0; Win64; x64) AppleWebKit/537.36 (KHTML, like Gecko) Chrome/90.0.4430.85 Safari/537.36 Edg/90.0.818.46"
179.43.175.246 - - [13/Apr/2025:20:58:31 +0000] "GET / HTTP/1.1" 200 1711 "-" "Hello World/1.0"
154.81.156.54 - - [13/Apr/2025:21:03:56 +0000] "GET / HTTP/1.1" 200 858 "-" "Mozilla/5.0 (Windows NT 10.0; Win64; x64) AppleWebKit/537.36 (KHTML, like Gecko) Chrome/90.0.4430.85 Safari/537.36 Edg/90.0.818.46"
5.183.209.244 - - [13/Apr/2025:21:07:03 +0000] "GET / HTTP/1.1" 200 1711 "-" "-"
5.183.209.244 - - [13/Apr/2025:21:07:03 +0000] "PUT /v1/agent/service/register  HTTP/1.1" 400 157 "-" "-"
154.81.156.54 - - [13/Apr/2025:21:13:37 +0000] "GET / HTTP/1.1" 200 858 "-" "Mozilla/5.0 (Windows NT 10.0; Win64; x64) AppleWebKit/537.36 (KHTML, like Gecko) Chrome/90.0.4430.85 Safari/537.36 Edg/90.0.818.46"
185.218.86.4 - - [13/Apr/2025:21:17:01 +0000] "GET / HTTP/1.1" 200 858 "-" "Mozilla/5.0 (Windows NT 10.0; Win64; x64) AppleWebKit/537.36 (KHTML, like Gecko) Chrome/90.0.4430.85 Safari/537.36 Edg/90.0.818.46"
66.94.101.167 - - [13/Apr/2025:21:26:29 +0000] "GET /unauth/%252e%252e/php/ztp_gate.php/PAN_help/x.css HTTP/1.1" 404 188 "-" "Mozilla/5.0 (Windows NT 10.0; Win64; x64) AppleWebKit/537.36 (KHTML, like Gecko) Chrome/77.0.3865.120 Safari/537.36"
66.94.101.167 - - [13/Apr/2025:21:26:30 +0000] "GET /bin/get/Main/SolrSearch?media=rss&text=%7d%7d%7d%7b%7basync%20async%3dfalse%7d%7d%7b%7bgroovy%7d%7dprintln(%22cat%20/etc/passwd%22.execute().text)%7b%7b%2fgroovy%7d%7d%7b%7b%2fasync%7d%7d%20 HTTP/1.1" 404 162 "-" "Mozilla/5.0 (Windows NT 10.0; Win64; x64) AppleWebKit/537.36 (KHTML, like Gecko) Chrome/77.0.3865.120 Safari/537.36"
66.94.101.167 - - [13/Apr/2025:21:26:30 +0000] "GET /api/v1/markdown/link:metadata?link=http://localhost:13042 HTTP/1.1" 404 168 "-" "Mozilla/5.0 (Windows NT 10.0; Win64; x64) AppleWebKit/537.36 (KHTML, like Gecko) Chrome/77.0.3865.120 Safari/537.36"
66.94.101.167 - - [13/Apr/2025:21:26:32 +0000] "POST /index.php/display/status_zigbee HTTP/1.1" 404 171 "-" "Mozilla/5.0 (Windows NT 10.0; Win64; x64) AppleWebKit/537.36 (KHTML, like Gecko) Chrome/77.0.3865.120 Safari/537.36"
66.94.101.167 - - [13/Apr/2025:21:26:33 +0000] "POST /wp-admin/admin-ajax.php HTTP/1.1" 404 163 "-" "Mozilla/5.0 (Windows NT 10.0; Win64; x64) AppleWebKit/537.36 (KHTML, like Gecko) Chrome/77.0.3865.120 Safari/537.36"
66.94.101.167 - - [13/Apr/2025:21:26:34 +0000] "GET /goanywhere/images/..;/wizard/InitialAccountSetup.xhtml HTTP/1.1" 404 193 "-" "Mozilla/5.0 (Windows NT 10.0; Win64; x64) AppleWebKit/537.36 (KHTML, like Gecko) Chrome/77.0.3865.120 Safari/537.36"
66.94.101.167 - - [13/Apr/2025:21:26:35 +0000] "GET /file=http://oast.pro HTTP/1.1" 404 159 "-" "Mozilla/5.0 (Windows NT 10.0; Win64; x64) AppleWebKit/537.36 (KHTML, like Gecko) Chrome/77.0.3865.120 Safari/537.36"
66.94.101.167 - - [13/Apr/2025:21:26:35 +0000] "GET /filex/read-raw?url=http://oast.me&cut=1 HTTP/1.1" 404 153 "-" "Mozilla/5.0 (Windows NT 10.0; Win64; x64) AppleWebKit/537.36 (KHTML, like Gecko) Chrome/77.0.3865.120 Safari/537.36"
66.94.101.167 - - [13/Apr/2025:21:26:38 +0000] "POST /task/submit/ HTTP/1.1" 404 152 "-" "Mozilla/5.0 (Windows NT 10.0; Win64; x64) AppleWebKit/537.36 (KHTML, like Gecko) Chrome/77.0.3865.120 Safari/537.36"
66.94.101.167 - cslu-windows-client [13/Apr/2025:21:26:38 +0000] "GET /cslu/v1/scheduler/jobs HTTP/1.1" 404 161 "-" "Mozilla/5.0 (Windows NT 10.0; Win64; x64) AppleWebKit/537.36 (KHTML, like Gecko) Chrome/77.0.3865.120 Safari/537.36"
66.94.101.167 - ';ls;' [13/Apr/2025:21:26:39 +0000] "GET /access/set?param=enableapi&value=1 HTTP/1.1" 404 149 "-" "Mozilla/5.0 (Windows NT 10.0; Win64; x64) AppleWebKit/537.36 (KHTML, like Gecko) Chrome/77.0.3865.120 Safari/537.36"
66.94.101.167 - - [13/Apr/2025:21:26:40 +0000] "GET /cslu/v1/var/logs/customer-cslu-lib-log.log HTTP/1.1" 404 181 "-" "Mozilla/5.0 (Windows NT 10.0; Win64; x64) AppleWebKit/537.36 (KHTML, like Gecko) Chrome/77.0.3865.120 Safari/537.36"
66.94.101.167 - - [13/Apr/2025:21:26:41 +0000] "GET /render/info.html HTTP/1.1" 404 155 "-" "Mozilla/5.0 (Windows NT 10.0; Win64; x64) AppleWebKit/537.36 (KHTML, like Gecko) Chrome/77.0.3865.120 Safari/537.36"
66.94.101.167 - helpdeskIntegrationUser [13/Apr/2025:21:26:43 +0000] "GET /classes/common/busiFacade.php HTTP/1.1" 404 168 "-" "Mozilla/5.0 (Windows NT 10.0; Win64; x64) AppleWebKit/537.36 (KHTML, like Gecko) Chrome/77.0.3865.120 Safari/537.36"
66.94.101.167 - - [13/Apr/2025:21:26:44 +0000] "POST /clients/MyCRL HTTP/1.1" 404 153 "-" "Mozilla/5.0 (Windows NT 10.0; Win64; x64) AppleWebKit/537.36 (KHTML, like Gecko) Chrome/77.0.3865.120 Safari/537.36"
66.94.101.167 - - [13/Apr/2025:21:26:46 +0000] "GET /Admin/Admin.aspx HTTP/1.1" 404 155 "-" "Mozilla/5.0 (Windows NT 10.0; Win64; x64) AppleWebKit/537.36 (KHTML, like Gecko) Chrome/77.0.3865.120 Safari/537.36"
66.94.101.167 - - [13/Apr/2025:21:26:46 +0000] "GET /?p=3232&wp_automatic=download&link=file:///etc/passwd HTTP/1.1" 200 1711 "-" "Mozilla/5.0 (Windows NT 10.0; Win64; x64) AppleWebKit/537.36 (KHTML, like Gecko) Chrome/77.0.3865.120 Safari/537.36"
66.94.101.167 - - [13/Apr/2025:21:26:49 +0000] "GET /system/config_menu.htm HTTP/1.1" 404 161 "-" "Mozilla/5.0 (Windows NT 10.0; Win64; x64) AppleWebKit/537.36 (KHTML, like Gecko) Chrome/77.0.3865.120 Safari/537.36"
66.94.101.167 - - [13/Apr/2025:21:26:49 +0000] "GET /device/config HTTP/1.1" 404 152 "-" "Mozilla/5.0 (Windows NT 10.0; Win64; x64) AppleWebKit/537.36 (KHTML, like Gecko) Chrome/77.0.3865.120 Safari/537.36"
66.94.101.167 - - [13/Apr/2025:21:26:51 +0000] "GET /interview?i=/etc/passwd HTTP/1.1" 404 148 "-" "Mozilla/5.0 (Windows NT 10.0; Win64; x64) AppleWebKit/537.36 (KHTML, like Gecko) Chrome/77.0.3865.120 Safari/537.36"
66.94.101.167 - - [13/Apr/2025:21:26:52 +0000] "GET /file=/etc/passwd HTTP/1.1" 404 155 "-" "Mozilla/5.0 (Windows NT 10.0; Win64; x64) AppleWebKit/537.36 (KHTML, like Gecko) Chrome/77.0.3865.120 Safari/537.36"
66.94.101.167 - - [13/Apr/2025:21:26:52 +0000] "GET /file=c:%5Cwindows%5Cwin.ini HTTP/1.1" 404 166 "-" "Mozilla/5.0 (Windows NT 10.0; Win64; x64) AppleWebKit/537.36 (KHTML, like Gecko) Chrome/77.0.3865.120 Safari/537.36"
66.94.101.167 - - [13/Apr/2025:21:26:53 +0000] "GET /php/ztp_gate.php/.js.map HTTP/1.1" 404 163 "-" "Mozilla/5.0 (Windows NT 10.0; Win64; x64) AppleWebKit/537.36 (KHTML, like Gecko) Chrome/77.0.3865.120 Safari/537.36"
