54.86.50.139 - - [13/Apr/2025:13:41:44 +0000] "GET /api-nodejs/users?page=1&limit=10&search=&grade=&roles=&className=10A3 HTTP/1.1" 200 91 "-" "PostmanRuntime/7.43.3"
54.86.50.139 - - [13/Apr/2025:13:41:51 +0000] "GET /api-nodejs/users?page=1&limit=10&search=&grade=&roles=teacher&className=10A3 HTTP/1.1" 200 91 "-" "PostmanRuntime/7.43.3"
54.86.50.139 - - [13/Apr/2025:13:42:39 +0000] "GET /api-nodejs/users?page=1&limit=10&search=&grade=&roles=&className=10A3 HTTP/1.1" 200 91 "-" "PostmanRuntime/7.43.3"
54.86.50.139 - - [13/Apr/2025:13:42:44 +0000] "GET /api-nodejs/users?page=1&limit=10&search=&grade=&roles=&className= HTTP/1.1" 200 350 "-" "PostmanRuntime/7.43.3"
54.86.50.139 - - [13/Apr/2025:13:43:00 +0000] "GET /api-nodejs/users?page=1&limit=10&search= HTTP/1.1" 200 350 "-" "PostmanRuntime/7.43.3"
54.86.50.139 - - [13/Apr/2025:13:43:05 +0000] "GET /api-nodejs/students?page=1&limit=10&search=Th%C3%A0nh&classId=&className=10A1&batchId=&batchYear=2023-2026 HTTP/1.1" 200 36 "-" "PostmanRuntime/7.43.3"
54.86.50.139 - - [13/Apr/2025:13:43:26 +0000] "GET /api-nodejs/teachers?page=1&limit=&search=&className= HTTP/1.1" 200 36 "-" "PostmanRuntime/7.43.3"
54.86.50.139 - - [13/Apr/2025:13:43:45 +0000] "GET /api-nodejs/users?page=1&limit=10&search= HTTP/1.1" 200 350 "-" "PostmanRuntime/7.43.3"
54.86.50.139 - - [13/Apr/2025:13:43:51 +0000] "GET /api-nodejs/students?page=1&limit=10&search=Th%C3%A0nh&classId=&className=10A1&batchId=&batchYear=2023-2026 HTTP/1.1" 200 36 "-" "PostmanRuntime/7.43.3"
54.86.50.139 - - [13/Apr/2025:13:43:56 +0000] "GET /api-nodejs/students?page=1&limit=10&search=Th%C3%A0nh&classId=&className=&batchId=&batchYear= HTTP/1.1" 200 36 "-" "PostmanRuntime/7.43.3"
54.86.50.139 - - [13/Apr/2025:13:48:31 +0000] "GET /api-nodejs/users?page=1&limit=10&search= HTTP/1.1" 200 5092 "-" "PostmanRuntime/7.43.3"
54.86.50.139 - - [13/Apr/2025:13:48:43 +0000] "GET /api-nodejs/students?page=1&limit=10&search=Th%C3%A0nh&classId=&className=&batchId=&batchYear= HTTP/1.1" 200 6812 "-" "PostmanRuntime/7.43.3"
54.86.50.139 - - [13/Apr/2025:13:48:48 +0000] "GET /api-nodejs/teachers?page=1&limit=&search=&className= HTTP/1.1" 200 4516 "-" "PostmanRuntime/7.43.3"
212.102.33.143 - - [13/Apr/2025:13:48:52 +0000] "GET / HTTP/1.1" 200 1711 "-" "-"
54.86.50.139 - - [13/Apr/2025:13:48:53 +0000] "GET /api-nodejs/classes?grade=10 HTTP/1.1" 200 479 "-" "PostmanRuntime/7.43.3"
116.96.77.176 - - [13/Apr/2025:13:50:59 +0000] "OPTIONS /api-nodejs/auth/login HTTP/1.1" 204 0 "http://localhost:3000/" "Mozilla/5.0 (Windows NT 10.0; Win64; x64) AppleWebKit/537.36 (KHTML, like Gecko) Chrome/135.0.0.0 Safari/537.36"
116.96.77.176 - - [13/Apr/2025:13:50:59 +0000] "POST /api-nodejs/auth/login HTTP/1.1" 200 461 "http://localhost:3000/" "Mozilla/5.0 (Windows NT 10.0; Win64; x64) AppleWebKit/537.36 (KHTML, like Gecko) Chrome/135.0.0.0 Safari/537.36"
116.96.77.176 - - [13/Apr/2025:13:51:02 +0000] "OPTIONS /api-nodejs/users HTTP/1.1" 204 0 "http://localhost:3000/" "Mozilla/5.0 (Windows NT 10.0; Win64; x64) AppleWebKit/537.36 (KHTML, like Gecko) Chrome/135.0.0.0 Safari/537.36"
116.96.77.176 - - [13/Apr/2025:13:51:02 +0000] "OPTIONS /api-nodejs/users HTTP/1.1" 204 0 "http://localhost:3000/" "Mozilla/5.0 (Windows NT 10.0; Win64; x64) AppleWebKit/537.36 (KHTML, like Gecko) Chrome/135.0.0.0 Safari/537.36"
116.96.77.176 - - [13/Apr/2025:13:51:02 +0000] "GET /api-nodejs/users HTTP/1.1" 200 5092 "http://localhost:3000/" "Mozilla/5.0 (Windows NT 10.0; Win64; x64) AppleWebKit/537.36 (KHTML, like Gecko) Chrome/135.0.0.0 Safari/537.36"
116.96.77.176 - - [13/Apr/2025:13:51:02 +0000] "GET /api-nodejs/users HTTP/1.1" 200 5092 "http://localhost:3000/" "Mozilla/5.0 (Windows NT 10.0; Win64; x64) AppleWebKit/537.36 (KHTML, like Gecko) Chrome/135.0.0.0 Safari/537.36"
118.68.26.238 - - [13/Apr/2025:13:52:18 +0000] "GET / HTTP/1.1" 304 0 "-" "Mozilla/5.0 (Windows NT 10.0; Win64; x64) AppleWebKit/537.36 (KHTML, like Gecko) Chrome/135.0.0.0 Safari/537.36 Edg/135.0.0.0"
118.68.26.238 - - [13/Apr/2025:13:52:18 +0000] "GET /static/js/bundle.js HTTP/1.1" 304 0 "http://fams.io.vn/" "Mozilla/5.0 (Windows NT 10.0; Win64; x64) AppleWebKit/537.36 (KHTML, like Gecko) Chrome/135.0.0.0 Safari/537.36 Edg/135.0.0.0"
118.68.26.238 - - [13/Apr/2025:13:52:26 +0000] "GET /ws HTTP/1.1" 101 1228 "-" "Mozilla/5.0 (Windows NT 10.0; Win64; x64) AppleWebKit/537.36 (KHTML, like Gecko) Chrome/135.0.0.0 Safari/537.36 Edg/135.0.0.0"
54.86.50.139 - - [13/Apr/2025:13:53:23 +0000] "GET /api-nodejs/classes?grade=10 HTTP/1.1" 200 479 "-" "PostmanRuntime/7.43.3"
54.86.50.139 - - [13/Apr/2025:13:57:30 +0000] "POST /api-nodejs/auth/login HTTP/1.1" 200 461 "-" "PostmanRuntime/7.43.3"
54.86.50.139 - - [13/Apr/2025:13:57:58 +0000] "POST /api-nodejs/auth/refresh-token HTTP/1.1" 200 402 "-" "PostmanRuntime/7.43.3"
116.96.77.176 - - [13/Apr/2025:14:02:38 +0000] "OPTIONS /api-nodejs/auth/refresh-token HTTP/1.1" 204 0 "http://localhost:3000/" "Mozilla/5.0 (Windows NT 10.0; Win64; x64) AppleWebKit/537.36 (KHTML, like Gecko) Chrome/135.0.0.0 Safari/537.36"
116.96.77.176 - - [13/Apr/2025:14:02:38 +0000] "POST /api-nodejs/auth/refresh-token HTTP/1.1" 200 402 "http://localhost:3000/" "Mozilla/5.0 (Windows NT 10.0; Win64; x64) AppleWebKit/537.36 (KHTML, like Gecko) Chrome/135.0.0.0 Safari/537.36"
116.96.77.176 - - [13/Apr/2025:14:02:46 +0000] "OPTIONS /api-nodejs/auth/login HTTP/1.1" 204 0 "http://localhost:3000/" "Mozilla/5.0 (Windows NT 10.0; Win64; x64) AppleWebKit/537.36 (KHTML, like Gecko) Chrome/135.0.0.0 Safari/537.36"
116.96.77.176 - - [13/Apr/2025:14:02:47 +0000] "POST /api-nodejs/auth/login HTTP/1.1" 200 461 "http://localhost:3000/" "Mozilla/5.0 (Windows NT 10.0; Win64; x64) AppleWebKit/537.36 (KHTML, like Gecko) Chrome/135.0.0.0 Safari/537.36"
116.96.77.176 - - [13/Apr/2025:14:02:49 +0000] "OPTIONS /api-nodejs/users HTTP/1.1" 204 0 "http://localhost:3000/" "Mozilla/5.0 (Windows NT 10.0; Win64; x64) AppleWebKit/537.36 (KHTML, like Gecko) Chrome/135.0.0.0 Safari/537.36"
116.96.77.176 - - [13/Apr/2025:14:02:49 +0000] "OPTIONS /api-nodejs/users HTTP/1.1" 204 0 "http://localhost:3000/" "Mozilla/5.0 (Windows NT 10.0; Win64; x64) AppleWebKit/537.36 (KHTML, like Gecko) Chrome/135.0.0.0 Safari/537.36"
116.96.77.176 - - [13/Apr/2025:14:02:49 +0000] "GET /api-nodejs/users HTTP/1.1" 200 5092 "http://localhost:3000/" "Mozilla/5.0 (Windows NT 10.0; Win64; x64) AppleWebKit/537.36 (KHTML, like Gecko) Chrome/135.0.0.0 Safari/537.36"
116.96.77.176 - - [13/Apr/2025:14:02:49 +0000] "GET /api-nodejs/users HTTP/1.1" 200 5092 "http://localhost:3000/" "Mozilla/5.0 (Windows NT 10.0; Win64; x64) AppleWebKit/537.36 (KHTML, like Gecko) Chrome/135.0.0.0 Safari/537.36"
154.81.156.35 - - [13/Apr/2025:14:03:23 +0000] "GET / HTTP/1.1" 200 858 "-" "Mozilla/5.0 (Windows NT 10.0; Win64; x64) AppleWebKit/537.36 (KHTML, like Gecko) Chrome/90.0.4430.85 Safari/537.36 Edg/90.0.818.46"
116.96.77.176 - - [13/Apr/2025:14:04:28 +0000] "OPTIONS /api-nodejs/auth/refresh-token HTTP/1.1" 204 0 "http://localhost:3000/" "Mozilla/5.0 (Windows NT 10.0; Win64; x64) AppleWebKit/537.36 (KHTML, like Gecko) Chrome/135.0.0.0 Safari/537.36"
116.96.77.176 - - [13/Apr/2025:14:04:28 +0000] "POST /api-nodejs/auth/refresh-token HTTP/1.1" 200 402 "http://localhost:3000/" "Mozilla/5.0 (Windows NT 10.0; Win64; x64) AppleWebKit/537.36 (KHTML, like Gecko) Chrome/135.0.0.0 Safari/537.36"
116.96.77.176 - - [13/Apr/2025:14:04:35 +0000] "OPTIONS /api-nodejs/auth/login HTTP/1.1" 204 0 "http://localhost:3000/" "Mozilla/5.0 (Windows NT 10.0; Win64; x64) AppleWebKit/537.36 (KHTML, like Gecko) Chrome/135.0.0.0 Safari/537.36"
116.96.77.176 - - [13/Apr/2025:14:04:35 +0000] "POST /api-nodejs/auth/login HTTP/1.1" 200 461 "http://localhost:3000/" "Mozilla/5.0 (Windows NT 10.0; Win64; x64) AppleWebKit/537.36 (KHTML, like Gecko) Chrome/135.0.0.0 Safari/537.36"
116.96.77.176 - - [13/Apr/2025:14:04:38 +0000] "OPTIONS /api-nodejs/users HTTP/1.1" 204 0 "http://localhost:3000/" "Mozilla/5.0 (Windows NT 10.0; Win64; x64) AppleWebKit/537.36 (KHTML, like Gecko) Chrome/135.0.0.0 Safari/537.36"
116.96.77.176 - - [13/Apr/2025:14:04:38 +0000] "OPTIONS /api-nodejs/users HTTP/1.1" 204 0 "http://localhost:3000/" "Mozilla/5.0 (Windows NT 10.0; Win64; x64) AppleWebKit/537.36 (KHTML, like Gecko) Chrome/135.0.0.0 Safari/537.36"
116.96.77.176 - - [13/Apr/2025:14:04:38 +0000] "GET /api-nodejs/users HTTP/1.1" 200 5092 "http://localhost:3000/" "Mozilla/5.0 (Windows NT 10.0; Win64; x64) AppleWebKit/537.36 (KHTML, like Gecko) Chrome/135.0.0.0 Safari/537.36"
116.96.77.176 - - [13/Apr/2025:14:04:38 +0000] "GET /api-nodejs/users HTTP/1.1" 200 5092 "http://localhost:3000/" "Mozilla/5.0 (Windows NT 10.0; Win64; x64) AppleWebKit/537.36 (KHTML, like Gecko) Chrome/135.0.0.0 Safari/537.36"
116.96.77.176 - - [13/Apr/2025:14:05:34 +0000] "OPTIONS /api-nodejs/auth/refresh-token HTTP/1.1" 204 0 "http://localhost:3000/" "Mozilla/5.0 (Windows NT 10.0; Win64; x64) AppleWebKit/537.36 (KHTML, like Gecko) Chrome/135.0.0.0 Safari/537.36"
116.96.77.176 - - [13/Apr/2025:14:05:34 +0000] "POST /api-nodejs/auth/refresh-token HTTP/1.1" 200 402 "http://localhost:3000/" "Mozilla/5.0 (Windows NT 10.0; Win64; x64) AppleWebKit/537.36 (KHTML, like Gecko) Chrome/135.0.0.0 Safari/537.36"
116.96.77.176 - - [13/Apr/2025:14:05:48 +0000] "OPTIONS /api-nodejs/auth/refresh-token HTTP/1.1" 204 0 "http://localhost:3000/" "Mozilla/5.0 (Windows NT 10.0; Win64; x64) AppleWebKit/537.36 (KHTML, like Gecko) Chrome/135.0.0.0 Safari/537.36"
116.96.77.176 - - [13/Apr/2025:14:05:48 +0000] "POST /api-nodejs/auth/refresh-token HTTP/1.1" 401 82 "http://localhost:3000/" "Mozilla/5.0 (Windows NT 10.0; Win64; x64) AppleWebKit/537.36 (KHTML, like Gecko) Chrome/135.0.0.0 Safari/537.36"
116.96.77.176 - - [13/Apr/2025:14:05:52 +0000] "OPTIONS /api-nodejs/auth/login HTTP/1.1" 204 0 "http://localhost:3000/" "Mozilla/5.0 (Windows NT 10.0; Win64; x64) AppleWebKit/537.36 (KHTML, like Gecko) Chrome/135.0.0.0 Safari/537.36"
116.96.77.176 - - [13/Apr/2025:14:05:53 +0000] "POST /api-nodejs/auth/login HTTP/1.1" 200 461 "http://localhost:3000/" "Mozilla/5.0 (Windows NT 10.0; Win64; x64) AppleWebKit/537.36 (KHTML, like Gecko) Chrome/135.0.0.0 Safari/537.36"
116.96.77.176 - - [13/Apr/2025:14:05:55 +0000] "OPTIONS /api-nodejs/users HTTP/1.1" 204 0 "http://localhost:3000/" "Mozilla/5.0 (Windows NT 10.0; Win64; x64) AppleWebKit/537.36 (KHTML, like Gecko) Chrome/135.0.0.0 Safari/537.36"
116.96.77.176 - - [13/Apr/2025:14:05:55 +0000] "OPTIONS /api-nodejs/users HTTP/1.1" 204 0 "http://localhost:3000/" "Mozilla/5.0 (Windows NT 10.0; Win64; x64) AppleWebKit/537.36 (KHTML, like Gecko) Chrome/135.0.0.0 Safari/537.36"
116.96.77.176 - - [13/Apr/2025:14:05:56 +0000] "GET /api-nodejs/users HTTP/1.1" 200 5092 "http://localhost:3000/" "Mozilla/5.0 (Windows NT 10.0; Win64; x64) AppleWebKit/537.36 (KHTML, like Gecko) Chrome/135.0.0.0 Safari/537.36"
116.96.77.176 - - [13/Apr/2025:14:05:56 +0000] "GET /api-nodejs/users HTTP/1.1" 200 5092 "http://localhost:3000/" "Mozilla/5.0 (Windows NT 10.0; Win64; x64) AppleWebKit/537.36 (KHTML, like Gecko) Chrome/135.0.0.0 Safari/537.36"
116.96.77.176 - - [13/Apr/2025:14:06:14 +0000] "OPTIONS /api-nodejs/auth/refresh-token HTTP/1.1" 204 0 "http://localhost:3000/" "Mozilla/5.0 (Windows NT 10.0; Win64; x64) AppleWebKit/537.36 (KHTML, like Gecko) Chrome/135.0.0.0 Safari/537.36"
116.96.77.176 - - [13/Apr/2025:14:06:14 +0000] "POST /api-nodejs/auth/refresh-token HTTP/1.1" 200 402 "http://localhost:3000/" "Mozilla/5.0 (Windows NT 10.0; Win64; x64) AppleWebKit/537.36 (KHTML, like Gecko) Chrome/135.0.0.0 Safari/537.36"
116.96.77.176 - - [13/Apr/2025:14:06:20 +0000] "OPTIONS /api-nodejs/auth/login HTTP/1.1" 204 0 "http://localhost:3000/" "Mozilla/5.0 (Windows NT 10.0; Win64; x64) AppleWebKit/537.36 (KHTML, like Gecko) Chrome/135.0.0.0 Safari/537.36"
116.96.77.176 - - [13/Apr/2025:14:06:21 +0000] "POST /api-nodejs/auth/login HTTP/1.1" 200 461 "http://localhost:3000/" "Mozilla/5.0 (Windows NT 10.0; Win64; x64) AppleWebKit/537.36 (KHTML, like Gecko) Chrome/135.0.0.0 Safari/537.36"
116.96.77.176 - - [13/Apr/2025:14:06:25 +0000] "OPTIONS /api-nodejs/users HTTP/1.1" 204 0 "http://localhost:3000/" "Mozilla/5.0 (Windows NT 10.0; Win64; x64) AppleWebKit/537.36 (KHTML, like Gecko) Chrome/135.0.0.0 Safari/537.36"
116.96.77.176 - - [13/Apr/2025:14:06:25 +0000] "OPTIONS /api-nodejs/users HTTP/1.1" 204 0 "http://localhost:3000/" "Mozilla/5.0 (Windows NT 10.0; Win64; x64) AppleWebKit/537.36 (KHTML, like Gecko) Chrome/135.0.0.0 Safari/537.36"
116.96.77.176 - - [13/Apr/2025:14:06:25 +0000] "GET /api-nodejs/users HTTP/1.1" 200 5092 "http://localhost:3000/" "Mozilla/5.0 (Windows NT 10.0; Win64; x64) AppleWebKit/537.36 (KHTML, like Gecko) Chrome/135.0.0.0 Safari/537.36"
116.96.77.176 - - [13/Apr/2025:14:06:25 +0000] "GET /api-nodejs/users HTTP/1.1" 200 5092 "http://localhost:3000/" "Mozilla/5.0 (Windows NT 10.0; Win64; x64) AppleWebKit/537.36 (KHTML, like Gecko) Chrome/135.0.0.0 Safari/537.36"
34.76.133.13 - - [13/Apr/2025:14:08:29 +0000] "GET / HTTP/1.1" 200 858 "-" "python-requests/2.32.3"
66.220.149.9 - - [13/Apr/2025:14:12:57 +0000] "GET /api-nodejs/users HTTP/1.1" 401 117 "-" "facebookexternalhit/1.1 (+http://www.facebook.com/externalhit_uatext.php)"
173.252.107.10 - - [13/Apr/2025:14:13:00 +0000] "GET /api-nodejs/users HTTP/1.1" 401 117 "-" "facebookexternalhit/1.1 (+http://www.facebook.com/externalhit_uatext.php)"
173.252.95.14 - - [13/Apr/2025:14:14:00 +0000] "GET /api-nodejs/users?page=1&limit=50&search HTTP/1.1" 401 117 "-" "facebookexternalhit/1.1 (+http://www.facebook.com/externalhit_uatext.php)"
66.220.149.1 - - [13/Apr/2025:14:14:04 +0000] "GET /api-nodejs/users?page=1&limit=50&search HTTP/1.1" 401 117 "-" "facebookexternalhit/1.1 (+http://www.facebook.com/externalhit_uatext.php)"
116.96.77.176 - - [13/Apr/2025:14:14:15 +0000] "GET /api-nodejs/users?page=1&limit=50&search&fbclid=IwY2xjawJopgZleHRuA2FlbQIxMAABHvATqzGIc5cKFBcKSG-ROXeq41y1Gh9GlsoDaKpiqU_f3RM14pwL9HX2wcTf_aem_qe2qShKtIOnFirKCqIh6EQ HTTP/1.1" 401 117 "https://l.facebook.com/" "Mozilla/5.0 (Windows NT 10.0; Win64; x64) AppleWebKit/537.36 (KHTML, like Gecko) Chrome/135.0.0.0 Safari/537.36"
54.86.50.139 - - [13/Apr/2025:14:15:02 +0000] "POST /api-nodejs/users?page=1&search=&limit=50 HTTP/1.1" 400 110 "-" "PostmanRuntime/7.43.3"
54.86.50.139 - - [13/Apr/2025:14:15:03 +0000] "POST /api-nodejs/users?page=1&search=&limit=50 HTTP/1.1" 400 110 "-" "PostmanRuntime/7.43.3"
116.96.77.176 - - [13/Apr/2025:14:15:30 +0000] "OPTIONS /api-nodejs/auth/refresh-token HTTP/1.1" 204 0 "http://localhost:3000/" "Mozilla/5.0 (Windows NT 10.0; Win64; x64) AppleWebKit/537.36 (KHTML, like Gecko) Chrome/135.0.0.0 Safari/537.36"
116.96.77.176 - - [13/Apr/2025:14:15:30 +0000] "POST /api-nodejs/auth/refresh-token HTTP/1.1" 200 402 "http://localhost:3000/" "Mozilla/5.0 (Windows NT 10.0; Win64; x64) AppleWebKit/537.36 (KHTML, like Gecko) Chrome/135.0.0.0 Safari/537.36"
69.171.231.4 - - [13/Apr/2025:14:15:40 +0000] "GET /api-nodejs/users?page=1&limit=50&search HTTP/1.1" 401 117 "-" "facebookexternalhit/1.1 (+http://www.facebook.com/externalhit_uatext.php)"
69.171.231.115 - - [13/Apr/2025:14:15:41 +0000] "GET /api-nodejs/users?page=1&search&grade&roles&className&limit=50 HTTP/1.1" 401 117 "-" "facebookexternalhit/1.1 (+http://www.facebook.com/externalhit_uatext.php)"
173.252.95.116 - - [13/Apr/2025:14:17:06 +0000] "GET /api-nodejs/users?page=1&search&grade&roles&className&limit=50 HTTP/1.1" 401 117 "-" "facebookexternalhit/1.1 (+http://www.facebook.com/externalhit_uatext.php)"
173.252.87.113 - - [13/Apr/2025:14:17:09 +0000] "GET /api-nodejs/users?page=1&search&grade&roles&className&limit=50 HTTP/1.1" 401 117 "-" "facebookexternalhit/1.1 (+http://www.facebook.com/externalhit_uatext.php)"
116.96.77.176 - - [13/Apr/2025:14:17:20 +0000] "OPTIONS /api-nodejs/auth/login HTTP/1.1" 204 0 "http://localhost:3000/" "Mozilla/5.0 (Windows NT 10.0; Win64; x64) AppleWebKit/537.36 (KHTML, like Gecko) Chrome/135.0.0.0 Safari/537.36"
116.96.77.176 - - [13/Apr/2025:14:17:20 +0000] "POST /api-nodejs/auth/login HTTP/1.1" 200 461 "http://localhost:3000/" "Mozilla/5.0 (Windows NT 10.0; Win64; x64) AppleWebKit/537.36 (KHTML, like Gecko) Chrome/135.0.0.0 Safari/537.36"
116.96.77.176 - - [13/Apr/2025:14:17:23 +0000] "OPTIONS /api-nodejs/users HTTP/1.1" 204 0 "http://localhost:3000/" "Mozilla/5.0 (Windows NT 10.0; Win64; x64) AppleWebKit/537.36 (KHTML, like Gecko) Chrome/135.0.0.0 Safari/537.36"
116.96.77.176 - - [13/Apr/2025:14:17:23 +0000] "OPTIONS /api-nodejs/users HTTP/1.1" 204 0 "http://localhost:3000/" "Mozilla/5.0 (Windows NT 10.0; Win64; x64) AppleWebKit/537.36 (KHTML, like Gecko) Chrome/135.0.0.0 Safari/537.36"
116.96.77.176 - - [13/Apr/2025:14:17:23 +0000] "GET /api-nodejs/users HTTP/1.1" 200 5092 "http://localhost:3000/" "Mozilla/5.0 (Windows NT 10.0; Win64; x64) AppleWebKit/537.36 (KHTML, like Gecko) Chrome/135.0.0.0 Safari/537.36"
116.96.77.176 - - [13/Apr/2025:14:17:23 +0000] "GET /api-nodejs/users HTTP/1.1" 200 5092 "http://localhost:3000/" "Mozilla/5.0 (Windows NT 10.0; Win64; x64) AppleWebKit/537.36 (KHTML, like Gecko) Chrome/135.0.0.0 Safari/537.36"
173.252.95.9 - - [13/Apr/2025:14:19:42 +0000] "GET /api-nodejs/users?page=1&search&grade&roles&className&limit=50&phone HTTP/1.1" 401 117 "-" "facebookexternalhit/1.1 (+http://www.facebook.com/externalhit_uatext.php)"
69.171.249.8 - - [13/Apr/2025:14:19:45 +0000] "GET /api-nodejs/users?page=1&search&grade&roles&className&limit=50&phone HTTP/1.1" 401 117 "-" "facebookexternalhit/1.1 (+http://www.facebook.com/externalhit_uatext.php)"
116.96.77.176 - - [13/Apr/2025:14:21:06 +0000] "OPTIONS /api-nodejs/auth/refresh-token HTTP/1.1" 204 0 "http://localhost:3000/" "Mozilla/5.0 (Windows NT 10.0; Win64; x64) AppleWebKit/537.36 (KHTML, like Gecko) Chrome/135.0.0.0 Safari/537.36"
116.96.77.176 - - [13/Apr/2025:14:21:06 +0000] "POST /api-nodejs/auth/refresh-token HTTP/1.1" 200 402 "http://localhost:3000/" "Mozilla/5.0 (Windows NT 10.0; Win64; x64) AppleWebKit/537.36 (KHTML, like Gecko) Chrome/135.0.0.0 Safari/537.36"
116.96.77.176 - - [13/Apr/2025:14:21:13 +0000] "OPTIONS /api-nodejs/auth/login HTTP/1.1" 204 0 "http://localhost:3000/" "Mozilla/5.0 (Windows NT 10.0; Win64; x64) AppleWebKit/537.36 (KHTML, like Gecko) Chrome/135.0.0.0 Safari/537.36"
116.96.77.176 - - [13/Apr/2025:14:21:13 +0000] "POST /api-nodejs/auth/login HTTP/1.1" 200 461 "http://localhost:3000/" "Mozilla/5.0 (Windows NT 10.0; Win64; x64) AppleWebKit/537.36 (KHTML, like Gecko) Chrome/135.0.0.0 Safari/537.36"
116.96.77.176 - - [13/Apr/2025:14:21:16 +0000] "OPTIONS /api-nodejs/users?page=1&search=&grade=&roles=&className=&limit=500&phone HTTP/1.1" 204 0 "http://localhost:3000/" "Mozilla/5.0 (Windows NT 10.0; Win64; x64) AppleWebKit/537.36 (KHTML, like Gecko) Chrome/135.0.0.0 Safari/537.36"
116.96.77.176 - - [13/Apr/2025:14:21:16 +0000] "OPTIONS /api-nodejs/users?page=1&search=&grade=&roles=&className=&limit=500&phone HTTP/1.1" 204 0 "http://localhost:3000/" "Mozilla/5.0 (Windows NT 10.0; Win64; x64) AppleWebKit/537.36 (KHTML, like Gecko) Chrome/135.0.0.0 Safari/537.36"
116.96.77.176 - - [13/Apr/2025:14:21:18 +0000] "GET /api-nodejs/users?page=1&search=&grade=&roles=&className=&limit=500&phone HTTP/1.1" 200 287990 "http://localhost:3000/" "Mozilla/5.0 (Windows NT 10.0; Win64; x64) AppleWebKit/537.36 (KHTML, like Gecko) Chrome/135.0.0.0 Safari/537.36"
116.96.77.176 - - [13/Apr/2025:14:21:21 +0000] "GET /api-nodejs/users?page=1&search=&grade=&roles=&className=&limit=500&phone HTTP/1.1" 200 287990 "http://localhost:3000/" "Mozilla/5.0 (Windows NT 10.0; Win64; x64) AppleWebKit/537.36 (KHTML, like Gecko) Chrome/135.0.0.0 Safari/537.36"
34.214.75.170 - - [13/Apr/2025:14:23:38 +0000] "GET / HTTP/1.1" 200 858 "-" "Mozilla/5.0 (Macintosh; Intel Mac OS X 10_11_5) AppleWebKit/537.36 (KHTML, like Gecko) Chrome/50.0.2661.102 Safari/537.36"
116.96.77.176 - - [13/Apr/2025:14:29:52 +0000] "OPTIONS /api-nodejs/auth/refresh-token HTTP/1.1" 204 0 "http://localhost:3000/" "Mozilla/5.0 (Windows NT 10.0; Win64; x64) AppleWebKit/537.36 (KHTML, like Gecko) Chrome/135.0.0.0 Safari/537.36"
116.96.77.176 - - [13/Apr/2025:14:29:52 +0000] "POST /api-nodejs/auth/refresh-token HTTP/1.1" 200 402 "http://localhost:3000/" "Mozilla/5.0 (Windows NT 10.0; Win64; x64) AppleWebKit/537.36 (KHTML, like Gecko) Chrome/135.0.0.0 Safari/537.36"
116.96.77.176 - - [13/Apr/2025:14:29:58 +0000] "OPTIONS /api-nodejs/auth/login HTTP/1.1" 204 0 "http://localhost:3000/" "Mozilla/5.0 (Windows NT 10.0; Win64; x64) AppleWebKit/537.36 (KHTML, like Gecko) Chrome/135.0.0.0 Safari/537.36"
116.96.77.176 - - [13/Apr/2025:14:29:59 +0000] "POST /api-nodejs/auth/login HTTP/1.1" 200 461 "http://localhost:3000/" "Mozilla/5.0 (Windows NT 10.0; Win64; x64) AppleWebKit/537.36 (KHTML, like Gecko) Chrome/135.0.0.0 Safari/537.36"
116.96.77.176 - - [13/Apr/2025:14:30:01 +0000] "OPTIONS /api-nodejs/users?page=1&search=&grade=&roles=&className=&limit=500&phone HTTP/1.1" 204 0 "http://localhost:3000/" "Mozilla/5.0 (Windows NT 10.0; Win64; x64) AppleWebKit/537.36 (KHTML, like Gecko) Chrome/135.0.0.0 Safari/537.36"
116.96.77.176 - - [13/Apr/2025:14:30:01 +0000] "OPTIONS /api-nodejs/users?page=1&search=&grade=&roles=&className=&limit=500&phone HTTP/1.1" 204 0 "http://localhost:3000/" "Mozilla/5.0 (Windows NT 10.0; Win64; x64) AppleWebKit/537.36 (KHTML, like Gecko) Chrome/135.0.0.0 Safari/537.36"
116.96.77.176 - - [13/Apr/2025:14:30:04 +0000] "GET /api-nodejs/users?page=1&search=&grade=&roles=&className=&limit=500&phone HTTP/1.1" 200 287990 "http://localhost:3000/" "Mozilla/5.0 (Windows NT 10.0; Win64; x64) AppleWebKit/537.36 (KHTML, like Gecko) Chrome/135.0.0.0 Safari/537.36"
116.96.77.176 - - [13/Apr/2025:14:30:05 +0000] "GET /api-nodejs/users?page=1&search=&grade=&roles=&className=&limit=500&phone HTTP/1.1" 200 287990 "http://localhost:3000/" "Mozilla/5.0 (Windows NT 10.0; Win64; x64) AppleWebKit/537.36 (KHTML, like Gecko) Chrome/135.0.0.0 Safari/537.36"
173.252.95.6 - - [13/Apr/2025:14:30:45 +0000] "GET /api-nodejs/classes?grade=10 HTTP/1.1" 401 117 "-" "facebookexternalhit/1.1 (+http://www.facebook.com/externalhit_uatext.php)"
54.86.50.139 - - [13/Apr/2025:14:34:09 +0000] "GET /api-nodejs/classes?grade=10&search=10A1&homeroomTeacherd=tuanpv5 HTTP/1.1" 500 77 "-" "PostmanRuntime/7.43.3"
54.86.50.139 - - [13/Apr/2025:14:34:35 +0000] "GET /api-nodejs/classes?grade=10&search=%2210A1%22&homeroomTeacherd=%22tuanpv5%22 HTTP/1.1" 500 77 "-" "PostmanRuntime/7.43.3"
116.96.77.176 - - [13/Apr/2025:14:34:45 +0000] "OPTIONS /api-nodejs/auth/refresh-token HTTP/1.1" 204 0 "http://localhost:3000/" "Mozilla/5.0 (Windows NT 10.0; Win64; x64) AppleWebKit/537.36 (KHTML, like Gecko) Chrome/135.0.0.0 Safari/537.36"
116.96.77.176 - - [13/Apr/2025:14:34:45 +0000] "POST /api-nodejs/auth/refresh-token HTTP/1.1" 200 402 "http://localhost:3000/" "Mozilla/5.0 (Windows NT 10.0; Win64; x64) AppleWebKit/537.36 (KHTML, like Gecko) Chrome/135.0.0.0 Safari/537.36"
116.96.77.176 - - [13/Apr/2025:14:34:56 +0000] "OPTIONS /api-nodejs/auth/login HTTP/1.1" 204 0 "http://localhost:3000/" "Mozilla/5.0 (Windows NT 10.0; Win64; x64) AppleWebKit/537.36 (KHTML, like Gecko) Chrome/135.0.0.0 Safari/537.36"
116.96.77.176 - - [13/Apr/2025:14:34:56 +0000] "POST /api-nodejs/auth/login HTTP/1.1" 200 461 "http://localhost:3000/" "Mozilla/5.0 (Windows NT 10.0; Win64; x64) AppleWebKit/537.36 (KHTML, like Gecko) Chrome/135.0.0.0 Safari/537.36"
116.96.77.176 - - [13/Apr/2025:14:34:59 +0000] "OPTIONS /api-nodejs/users?page=1&search=&grade=&roles=&className=&limit=500&phone HTTP/1.1" 204 0 "http://localhost:3000/" "Mozilla/5.0 (Windows NT 10.0; Win64; x64) AppleWebKit/537.36 (KHTML, like Gecko) Chrome/135.0.0.0 Safari/537.36"
116.96.77.176 - - [13/Apr/2025:14:34:59 +0000] "OPTIONS /api-nodejs/users?page=1&search=&grade=&roles=&className=&limit=500&phone HTTP/1.1" 204 0 "http://localhost:3000/" "Mozilla/5.0 (Windows NT 10.0; Win64; x64) AppleWebKit/537.36 (KHTML, like Gecko) Chrome/135.0.0.0 Safari/537.36"
116.96.77.176 - - [13/Apr/2025:14:35:01 +0000] "GET /api-nodejs/users?page=1&search=&grade=&roles=&className=&limit=500&phone HTTP/1.1" 200 287990 "http://localhost:3000/" "Mozilla/5.0 (Windows NT 10.0; Win64; x64) AppleWebKit/537.36 (KHTML, like Gecko) Chrome/135.0.0.0 Safari/537.36"
116.96.77.176 - - [13/Apr/2025:14:35:03 +0000] "GET /api-nodejs/users?page=1&search=&grade=&roles=&className=&limit=500&phone HTTP/1.1" 200 287990 "http://localhost:3000/" "Mozilla/5.0 (Windows NT 10.0; Win64; x64) AppleWebKit/537.36 (KHTML, like Gecko) Chrome/135.0.0.0 Safari/537.36"
54.86.50.139 - - [13/Apr/2025:14:36:41 +0000] "GET /api-nodejs/users?page=1&search=&grade=&roles=&className=&limit=50&phone HTTP/1.1" 200 29498 "-" "PostmanRuntime/7.43.3"
54.86.50.139 - - [13/Apr/2025:14:37:03 +0000] "GET /api-nodejs/users?page=1&search=&grade=&roles=student&className=&limit=50&phone HTTP/1.1" 200 26533 "-" "PostmanRuntime/7.43.3"
116.96.77.176 - - [13/Apr/2025:14:38:46 +0000] "OPTIONS /api-nodejs/auth/refresh-token HTTP/1.1" 204 0 "http://localhost:3000/" "Mozilla/5.0 (Windows NT 10.0; Win64; x64) AppleWebKit/537.36 (KHTML, like Gecko) Chrome/135.0.0.0 Safari/537.36"
116.96.77.176 - - [13/Apr/2025:14:38:46 +0000] "POST /api-nodejs/auth/refresh-token HTTP/1.1" 200 402 "http://localhost:3000/" "Mozilla/5.0 (Windows NT 10.0; Win64; x64) AppleWebKit/537.36 (KHTML, like Gecko) Chrome/135.0.0.0 Safari/537.36"
116.96.77.176 - - [13/Apr/2025:14:38:51 +0000] "OPTIONS /api-nodejs/auth/login HTTP/1.1" 204 0 "http://localhost:3000/" "Mozilla/5.0 (Windows NT 10.0; Win64; x64) AppleWebKit/537.36 (KHTML, like Gecko) Chrome/135.0.0.0 Safari/537.36"
116.96.77.176 - - [13/Apr/2025:14:38:51 +0000] "POST /api-nodejs/auth/login HTTP/1.1" 200 461 "http://localhost:3000/" "Mozilla/5.0 (Windows NT 10.0; Win64; x64) AppleWebKit/537.36 (KHTML, like Gecko) Chrome/135.0.0.0 Safari/537.36"
116.96.77.176 - - [13/Apr/2025:14:38:54 +0000] "OPTIONS /api-nodejs/users?page=1&search=&grade=&roles=&className=&limit=500&phone HTTP/1.1" 204 0 "http://localhost:3000/" "Mozilla/5.0 (Windows NT 10.0; Win64; x64) AppleWebKit/537.36 (KHTML, like Gecko) Chrome/135.0.0.0 Safari/537.36"
116.96.77.176 - - [13/Apr/2025:14:38:54 +0000] "OPTIONS /api-nodejs/users?page=1&search=&grade=&roles=&className=&limit=500&phone HTTP/1.1" 204 0 "http://localhost:3000/" "Mozilla/5.0 (Windows NT 10.0; Win64; x64) AppleWebKit/537.36 (KHTML, like Gecko) Chrome/135.0.0.0 Safari/537.36"
116.96.77.176 - - [13/Apr/2025:14:38:56 +0000] "GET /api-nodejs/users?page=1&search=&grade=&roles=&className=&limit=500&phone HTTP/1.1" 200 287990 "http://localhost:3000/" "Mozilla/5.0 (Windows NT 10.0; Win64; x64) AppleWebKit/537.36 (KHTML, like Gecko) Chrome/135.0.0.0 Safari/537.36"
116.96.77.176 - - [13/Apr/2025:14:38:58 +0000] "GET /api-nodejs/users?page=1&search=&grade=&roles=&className=&limit=500&phone HTTP/1.1" 200 287990 "http://localhost:3000/" "Mozilla/5.0 (Windows NT 10.0; Win64; x64) AppleWebKit/537.36 (KHTML, like Gecko) Chrome/135.0.0.0 Safari/537.36"
54.86.50.139 - - [13/Apr/2025:14:39:00 +0000] "GET /api-nodejs/classes?grade=10&search=10A1&homeroomTeacherd= HTTP/1.1" 500 77 "-" "PostmanRuntime/7.43.3"
54.86.50.139 - - [13/Apr/2025:14:39:08 +0000] "GET /api-nodejs/classes?grade=10 HTTP/1.1" 200 479 "-" "PostmanRuntime/7.43.3"
54.86.50.139 - - [13/Apr/2025:14:39:12 +0000] "GET /api-nodejs/classes?grade=10&search=10A1 HTTP/1.1" 500 77 "-" "PostmanRuntime/7.43.3"
116.96.77.176 - - [13/Apr/2025:14:39:12 +0000] "OPTIONS /api-nodejs/users?page=1&search=&grade=&roles=&className=&limit=500&phone HTTP/1.1" 204 0 "http://localhost:3000/" "Mozilla/5.0 (Windows NT 10.0; Win64; x64) AppleWebKit/537.36 (KHTML, like Gecko) Chrome/135.0.0.0 Safari/537.36"
116.96.77.176 - - [13/Apr/2025:14:39:12 +0000] "OPTIONS /api-nodejs/users?page=1&search=&grade=&roles=&className=&limit=500&phone HTTP/1.1" 204 0 "http://localhost:3000/" "Mozilla/5.0 (Windows NT 10.0; Win64; x64) AppleWebKit/537.36 (KHTML, like Gecko) Chrome/135.0.0.0 Safari/537.36"
116.96.77.176 - - [13/Apr/2025:14:39:14 +0000] "GET /api-nodejs/users?page=1&search=&grade=&roles=&className=&limit=500&phone HTTP/1.1" 200 287990 "http://localhost:3000/" "Mozilla/5.0 (Windows NT 10.0; Win64; x64) AppleWebKit/537.36 (KHTML, like Gecko) Chrome/135.0.0.0 Safari/537.36"
116.96.77.176 - - [13/Apr/2025:14:39:15 +0000] "GET /api-nodejs/users?page=1&search=&grade=&roles=&className=&limit=500&phone HTTP/1.1" 200 287990 "http://localhost:3000/" "Mozilla/5.0 (Windows NT 10.0; Win64; x64) AppleWebKit/537.36 (KHTML, like Gecko) Chrome/135.0.0.0 Safari/537.36"
116.96.77.176 - - [13/Apr/2025:14:39:23 +0000] "OPTIONS /api-nodejs/users?page=1&search=&grade=&roles=&className=&limit=500&phone HTTP/1.1" 204 0 "http://localhost:3000/" "Mozilla/5.0 (Windows NT 10.0; Win64; x64) AppleWebKit/537.36 (KHTML, like Gecko) Chrome/135.0.0.0 Safari/537.36"
116.96.77.176 - - [13/Apr/2025:14:39:23 +0000] "OPTIONS /api-nodejs/users?page=1&search=&grade=&roles=&className=&limit=500&phone HTTP/1.1" 204 0 "http://localhost:3000/" "Mozilla/5.0 (Windows NT 10.0; Win64; x64) AppleWebKit/537.36 (KHTML, like Gecko) Chrome/135.0.0.0 Safari/537.36"
116.96.77.176 - - [13/Apr/2025:14:39:24 +0000] "GET /api-nodejs/users?page=1&search=&grade=&roles=&className=&limit=500&phone HTTP/1.1" 200 287990 "http://localhost:3000/" "Mozilla/5.0 (Windows NT 10.0; Win64; x64) AppleWebKit/537.36 (KHTML, like Gecko) Chrome/135.0.0.0 Safari/537.36"
116.96.77.176 - - [13/Apr/2025:14:39:26 +0000] "GET /api-nodejs/users?page=1&search=&grade=&roles=&className=&limit=500&phone HTTP/1.1" 200 287990 "http://localhost:3000/" "Mozilla/5.0 (Windows NT 10.0; Win64; x64) AppleWebKit/537.36 (KHTML, like Gecko) Chrome/135.0.0.0 Safari/537.36"
116.96.77.176 - - [13/Apr/2025:14:39:46 +0000] "OPTIONS /api-nodejs/auth/refresh-token HTTP/1.1" 204 0 "http://localhost:3000/" "Mozilla/5.0 (Windows NT 10.0; Win64; x64) AppleWebKit/537.36 (KHTML, like Gecko) Chrome/135.0.0.0 Safari/537.36"
116.96.77.176 - - [13/Apr/2025:14:39:46 +0000] "POST /api-nodejs/auth/refresh-token HTTP/1.1" 200 402 "http://localhost:3000/" "Mozilla/5.0 (Windows NT 10.0; Win64; x64) AppleWebKit/537.36 (KHTML, like Gecko) Chrome/135.0.0.0 Safari/537.36"
116.96.77.176 - - [13/Apr/2025:14:39:52 +0000] "OPTIONS /api-nodejs/auth/login HTTP/1.1" 204 0 "http://localhost:3000/" "Mozilla/5.0 (Windows NT 10.0; Win64; x64) AppleWebKit/537.36 (KHTML, like Gecko) Chrome/135.0.0.0 Safari/537.36"
116.96.77.176 - - [13/Apr/2025:14:39:52 +0000] "POST /api-nodejs/auth/login HTTP/1.1" 200 461 "http://localhost:3000/" "Mozilla/5.0 (Windows NT 10.0; Win64; x64) AppleWebKit/537.36 (KHTML, like Gecko) Chrome/135.0.0.0 Safari/537.36"
116.96.77.176 - - [13/Apr/2025:14:39:54 +0000] "OPTIONS /api-nodejs/users?page=1&search=&grade=&roles=&className=&limit=500&phone HTTP/1.1" 204 0 "http://localhost:3000/" "Mozilla/5.0 (Windows NT 10.0; Win64; x64) AppleWebKit/537.36 (KHTML, like Gecko) Chrome/135.0.0.0 Safari/537.36"
116.96.77.176 - - [13/Apr/2025:14:39:54 +0000] "OPTIONS /api-nodejs/users?page=1&search=&grade=&roles=&className=&limit=500&phone HTTP/1.1" 204 0 "http://localhost:3000/" "Mozilla/5.0 (Windows NT 10.0; Win64; x64) AppleWebKit/537.36 (KHTML, like Gecko) Chrome/135.0.0.0 Safari/537.36"
116.96.77.176 - - [13/Apr/2025:14:39:57 +0000] "GET /api-nodejs/users?page=1&search=&grade=&roles=&className=&limit=500&phone HTTP/1.1" 200 287990 "http://localhost:3000/" "Mozilla/5.0 (Windows NT 10.0; Win64; x64) AppleWebKit/537.36 (KHTML, like Gecko) Chrome/135.0.0.0 Safari/537.36"
116.96.77.176 - - [13/Apr/2025:14:39:58 +0000] "GET /api-nodejs/users?page=1&search=&grade=&roles=&className=&limit=500&phone HTTP/1.1" 200 287990 "http://localhost:3000/" "Mozilla/5.0 (Windows NT 10.0; Win64; x64) AppleWebKit/537.36 (KHTML, like Gecko) Chrome/135.0.0.0 Safari/537.36"
116.96.77.176 - - [13/Apr/2025:14:40:15 +0000] "OPTIONS /api-nodejs/auth/refresh-token HTTP/1.1" 204 0 "http://localhost:3000/" "Mozilla/5.0 (Windows NT 10.0; Win64; x64) AppleWebKit/537.36 (KHTML, like Gecko) Chrome/135.0.0.0 Safari/537.36"
116.96.77.176 - - [13/Apr/2025:14:40:15 +0000] "POST /api-nodejs/auth/refresh-token HTTP/1.1" 200 402 "http://localhost:3000/" "Mozilla/5.0 (Windows NT 10.0; Win64; x64) AppleWebKit/537.36 (KHTML, like Gecko) Chrome/135.0.0.0 Safari/537.36"
116.96.77.176 - - [13/Apr/2025:14:40:20 +0000] "OPTIONS /api-nodejs/auth/login HTTP/1.1" 204 0 "http://localhost:3000/" "Mozilla/5.0 (Windows NT 10.0; Win64; x64) AppleWebKit/537.36 (KHTML, like Gecko) Chrome/135.0.0.0 Safari/537.36"
116.96.77.176 - - [13/Apr/2025:14:40:20 +0000] "POST /api-nodejs/auth/login HTTP/1.1" 200 461 "http://localhost:3000/" "Mozilla/5.0 (Windows NT 10.0; Win64; x64) AppleWebKit/537.36 (KHTML, like Gecko) Chrome/135.0.0.0 Safari/537.36"
116.96.77.176 - - [13/Apr/2025:14:40:22 +0000] "OPTIONS /api-nodejs/users?page=1&search=&grade=&roles=&className=&limit=500&phone HTTP/1.1" 204 0 "http://localhost:3000/" "Mozilla/5.0 (Windows NT 10.0; Win64; x64) AppleWebKit/537.36 (KHTML, like Gecko) Chrome/135.0.0.0 Safari/537.36"
116.96.77.176 - - [13/Apr/2025:14:40:22 +0000] "OPTIONS /api-nodejs/users?page=1&search=&grade=&roles=&className=&limit=500&phone HTTP/1.1" 204 0 "http://localhost:3000/" "Mozilla/5.0 (Windows NT 10.0; Win64; x64) AppleWebKit/537.36 (KHTML, like Gecko) Chrome/135.0.0.0 Safari/537.36"
116.96.77.176 - - [13/Apr/2025:14:40:24 +0000] "GET /api-nodejs/users?page=1&search=&grade=&roles=&className=&limit=500&phone HTTP/1.1" 200 287990 "http://localhost:3000/" "Mozilla/5.0 (Windows NT 10.0; Win64; x64) AppleWebKit/537.36 (KHTML, like Gecko) Chrome/135.0.0.0 Safari/537.36"
116.96.77.176 - - [13/Apr/2025:14:40:26 +0000] "GET /api-nodejs/users?page=1&search=&grade=&roles=&className=&limit=500&phone HTTP/1.1" 200 287990 "http://localhost:3000/" "Mozilla/5.0 (Windows NT 10.0; Win64; x64) AppleWebKit/537.36 (KHTML, like Gecko) Chrome/135.0.0.0 Safari/537.36"
116.96.77.176 - - [13/Apr/2025:14:41:12 +0000] "OPTIONS /api-nodejs/auth/refresh-token HTTP/1.1" 204 0 "http://localhost:3000/" "Mozilla/5.0 (Windows NT 10.0; Win64; x64) AppleWebKit/537.36 (KHTML, like Gecko) Chrome/135.0.0.0 Safari/537.36"
116.96.77.176 - - [13/Apr/2025:14:41:12 +0000] "POST /api-nodejs/auth/refresh-token HTTP/1.1" 200 402 "http://localhost:3000/" "Mozilla/5.0 (Windows NT 10.0; Win64; x64) AppleWebKit/537.36 (KHTML, like Gecko) Chrome/135.0.0.0 Safari/537.36"
54.86.50.139 - - [13/Apr/2025:14:41:16 +0000] "GET /api-nodejs/classes?grade=10&search=10A1 HTTP/1.1" 200 183 "-" "PostmanRuntime/7.43.3"
116.96.77.176 - - [13/Apr/2025:14:41:20 +0000] "OPTIONS /api-nodejs/auth/login HTTP/1.1" 204 0 "http://localhost:3000/" "Mozilla/5.0 (Windows NT 10.0; Win64; x64) AppleWebKit/537.36 (KHTML, like Gecko) Chrome/135.0.0.0 Safari/537.36"
116.96.77.176 - - [13/Apr/2025:14:41:20 +0000] "POST /api-nodejs/auth/login HTTP/1.1" 200 461 "http://localhost:3000/" "Mozilla/5.0 (Windows NT 10.0; Win64; x64) AppleWebKit/537.36 (KHTML, like Gecko) Chrome/135.0.0.0 Safari/537.36"
116.96.77.176 - - [13/Apr/2025:14:41:23 +0000] "OPTIONS /api-nodejs/users?page=1&search=&grade=&roles=&className=&limit=500&phone HTTP/1.1" 204 0 "http://localhost:3000/" "Mozilla/5.0 (Windows NT 10.0; Win64; x64) AppleWebKit/537.36 (KHTML, like Gecko) Chrome/135.0.0.0 Safari/537.36"
116.96.77.176 - - [13/Apr/2025:14:41:23 +0000] "OPTIONS /api-nodejs/users?page=1&search=&grade=&roles=&className=&limit=500&phone HTTP/1.1" 204 0 "http://localhost:3000/" "Mozilla/5.0 (Windows NT 10.0; Win64; x64) AppleWebKit/537.36 (KHTML, like Gecko) Chrome/135.0.0.0 Safari/537.36"
116.96.77.176 - - [13/Apr/2025:14:41:25 +0000] "GET /api-nodejs/users?page=1&search=&grade=&roles=&className=&limit=500&phone HTTP/1.1" 200 287990 "http://localhost:3000/" "Mozilla/5.0 (Windows NT 10.0; Win64; x64) AppleWebKit/537.36 (KHTML, like Gecko) Chrome/135.0.0.0 Safari/537.36"
116.96.77.176 - - [13/Apr/2025:14:41:27 +0000] "GET /api-nodejs/users?page=1&search=&grade=&roles=&className=&limit=500&phone HTTP/1.1" 200 287990 "http://localhost:3000/" "Mozilla/5.0 (Windows NT 10.0; Win64; x64) AppleWebKit/537.36 (KHTML, like Gecko) Chrome/135.0.0.0 Safari/537.36"
116.96.77.176 - - [13/Apr/2025:14:42:04 +0000] "OPTIONS /api-nodejs/auth/refresh-token HTTP/1.1" 204 0 "http://localhost:3000/" "Mozilla/5.0 (Windows NT 10.0; Win64; x64) AppleWebKit/537.36 (KHTML, like Gecko) Chrome/135.0.0.0 Safari/537.36"
116.96.77.176 - - [13/Apr/2025:14:42:04 +0000] "POST /api-nodejs/auth/refresh-token HTTP/1.1" 200 402 "http://localhost:3000/" "Mozilla/5.0 (Windows NT 10.0; Win64; x64) AppleWebKit/537.36 (KHTML, like Gecko) Chrome/135.0.0.0 Safari/537.36"
173.252.95.4 - - [13/Apr/2025:14:42:05 +0000] "GET /api-nodejs/classes?grade=10&search=10A1&homeroomTeacherd=tuanpv HTTP/1.1" 401 117 "-" "facebookexternalhit/1.1 (+http://www.facebook.com/externalhit_uatext.php)"
66.220.149.8 - - [13/Apr/2025:14:42:08 +0000] "GET /api-nodejs/classes?grade=10&search=10A1&homeroomTeacherd=tuanpv HTTP/1.1" 401 117 "-" "facebookexternalhit/1.1 (+http://www.facebook.com/externalhit_uatext.php)"
116.96.77.176 - - [13/Apr/2025:14:42:11 +0000] "OPTIONS /api-nodejs/auth/login HTTP/1.1" 204 0 "http://localhost:3000/" "Mozilla/5.0 (Windows NT 10.0; Win64; x64) AppleWebKit/537.36 (KHTML, like Gecko) Chrome/135.0.0.0 Safari/537.36"
116.96.77.176 - - [13/Apr/2025:14:42:11 +0000] "POST /api-nodejs/auth/login HTTP/1.1" 200 461 "http://localhost:3000/" "Mozilla/5.0 (Windows NT 10.0; Win64; x64) AppleWebKit/537.36 (KHTML, like Gecko) Chrome/135.0.0.0 Safari/537.36"
116.96.77.176 - - [13/Apr/2025:14:42:14 +0000] "OPTIONS /api-nodejs/users?page=1&search=&grade=&roles=&className=&limit=500&phone HTTP/1.1" 204 0 "http://localhost:3000/" "Mozilla/5.0 (Windows NT 10.0; Win64; x64) AppleWebKit/537.36 (KHTML, like Gecko) Chrome/135.0.0.0 Safari/537.36"
116.96.77.176 - - [13/Apr/2025:14:42:14 +0000] "OPTIONS /api-nodejs/users?page=1&search=&grade=&roles=&className=&limit=500&phone HTTP/1.1" 204 0 "http://localhost:3000/" "Mozilla/5.0 (Windows NT 10.0; Win64; x64) AppleWebKit/537.36 (KHTML, like Gecko) Chrome/135.0.0.0 Safari/537.36"
116.96.77.176 - - [13/Apr/2025:14:42:16 +0000] "GET /api-nodejs/users?page=1&search=&grade=&roles=&className=&limit=500&phone HTTP/1.1" 200 287990 "http://localhost:3000/" "Mozilla/5.0 (Windows NT 10.0; Win64; x64) AppleWebKit/537.36 (KHTML, like Gecko) Chrome/135.0.0.0 Safari/537.36"
116.96.77.176 - - [13/Apr/2025:14:42:18 +0000] "GET /api-nodejs/users?page=1&search=&grade=&roles=&className=&limit=500&phone HTTP/1.1" 200 287990 "http://localhost:3000/" "Mozilla/5.0 (Windows NT 10.0; Win64; x64) AppleWebKit/537.36 (KHTML, like Gecko) Chrome/135.0.0.0 Safari/537.36"
125.132.78.181 - - [13/Apr/2025:14:46:07 +0000] "GET / HTTP/1.0" 200 1711 "-" "curl/7.88.1"
154.81.156.34 - - [13/Apr/2025:14:46:44 +0000] "GET / HTTP/1.1" 200 858 "-" "Mozilla/5.0 (Windows NT 10.0; Win64; x64) AppleWebKit/537.36 (KHTML, like Gecko) Chrome/90.0.4430.85 Safari/537.36 Edg/90.0.818.46"
51.38.239.193 - - [13/Apr/2025:14:49:24 +0000] "GET / HTTP/1.1" 200 1711 "-" "Mozilla/5.0 (Windows NT 10.0; Win64; x64) AppleWebKit/537.36 (KHTML, like Gecko) Chrome/77.0.3865.120 Safari/537.36"
51.38.239.193 - - [13/Apr/2025:14:49:25 +0000] "GET / HTTP/1.1" 200 1711 "-" "Mozilla/5.0 (Windows NT 10.0; Win64; x64) AppleWebKit/537.36 (KHTML, like Gecko) Chrome/77.0.3865.120 Safari/537.36"
51.38.239.193 - - [13/Apr/2025:14:49:25 +0000] "GET /favicon.ico HTTP/1.1" 200 3870 "-" "Mozilla/5.0 (Windows NT 10.0; Win64; x64) AppleWebKit/537.36 (KHTML, like Gecko) Chrome/77.0.3865.120 Safari/537.36"
156.146.36.95 - - [13/Apr/2025:14:54:37 +0000] "GET / HTTP/1.1" 200 1711 "-" "-"
128.199.155.37 - - [13/Apr/2025:15:12:06 +0000] "GET /.env HTTP/1.1" 200 858 "-" "Mozilla/5.0 (X11; Linux x86_64) AppleWebKit/537.36 (KHTML, like Gecko) Chrome/81.0.4044.129 Safari/537.36"
128.199.155.37 - - [13/Apr/2025:15:12:06 +0000] "POST / HTTP/1.1" 404 140 "-" "Mozilla/5.0 (X11; Linux x86_64) AppleWebKit/537.36 (KHTML, like Gecko) Chrome/81.0.4044.129 Safari/537.36"
128.199.155.37 - - [13/Apr/2025:15:12:07 +0000] "GET /sendgrid/.env HTTP/1.1" 200 858 "-" "Mozilla/5.0 (X11; Linux x86_64) AppleWebKit/537.36 (KHTML, like Gecko) Chrome/81.0.4044.129 Safari/537.36"
128.199.155.37 - - [13/Apr/2025:15:12:07 +0000] "POST / HTTP/1.1" 404 140 "-" "Mozilla/5.0 (X11; Linux x86_64) AppleWebKit/537.36 (KHTML, like Gecko) Chrome/81.0.4044.129 Safari/537.36"
116.96.77.176 - - [13/Apr/2025:15:18:17 +0000] "OPTIONS /api-nodejs/auth/login HTTP/1.1" 204 0 "http://localhost:3000/" "Mozilla/5.0 (Windows NT 10.0; Win64; x64) AppleWebKit/537.36 (KHTML, like Gecko) Chrome/135.0.0.0 Safari/537.36"
116.96.77.176 - - [13/Apr/2025:15:18:17 +0000] "POST /api-nodejs/auth/login HTTP/1.1" 200 461 "http://localhost:3000/" "Mozilla/5.0 (Windows NT 10.0; Win64; x64) AppleWebKit/537.36 (KHTML, like Gecko) Chrome/135.0.0.0 Safari/537.36"
154.81.156.35 - - [13/Apr/2025:15:21:08 +0000] "GET / HTTP/1.1" 200 858 "-" "Mozilla/5.0 (Windows NT 10.0; Win64; x64) AppleWebKit/537.36 (KHTML, like Gecko) Chrome/90.0.4430.85 Safari/537.36 Edg/90.0.818.46"
179.43.175.246 - - [13/Apr/2025:15:21:42 +0000] "GET / HTTP/1.1" 200 1711 "-" "Hello World/1.0"
116.96.77.176 - - [13/Apr/2025:15:33:26 +0000] "OPTIONS /api-nodejs/auth/refresh-token HTTP/1.1" 204 0 "http://localhost:3000/" "Mozilla/5.0 (Windows NT 10.0; Win64; x64) AppleWebKit/537.36 (KHTML, like Gecko) Chrome/135.0.0.0 Safari/537.36"
116.96.77.176 - - [13/Apr/2025:15:33:26 +0000] "POST /api-nodejs/auth/refresh-token HTTP/1.1" 200 402 "http://localhost:3000/" "Mozilla/5.0 (Windows NT 10.0; Win64; x64) AppleWebKit/537.36 (KHTML, like Gecko) Chrome/135.0.0.0 Safari/537.36"
116.96.77.176 - - [13/Apr/2025:15:36:07 +0000] "OPTIONS /api-nodejs/auth/refresh-token HTTP/1.1" 502 559 "http://localhost:3000/" "Mozilla/5.0 (Windows NT 10.0; Win64; x64) AppleWebKit/537.36 (KHTML, like Gecko) Chrome/135.0.0.0 Safari/537.36"
116.96.77.176 - - [13/Apr/2025:15:37:28 +0000] "OPTIONS /api-nodejs/auth/login HTTP/1.1" 204 0 "http://localhost:3000/" "Mozilla/5.0 (Windows NT 10.0; Win64; x64) AppleWebKit/537.36 (KHTML, like Gecko) Chrome/135.0.0.0 Safari/537.36"
116.96.77.176 - - [13/Apr/2025:15:37:29 +0000] "POST /api-nodejs/auth/login HTTP/1.1" 200 461 "http://localhost:3000/" "Mozilla/5.0 (Windows NT 10.0; Win64; x64) AppleWebKit/537.36 (KHTML, like Gecko) Chrome/135.0.0.0 Safari/537.36"
116.96.77.176 - - [13/Apr/2025:15:37:32 +0000] "OPTIONS /api-nodejs/users?page=1&search=&grade=&roles=&className=&limit=500&phone HTTP/1.1" 204 0 "http://localhost:3000/" "Mozilla/5.0 (Windows NT 10.0; Win64; x64) AppleWebKit/537.36 (KHTML, like Gecko) Chrome/135.0.0.0 Safari/537.36"
116.96.77.176 - - [13/Apr/2025:15:37:32 +0000] "OPTIONS /api-nodejs/users?page=1&search=&grade=&roles=&className=&limit=500&phone HTTP/1.1" 204 0 "http://localhost:3000/" "Mozilla/5.0 (Windows NT 10.0; Win64; x64) AppleWebKit/537.36 (KHTML, like Gecko) Chrome/135.0.0.0 Safari/537.36"
116.96.77.176 - - [13/Apr/2025:15:37:35 +0000] "GET /api-nodejs/users?page=1&search=&grade=&roles=&className=&limit=500&phone HTTP/1.1" 200 287990 "http://localhost:3000/" "Mozilla/5.0 (Windows NT 10.0; Win64; x64) AppleWebKit/537.36 (KHTML, like Gecko) Chrome/135.0.0.0 Safari/537.36"
116.96.77.176 - - [13/Apr/2025:15:37:37 +0000] "GET /api-nodejs/users?page=1&search=&grade=&roles=&className=&limit=500&phone HTTP/1.1" 200 287990 "http://localhost:3000/" "Mozilla/5.0 (Windows NT 10.0; Win64; x64) AppleWebKit/537.36 (KHTML, like Gecko) Chrome/135.0.0.0 Safari/537.36"
116.96.77.176 - - [13/Apr/2025:15:37:42 +0000] "OPTIONS /api-nodejs/users?page=1&search=&grade=&roles=teacher%2Cstudent&className=&limit=500&phone= HTTP/1.1" 204 0 "http://localhost:3000/" "Mozilla/5.0 (Windows NT 10.0; Win64; x64) AppleWebKit/537.36 (KHTML, like Gecko) Chrome/135.0.0.0 Safari/537.36"
116.96.77.176 - - [13/Apr/2025:15:37:42 +0000] "GET /api-nodejs/users?page=1&search=&grade=&roles=teacher%2Cstudent&className=&limit=500&phone= HTTP/1.1" 200 115748 "http://localhost:3000/" "Mozilla/5.0 (Windows NT 10.0; Win64; x64) AppleWebKit/537.36 (KHTML, like Gecko) Chrome/135.0.0.0 Safari/537.36"
116.96.77.176 - - [13/Apr/2025:15:41:20 +0000] "OPTIONS /api-nodejs/users?page=1&search=&grade=&roles=teacher%2Cstudent&className=123&limit=500&phone= HTTP/1.1" 204 0 "http://localhost:3000/" "Mozilla/5.0 (Windows NT 10.0; Win64; x64) AppleWebKit/537.36 (KHTML, like Gecko) Chrome/135.0.0.0 Safari/537.36"
116.96.77.176 - - [13/Apr/2025:15:41:20 +0000] "GET /api-nodejs/users?page=1&search=&grade=&roles=teacher%2Cstudent&className=123&limit=500&phone= HTTP/1.1" 200 92 "http://localhost:3000/" "Mozilla/5.0 (Windows NT 10.0; Win64; x64) AppleWebKit/537.36 (KHTML, like Gecko) Chrome/135.0.0.0 Safari/537.36"
54.86.50.139 - - [13/Apr/2025:15:41:57 +0000] "GET /api-nodejs/students?page=1&limit=10&search=Th%C3%A0nh&classId=&className=&batchId=&batchYear= HTTP/1.1" 200 6812 "-" "PostmanRuntime/7.43.3"
54.86.50.139 - - [13/Apr/2025:15:49:38 +0000] "PUT /api-nodejs/students/6 HTTP/1.1" 401 117 "-" "PostmanRuntime/7.43.3"
54.86.50.139 - - [13/Apr/2025:15:50:00 +0000] "PUT /api-nodejs/students/6 HTTP/1.1" 401 117 "-" "PostmanRuntime/7.43.3"
54.86.50.139 - - [13/Apr/2025:15:50:08 +0000] "POST /api-nodejs/auth/login HTTP/1.1" 200 461 "-" "PostmanRuntime/7.43.3"
54.86.50.139 - - [13/Apr/2025:15:50:17 +0000] "PUT /api-nodejs/students/6 HTTP/1.1" 403 116 "-" "PostmanRuntime/7.43.3"
80.82.77.202 - - [13/Apr/2025:15:53:23 +0000] "GET / HTTP/1.0" 200 1711 "-" "Mozilla/5.0 (Linux; Android 4.2.2; WX10K) AppleWebKit/537.36 (KHTML, like Gecko) Chrome/71.0.3578.99 Mobile Safari/537.36"
54.86.50.139 - - [13/Apr/2025:15:54:10 +0000] "PUT /api-nodejs/students/6 HTTP/1.1" 403 116 "-" "PostmanRuntime/7.43.3"
54.86.50.139 - - [13/Apr/2025:15:54:39 +0000] "GET /api-nodejs/users?page=1&search=&grade=&roles=student&className=&limit=50&phone HTTP/1.1" 200 26533 "-" "PostmanRuntime/7.43.3"
45.84.143.10 - - [13/Apr/2025:15:55:54 +0000] "GET / HTTP/1.0" 200 1711 "-" "curl/7.88.1"
54.86.50.139 - - [13/Apr/2025:15:56:02 +0000] "PUT /api-nodejs/students/6 HTTP/1.1" 200 666 "-" "PostmanRuntime/7.43.3"
54.86.50.139 - - [13/Apr/2025:15:56:26 +0000] "PUT /api-nodejs/teachers/3 HTTP/1.1" 500 111 "-" "PostmanRuntime/7.43.3"
54.86.50.139 - - [13/Apr/2025:15:56:31 +0000] "PUT /api-nodejs/teachers/3 HTTP/1.1" 401 117 "-" "PostmanRuntime/7.43.3"
54.86.50.139 - - [13/Apr/2025:15:56:44 +0000] "PUT /api-nodejs/teachers/3 HTTP/1.1" 200 428 "-" "PostmanRuntime/7.43.3"
54.86.50.139 - - [13/Apr/2025:15:57:31 +0000] "PUT /api-nodejs/classes/1 HTTP/1.1" 401 117 "-" "PostmanRuntime/7.43.3"
54.86.50.139 - - [13/Apr/2025:15:57:39 +0000] "PUT /api-nodejs/classes/1 HTTP/1.1" 500 137 "-" "PostmanRuntime/7.43.3"
185.255.122.19 - - [13/Apr/2025:15:58:08 +0000] "GET / HTTP/1.1" 200 858 "-" "Mozilla/5.0 (Windows NT 10.0; Win64; x64) AppleWebKit/537.36 (KHTML, like Gecko) Chrome/90.0.4430.85 Safari/537.36 Edg/90.0.818.46"
116.96.77.176 - - [13/Apr/2025:15:58:24 +0000] "OPTIONS /api-nodejs/users?page=1&search=&grade=&roles=&className=&limit=500&phone= HTTP/1.1" 204 0 "http://localhost:3000/" "Mozilla/5.0 (Windows NT 10.0; Win64; x64) AppleWebKit/537.36 (KHTML, like Gecko) Chrome/135.0.0.0 Safari/537.36"
116.96.77.176 - - [13/Apr/2025:15:58:26 +0000] "GET /api-nodejs/users?page=1&search=&grade=&roles=&className=&limit=500&phone= HTTP/1.1" 200 288074 "http://localhost:3000/" "Mozilla/5.0 (Windows NT 10.0; Win64; x64) AppleWebKit/537.36 (KHTML, like Gecko) Chrome/135.0.0.0 Safari/537.36"
54.86.50.139 - - [13/Apr/2025:15:58:36 +0000] "PUT /api-nodejs/parents/1 HTTP/1.1" 401 117 "-" "PostmanRuntime/7.43.3"
54.86.50.139 - - [13/Apr/2025:15:58:40 +0000] "PUT /api-nodejs/parents/1 HTTP/1.1" 500 161 "-" "PostmanRuntime/7.43.3"
116.96.77.176 - - [13/Apr/2025:15:59:54 +0000] "OPTIONS /api-nodejs/auth/refresh-token HTTP/1.1" 204 0 "http://localhost:3000/" "Mozilla/5.0 (Windows NT 10.0; Win64; x64) AppleWebKit/537.36 (KHTML, like Gecko) Chrome/135.0.0.0 Safari/537.36"
116.96.77.176 - - [13/Apr/2025:15:59:54 +0000] "POST /api-nodejs/auth/refresh-token HTTP/1.1" 200 402 "http://localhost:3000/" "Mozilla/5.0 (Windows NT 10.0; Win64; x64) AppleWebKit/537.36 (KHTML, like Gecko) Chrome/135.0.0.0 Safari/537.36"
54.86.50.139 - - [13/Apr/2025:16:00:45 +0000] "PUT /api-nodejs/classes/1 HTTP/1.1" 200 215 "-" "PostmanRuntime/7.43.3"
54.86.50.139 - - [13/Apr/2025:16:00:58 +0000] "PUT /api-nodejs/parents/1 HTTP/1.1" 200 427 "-" "PostmanRuntime/7.43.3"
116.96.77.176 - - [13/Apr/2025:16:01:11 +0000] "OPTIONS /api-nodejs/auth/login HTTP/1.1" 204 0 "http://localhost:3000/" "Mozilla/5.0 (Windows NT 10.0; Win64; x64) AppleWebKit/537.36 (KHTML, like Gecko) Chrome/135.0.0.0 Safari/537.36"
116.96.77.176 - - [13/Apr/2025:16:01:11 +0000] "POST /api-nodejs/auth/login HTTP/1.1" 200 461 "http://localhost:3000/" "Mozilla/5.0 (Windows NT 10.0; Win64; x64) AppleWebKit/537.36 (KHTML, like Gecko) Chrome/135.0.0.0 Safari/537.36"
116.96.77.176 - - [13/Apr/2025:16:01:14 +0000] "OPTIONS /api-nodejs/users?page=1&search=&grade=&roles=&className=&limit=500&phone= HTTP/1.1" 204 0 "http://localhost:3000/" "Mozilla/5.0 (Windows NT 10.0; Win64; x64) AppleWebKit/537.36 (KHTML, like Gecko) Chrome/135.0.0.0 Safari/537.36"
116.96.77.176 - - [13/Apr/2025:16:01:14 +0000] "OPTIONS /api-nodejs/users?page=1&search=&grade=&roles=&className=&limit=500&phone HTTP/1.1" 204 0 "http://localhost:3000/" "Mozilla/5.0 (Windows NT 10.0; Win64; x64) AppleWebKit/537.36 (KHTML, like Gecko) Chrome/135.0.0.0 Safari/537.36"
116.96.77.176 - - [13/Apr/2025:16:01:14 +0000] "OPTIONS /api-nodejs/users?page=1&search=&grade=&roles=&className=&limit=500&phone= HTTP/1.1" 204 0 "http://localhost:3000/" "Mozilla/5.0 (Windows NT 10.0; Win64; x64) AppleWebKit/537.36 (KHTML, like Gecko) Chrome/135.0.0.0 Safari/537.36"
