116.96.77.176 - - [14/Apr/2025:06:27:47 +0000] "OPTIONS /api-nodejs/users/create HTTP/1.1" 204 0 "http://localhost:3000/" "Mozilla/5.0 (Windows NT 10.0; Win64; x64) AppleWebKit/537.36 (KHTML, like Gecko) Chrome/135.0.0.0 Safari/537.36"
116.96.77.176 - - [14/Apr/2025:06:27:48 +0000] "POST /api-nodejs/users/create HTTP/1.1" 500 116 "http://localhost:3000/" "Mozilla/5.0 (Windows NT 10.0; Win64; x64) AppleWebKit/537.36 (KHTML, like Gecko) Chrome/135.0.0.0 Safari/537.36"
116.96.77.176 - - [14/Apr/2025:06:27:58 +0000] "OPTIONS /api-nodejs/users/create HTTP/1.1" 204 0 "http://localhost:3000/" "Mozilla/5.0 (Windows NT 10.0; Win64; x64) AppleWebKit/537.36 (KHTML, like Gecko) Chrome/135.0.0.0 Safari/537.36"
116.96.77.176 - - [14/Apr/2025:06:27:59 +0000] "POST /api-nodejs/users/create HTTP/1.1" 500 142 "http://localhost:3000/" "Mozilla/5.0 (Windows NT 10.0; Win64; x64) AppleWebKit/537.36 (KHTML, like Gecko) Chrome/135.0.0.0 Safari/537.36"
116.96.77.176 - - [14/Apr/2025:06:28:08 +0000] "OPTIONS /api-nodejs/users/create HTTP/1.1" 204 0 "http://localhost:3000/" "Mozilla/5.0 (Windows NT 10.0; Win64; x64) AppleWebKit/537.36 (KHTML, like Gecko) Chrome/135.0.0.0 Safari/537.36"
116.96.77.176 - - [14/Apr/2025:06:28:09 +0000] "POST /api-nodejs/users/create HTTP/1.1" 500 116 "http://localhost:3000/" "Mozilla/5.0 (Windows NT 10.0; Win64; x64) AppleWebKit/537.36 (KHTML, like Gecko) Chrome/135.0.0.0 Safari/537.36"
154.81.156.54 - - [14/Apr/2025:06:28:19 +0000] "GET / HTTP/1.1" 200 866 "-" "Mozilla/5.0 (Windows NT 10.0; Win64; x64) AppleWebKit/537.36 (KHTML, like Gecko) Chrome/90.0.4430.85 Safari/537.36 Edg/90.0.818.46"
118.68.26.235 - - [14/Apr/2025:06:37:19 +0000] "GET /login HTTP/1.1" 502 559 "-" "Mozilla/5.0 (Windows NT 10.0; Win64; x64) AppleWebKit/537.36 (KHTML, like Gecko) Chrome/135.0.0.0 Safari/537.36 Edg/135.0.0.0"
118.68.26.235 - - [14/Apr/2025:06:37:19 +0000] "GET /favicon.ico HTTP/1.1" 502 559 "http://fams.io.vn/login" "Mozilla/5.0 (Windows NT 10.0; Win64; x64) AppleWebKit/537.36 (KHTML, like Gecko) Chrome/135.0.0.0 Safari/537.36 Edg/135.0.0.0"
118.68.26.235 - - [14/Apr/2025:06:37:56 +0000] "GET / HTTP/1.1" 304 0 "-" "Mozilla/5.0 (Windows NT 10.0; Win64; x64) AppleWebKit/537.36 (KHTML, like Gecko) Chrome/135.0.0.0 Safari/537.36 Edg/135.0.0.0"
118.68.26.235 - - [14/Apr/2025:06:37:58 +0000] "GET /static/js/bundle.js HTTP/1.1" 200 858484 "http://fams.io.vn/" "Mozilla/5.0 (Windows NT 10.0; Win64; x64) AppleWebKit/537.36 (KHTML, like Gecko) Chrome/135.0.0.0 Safari/537.36 Edg/135.0.0.0"
54.227.43.111 - - [14/Apr/2025:06:37:59 +0000] "GET / HTTP/1.1" 200 825 "-" "got (https://github.com/sindresorhus/got)"
118.68.26.235 - - [14/Apr/2025:06:37:59 +0000] "GET /favicon.ico HTTP/1.1" 200 3667 "http://fams.io.vn/login" "Mozilla/5.0 (Windows NT 10.0; Win64; x64) AppleWebKit/537.36 (KHTML, like Gecko) Chrome/135.0.0.0 Safari/537.36 Edg/135.0.0.0"
54.227.43.111 - - [14/Apr/2025:06:38:00 +0000] "GET / HTTP/1.1" 200 825 "-" "got (https://github.com/sindresorhus/got)"
118.68.26.235 - - [14/Apr/2025:06:38:29 +0000] "GET /login HTTP/1.1" 200 866 "-" "Mozilla/5.0 (Windows NT 10.0; Win64; x64) AppleWebKit/537.36 (KHTML, like Gecko) Chrome/135.0.0.0 Safari/537.36 Edg/135.0.0.0"
118.68.26.235 - - [14/Apr/2025:06:38:29 +0000] "GET /ws HTTP/1.1" 101 1266 "-" "Mozilla/5.0 (Windows NT 10.0; Win64; x64) AppleWebKit/537.36 (KHTML, like Gecko) Chrome/135.0.0.0 Safari/537.36 Edg/135.0.0.0"
118.68.26.235 - - [14/Apr/2025:06:38:29 +0000] "GET /static/js/bundle.js HTTP/1.1" 304 0 "http://fams.io.vn/login" "Mozilla/5.0 (Windows NT 10.0; Win64; x64) AppleWebKit/537.36 (KHTML, like Gecko) Chrome/135.0.0.0 Safari/537.36 Edg/135.0.0.0"
118.68.26.235 - - [14/Apr/2025:06:38:29 +0000] "GET /favicon.ico HTTP/1.1" 304 0 "http://fams.io.vn/login" "Mozilla/5.0 (Windows NT 10.0; Win64; x64) AppleWebKit/537.36 (KHTML, like Gecko) Chrome/135.0.0.0 Safari/537.36 Edg/135.0.0.0"
54.86.50.139 - - [14/Apr/2025:06:38:35 +0000] "POST /api-nodejs/auth/login HTTP/1.1" 200 461 "-" "PostmanRuntime/7.43.3"
118.68.26.235 - - [14/Apr/2025:06:38:59 +0000] "GET /login HTTP/1.1" 304 0 "-" "Mozilla/5.0 (Windows NT 10.0; Win64; x64) AppleWebKit/537.36 (KHTML, like Gecko) Chrome/135.0.0.0 Safari/537.36 Edg/135.0.0.0"
118.68.26.235 - - [14/Apr/2025:06:38:59 +0000] "GET /ws HTTP/1.1" 101 1272 "-" "Mozilla/5.0 (Windows NT 10.0; Win64; x64) AppleWebKit/537.36 (KHTML, like Gecko) Chrome/135.0.0.0 Safari/537.36 Edg/135.0.0.0"
118.68.26.235 - - [14/Apr/2025:06:39:00 +0000] "GET /static/js/bundle.js HTTP/1.1" 304 0 "http://fams.io.vn/login" "Mozilla/5.0 (Windows NT 10.0; Win64; x64) AppleWebKit/537.36 (KHTML, like Gecko) Chrome/135.0.0.0 Safari/537.36 Edg/135.0.0.0"
118.68.26.235 - - [14/Apr/2025:06:39:00 +0000] "GET /favicon.ico HTTP/1.1" 304 0 "http://fams.io.vn/login" "Mozilla/5.0 (Windows NT 10.0; Win64; x64) AppleWebKit/537.36 (KHTML, like Gecko) Chrome/135.0.0.0 Safari/537.36 Edg/135.0.0.0"
118.68.26.235 - - [14/Apr/2025:06:42:05 +0000] "GET /manifest.json HTTP/1.1" 200 517 "http://fams.io.vn/login" "Mozilla/5.0 (Windows NT 10.0; Win64; x64) AppleWebKit/537.36 (KHTML, like Gecko) Chrome/135.0.0.0 Safari/537.36 Edg/135.0.0.0"
118.68.26.235 - - [14/Apr/2025:06:42:06 +0000] "GET /static/js/bundle.js.map HTTP/1.1" 200 917269 "-" "Mozilla/5.0 (Windows NT 10.0; Win64; x64) AppleWebKit/537.36 (KHTML, like Gecko) Chrome/135.0.0.0 Safari/537.36 Edg/135.0.0.0"
118.68.26.235 - - [14/Apr/2025:06:45:21 +0000] "GET /main.2e57cfa5b6e8f2d22301.hot-update.json HTTP/1.1" 200 28 "http://fams.io.vn/login" "Mozilla/5.0 (Windows NT 10.0; Win64; x64) AppleWebKit/537.36 (KHTML, like Gecko) Chrome/135.0.0.0 Safari/537.36 Edg/135.0.0.0"
118.68.26.235 - - [14/Apr/2025:06:45:21 +0000] "GET /main.2e57cfa5b6e8f2d22301.hot-update.js HTTP/1.1" 200 1714 "http://fams.io.vn/login" "Mozilla/5.0 (Windows NT 10.0; Win64; x64) AppleWebKit/537.36 (KHTML, like Gecko) Chrome/135.0.0.0 Safari/537.36 Edg/135.0.0.0"
118.68.26.235 - - [14/Apr/2025:06:45:21 +0000] "GET /main.2e57cfa5b6e8f2d22301.hot-update.js.map HTTP/1.1" 200 1219 "-" "Mozilla/5.0 (Windows NT 10.0; Win64; x64) AppleWebKit/537.36 (KHTML, like Gecko) Chrome/135.0.0.0 Safari/537.36 Edg/135.0.0.0"
172.31.0.6 - - [14/Apr/2025:06:45:48 +0000] "POST /api/auth/login HTTP/1.1" 200 461 "-" "axios/1.6.0"
172.31.0.1 - - [14/Apr/2025:06:45:49 +0000] "POST /api/auth/login HTTP/1.1" 200 461 "-" "axios/1.6.0"
118.68.26.235 - - [14/Apr/2025:06:46:16 +0000] "GET /main.511017e848686a0400eb.hot-update.json HTTP/1.1" 200 28 "http://fams.io.vn/login" "Mozilla/5.0 (Windows NT 10.0; Win64; x64) AppleWebKit/537.36 (KHTML, like Gecko) Chrome/135.0.0.0 Safari/537.36 Edg/135.0.0.0"
118.68.26.235 - - [14/Apr/2025:06:46:16 +0000] "GET /main.511017e848686a0400eb.hot-update.js HTTP/1.1" 200 1790 "http://fams.io.vn/login" "Mozilla/5.0 (Windows NT 10.0; Win64; x64) AppleWebKit/537.36 (KHTML, like Gecko) Chrome/135.0.0.0 Safari/537.36 Edg/135.0.0.0"
118.68.26.235 - - [14/Apr/2025:06:46:16 +0000] "GET /main.511017e848686a0400eb.hot-update.js.map HTTP/1.1" 200 1284 "-" "Mozilla/5.0 (Windows NT 10.0; Win64; x64) AppleWebKit/537.36 (KHTML, like Gecko) Chrome/135.0.0.0 Safari/537.36 Edg/135.0.0.0"
116.96.77.176 - - [14/Apr/2025:06:46:40 +0000] "OPTIONS /api-nodejs/auth/login HTTP/1.1" 204 0 "http://localhost:3000/" "Mozilla/5.0 (Windows NT 10.0; Win64; x64) AppleWebKit/537.36 (KHTML, like Gecko) Chrome/135.0.0.0 Safari/537.36"
116.96.77.176 - - [14/Apr/2025:06:46:40 +0000] "POST /api-nodejs/auth/login HTTP/1.1" 401 97 "http://localhost:3000/" "Mozilla/5.0 (Windows NT 10.0; Win64; x64) AppleWebKit/537.36 (KHTML, like Gecko) Chrome/135.0.0.0 Safari/537.36"
116.96.77.176 - - [14/Apr/2025:06:46:40 +0000] "OPTIONS /api-nodejs/auth/refresh-token HTTP/1.1" 204 0 "http://localhost:3000/" "Mozilla/5.0 (Windows NT 10.0; Win64; x64) AppleWebKit/537.36 (KHTML, like Gecko) Chrome/135.0.0.0 Safari/537.36"
116.96.77.176 - - [14/Apr/2025:06:46:40 +0000] "POST /api-nodejs/auth/refresh-token HTTP/1.1" 401 86 "http://localhost:3000/" "Mozilla/5.0 (Windows NT 10.0; Win64; x64) AppleWebKit/537.36 (KHTML, like Gecko) Chrome/135.0.0.0 Safari/537.36"
116.96.77.176 - - [14/Apr/2025:06:47:16 +0000] "OPTIONS /api-nodejs/auth/login HTTP/1.1" 204 0 "http://localhost:3000/" "Mozilla/5.0 (Windows NT 10.0; Win64; x64) AppleWebKit/537.36 (KHTML, like Gecko) Chrome/135.0.0.0 Safari/537.36"
116.96.77.176 - - [14/Apr/2025:06:47:16 +0000] "POST /api-nodejs/auth/login HTTP/1.1" 401 97 "http://localhost:3000/" "Mozilla/5.0 (Windows NT 10.0; Win64; x64) AppleWebKit/537.36 (KHTML, like Gecko) Chrome/135.0.0.0 Safari/537.36"
116.96.77.176 - - [14/Apr/2025:06:47:16 +0000] "OPTIONS /api-nodejs/auth/refresh-token HTTP/1.1" 204 0 "http://localhost:3000/" "Mozilla/5.0 (Windows NT 10.0; Win64; x64) AppleWebKit/537.36 (KHTML, like Gecko) Chrome/135.0.0.0 Safari/537.36"
116.96.77.176 - - [14/Apr/2025:06:47:16 +0000] "POST /api-nodejs/auth/refresh-token HTTP/1.1" 401 86 "http://localhost:3000/" "Mozilla/5.0 (Windows NT 10.0; Win64; x64) AppleWebKit/537.36 (KHTML, like Gecko) Chrome/135.0.0.0 Safari/537.36"
116.96.77.176 - - [14/Apr/2025:06:48:21 +0000] "OPTIONS /api-nodejs/auth/login HTTP/1.1" 204 0 "http://localhost:3000/" "Mozilla/5.0 (Windows NT 10.0; Win64; x64) AppleWebKit/537.36 (KHTML, like Gecko) Chrome/135.0.0.0 Safari/537.36"
116.96.77.176 - - [14/Apr/2025:06:48:21 +0000] "POST /api-nodejs/auth/login HTTP/1.1" 200 461 "http://localhost:3000/" "Mozilla/5.0 (Windows NT 10.0; Win64; x64) AppleWebKit/537.36 (KHTML, like Gecko) Chrome/135.0.0.0 Safari/537.36"
192.168.0.6 - - [14/Apr/2025:06:48:38 +0000] "POST /api/auth/login HTTP/1.1" 200 461 "-" "axios/1.6.0"
118.68.26.235 - - [14/Apr/2025:06:48:46 +0000] "GET /ws HTTP/1.1" 101 181 "-" "Mozilla/5.0 (Windows NT 10.0; Win64; x64) AppleWebKit/537.36 (KHTML, like Gecko) Chrome/135.0.0.0 Safari/537.36 Edg/135.0.0.0"
118.68.26.235 - - [14/Apr/2025:06:48:48 +0000] "GET /main.cc65c12695611ddb2220.hot-update.json HTTP/1.1" 200 866 "http://fams.io.vn/login" "Mozilla/5.0 (Windows NT 10.0; Win64; x64) AppleWebKit/537.36 (KHTML, like Gecko) Chrome/135.0.0.0 Safari/537.36 Edg/135.0.0.0"
118.68.26.235 - - [14/Apr/2025:06:49:00 +0000] "GET /ws HTTP/1.1" 101 1230 "-" "Mozilla/5.0 (Windows NT 10.0; Win64; x64) AppleWebKit/537.36 (KHTML, like Gecko) Chrome/135.0.0.0 Safari/537.36 Edg/135.0.0.0"
118.68.26.235 - - [14/Apr/2025:06:49:28 +0000] "GET /login HTTP/1.1" 304 0 "-" "Mozilla/5.0 (Windows NT 10.0; Win64; x64) AppleWebKit/537.36 (KHTML, like Gecko) Chrome/135.0.0.0 Safari/537.36 Edg/135.0.0.0"
118.68.26.235 - - [14/Apr/2025:06:49:28 +0000] "GET /ws HTTP/1.1" 101 1264 "-" "Mozilla/5.0 (Windows NT 10.0; Win64; x64) AppleWebKit/537.36 (KHTML, like Gecko) Chrome/135.0.0.0 Safari/537.36 Edg/135.0.0.0"
118.68.26.235 - - [14/Apr/2025:06:49:28 +0000] "GET /static/js/bundle.js HTTP/1.1" 200 858550 "http://fams.io.vn/login" "Mozilla/5.0 (Windows NT 10.0; Win64; x64) AppleWebKit/537.36 (KHTML, like Gecko) Chrome/135.0.0.0 Safari/537.36 Edg/135.0.0.0"
118.68.26.235 - - [14/Apr/2025:06:49:28 +0000] "GET /favicon.ico HTTP/1.1" 304 0 "http://fams.io.vn/login" "Mozilla/5.0 (Windows NT 10.0; Win64; x64) AppleWebKit/537.36 (KHTML, like Gecko) Chrome/135.0.0.0 Safari/537.36 Edg/135.0.0.0"
118.68.26.235 - - [14/Apr/2025:06:49:30 +0000] "GET /login HTTP/1.1" 304 0 "-" "Mozilla/5.0 (Windows NT 10.0; Win64; x64) AppleWebKit/537.36 (KHTML, like Gecko) Chrome/135.0.0.0 Safari/537.36 Edg/135.0.0.0"
118.68.26.235 - - [14/Apr/2025:06:49:30 +0000] "GET /ws HTTP/1.1" 101 1216 "-" "Mozilla/5.0 (Windows NT 10.0; Win64; x64) AppleWebKit/537.36 (KHTML, like Gecko) Chrome/135.0.0.0 Safari/537.36 Edg/135.0.0.0"
118.68.26.235 - - [14/Apr/2025:06:49:31 +0000] "GET /static/js/bundle.js HTTP/1.1" 304 0 "http://fams.io.vn/login" "Mozilla/5.0 (Windows NT 10.0; Win64; x64) AppleWebKit/537.36 (KHTML, like Gecko) Chrome/135.0.0.0 Safari/537.36 Edg/135.0.0.0"
118.68.26.235 - - [14/Apr/2025:06:49:31 +0000] "GET /favicon.ico HTTP/1.1" 304 0 "http://fams.io.vn/login" "Mozilla/5.0 (Windows NT 10.0; Win64; x64) AppleWebKit/537.36 (KHTML, like Gecko) Chrome/135.0.0.0 Safari/537.36 Edg/135.0.0.0"
118.68.26.235 - - [14/Apr/2025:06:50:11 +0000] "GET /manifest.json HTTP/1.1" 304 0 "http://fams.io.vn/login" "Mozilla/5.0 (Windows NT 10.0; Win64; x64) AppleWebKit/537.36 (KHTML, like Gecko) Chrome/135.0.0.0 Safari/537.36 Edg/135.0.0.0"
118.68.26.235 - - [14/Apr/2025:06:50:12 +0000] "GET /static/js/bundle.js.map HTTP/1.1" 200 917474 "-" "Mozilla/5.0 (Windows NT 10.0; Win64; x64) AppleWebKit/537.36 (KHTML, like Gecko) Chrome/135.0.0.0 Safari/537.36 Edg/135.0.0.0"
116.96.77.176 - - [14/Apr/2025:06:50:53 +0000] "OPTIONS /api-nodejs/auth/refresh-token HTTP/1.1" 204 0 "http://localhost:3000/" "Mozilla/5.0 (Windows NT 10.0; Win64; x64) AppleWebKit/537.36 (KHTML, like Gecko) Chrome/135.0.0.0 Safari/537.36"
116.96.77.176 - - [14/Apr/2025:06:50:53 +0000] "OPTIONS /api-nodejs/auth/refresh-token HTTP/1.1" 204 0 "http://localhost:3000/" "Mozilla/5.0 (Windows NT 10.0; Win64; x64) AppleWebKit/537.36 (KHTML, like Gecko) Chrome/135.0.0.0 Safari/537.36"
116.96.77.176 - - [14/Apr/2025:06:50:53 +0000] "POST /api-nodejs/auth/refresh-token HTTP/1.1" 200 402 "http://localhost:3000/" "Mozilla/5.0 (Windows NT 10.0; Win64; x64) AppleWebKit/537.36 (KHTML, like Gecko) Chrome/135.0.0.0 Safari/537.36"
116.96.77.176 - - [14/Apr/2025:06:50:53 +0000] "POST /api-nodejs/auth/refresh-token HTTP/1.1" 200 402 "http://localhost:3000/" "Mozilla/5.0 (Windows NT 10.0; Win64; x64) AppleWebKit/537.36 (KHTML, like Gecko) Chrome/135.0.0.0 Safari/537.36"
116.96.77.176 - - [14/Apr/2025:06:51:26 +0000] "OPTIONS /api-nodejs/auth/refresh-token HTTP/1.1" 204 0 "http://localhost:3000/" "Mozilla/5.0 (Windows NT 10.0; Win64; x64) AppleWebKit/537.36 (KHTML, like Gecko) Chrome/135.0.0.0 Safari/537.36"
116.96.77.176 - - [14/Apr/2025:06:51:26 +0000] "POST /api-nodejs/auth/refresh-token HTTP/1.1" 401 82 "http://localhost:3000/" "Mozilla/5.0 (Windows NT 10.0; Win64; x64) AppleWebKit/537.36 (KHTML, like Gecko) Chrome/135.0.0.0 Safari/537.36"
100.26.34.111 - - [14/Apr/2025:06:51:27 +0000] "GET /login HTTP/1.1" 404 144 "-" "got (https://github.com/sindresorhus/got)"
54.86.50.139 - - [14/Apr/2025:06:51:53 +0000] "POST /api-nodejs/auth/login HTTP/1.1" 200 461 "-" "PostmanRuntime/7.43.3"
77.234.44.161 - - [14/Apr/2025:06:51:58 +0000] "GET / HTTP/1.1" 200 1754 "-" "-"
116.96.77.176 - - [14/Apr/2025:06:51:58 +0000] "OPTIONS /api-nodejs/auth/login HTTP/1.1" 204 0 "http://localhost:3000/" "Mozilla/5.0 (Windows NT 10.0; Win64; x64) AppleWebKit/537.36 (KHTML, like Gecko) Chrome/135.0.0.0 Safari/537.36"
116.96.77.176 - - [14/Apr/2025:06:51:58 +0000] "POST /api-nodejs/auth/login HTTP/1.1" 401 97 "http://localhost:3000/" "Mozilla/5.0 (Windows NT 10.0; Win64; x64) AppleWebKit/537.36 (KHTML, like Gecko) Chrome/135.0.0.0 Safari/537.36"
116.96.77.176 - - [14/Apr/2025:06:51:58 +0000] "OPTIONS /api-nodejs/auth/refresh-token HTTP/1.1" 204 0 "http://localhost:3000/" "Mozilla/5.0 (Windows NT 10.0; Win64; x64) AppleWebKit/537.36 (KHTML, like Gecko) Chrome/135.0.0.0 Safari/537.36"
116.96.77.176 - - [14/Apr/2025:06:51:59 +0000] "POST /api-nodejs/auth/refresh-token HTTP/1.1" 401 86 "http://localhost:3000/" "Mozilla/5.0 (Windows NT 10.0; Win64; x64) AppleWebKit/537.36 (KHTML, like Gecko) Chrome/135.0.0.0 Safari/537.36"
118.68.26.235 - - [14/Apr/2025:06:52:15 +0000] "GET /main.d9dd27d9fed78f1b7fa2.hot-update.json HTTP/1.1" 200 28 "http://fams.io.vn/login" "Mozilla/5.0 (Windows NT 10.0; Win64; x64) AppleWebKit/537.36 (KHTML, like Gecko) Chrome/135.0.0.0 Safari/537.36 Edg/135.0.0.0"
118.68.26.235 - - [14/Apr/2025:06:52:15 +0000] "GET /main.d9dd27d9fed78f1b7fa2.hot-update.js HTTP/1.1" 200 1900 "http://fams.io.vn/login" "Mozilla/5.0 (Windows NT 10.0; Win64; x64) AppleWebKit/537.36 (KHTML, like Gecko) Chrome/135.0.0.0 Safari/537.36 Edg/135.0.0.0"
118.68.26.235 - - [14/Apr/2025:06:52:15 +0000] "GET /main.d9dd27d9fed78f1b7fa2.hot-update.js.map HTTP/1.1" 200 1429 "-" "Mozilla/5.0 (Windows NT 10.0; Win64; x64) AppleWebKit/537.36 (KHTML, like Gecko) Chrome/135.0.0.0 Safari/537.36 Edg/135.0.0.0"
118.68.26.235 - - [14/Apr/2025:06:53:17 +0000] "GET /ws HTTP/1.1" 101 2751 "-" "Mozilla/5.0 (Windows NT 10.0; Win64; x64) AppleWebKit/537.36 (KHTML, like Gecko) Chrome/135.0.0.0 Safari/537.36 Edg/135.0.0.0"
118.68.26.235 - - [14/Apr/2025:06:54:01 +0000] "GET /ws HTTP/1.1" 502 559 "-" "Mozilla/5.0 (Windows NT 10.0; Win64; x64) AppleWebKit/537.36 (KHTML, like Gecko) Chrome/135.0.0.0 Safari/537.36 Edg/135.0.0.0"
192.168.16.1 - - [14/Apr/2025:06:54:32 +0000] "POST /api/auth/login HTTP/1.1" 200 461 "-" "axios/1.6.0"
192.168.16.6 - - [14/Apr/2025:06:54:33 +0000] "POST /api/auth/login HTTP/1.1" 200 461 "-" "axios/1.6.0"
118.68.26.235 - - [14/Apr/2025:06:54:43 +0000] "GET /main.708197736bc86ad4abb3.hot-update.json HTTP/1.1" 200 866 "http://fams.io.vn/login" "Mozilla/5.0 (Windows NT 10.0; Win64; x64) AppleWebKit/537.36 (KHTML, like Gecko) Chrome/135.0.0.0 Safari/537.36 Edg/135.0.0.0"
118.68.26.235 - - [14/Apr/2025:06:56:45 +0000] "GET /login HTTP/1.1" 304 0 "-" "Mozilla/5.0 (Windows NT 10.0; Win64; x64) AppleWebKit/537.36 (KHTML, like Gecko) Chrome/135.0.0.0 Safari/537.36 Edg/135.0.0.0"
118.68.26.235 - - [14/Apr/2025:06:56:45 +0000] "GET /ws HTTP/1.1" 101 1448 "-" "Mozilla/5.0 (Windows NT 10.0; Win64; x64) AppleWebKit/537.36 (KHTML, like Gecko) Chrome/135.0.0.0 Safari/537.36 Edg/135.0.0.0"
118.68.26.235 - - [14/Apr/2025:06:56:45 +0000] "GET /static/js/bundle.js HTTP/1.1" 200 858747 "http://fams.io.vn/login" "Mozilla/5.0 (Windows NT 10.0; Win64; x64) AppleWebKit/537.36 (KHTML, like Gecko) Chrome/135.0.0.0 Safari/537.36 Edg/135.0.0.0"
118.68.26.235 - - [14/Apr/2025:06:56:46 +0000] "GET /favicon.ico HTTP/1.1" 304 0 "http://fams.io.vn/login" "Mozilla/5.0 (Windows NT 10.0; Win64; x64) AppleWebKit/537.36 (KHTML, like Gecko) Chrome/135.0.0.0 Safari/537.36 Edg/135.0.0.0"
118.68.26.235 - - [14/Apr/2025:06:56:52 +0000] "POST /api/auth/login HTTP/1.1" 200 461 "http://fams.io.vn/login" "Mozilla/5.0 (Windows NT 10.0; Win64; x64) AppleWebKit/537.36 (KHTML, like Gecko) Chrome/135.0.0.0 Safari/537.36 Edg/135.0.0.0"
118.68.26.235 - - [14/Apr/2025:06:57:17 +0000] "GET /api/auth/me HTTP/1.1" 200 85 "http://fams.io.vn/profile" "Mozilla/5.0 (Windows NT 10.0; Win64; x64) AppleWebKit/537.36 (KHTML, like Gecko) Chrome/135.0.0.0 Safari/537.36 Edg/135.0.0.0"
118.68.26.235 - - [14/Apr/2025:06:57:17 +0000] "GET /api/auth/me HTTP/1.1" 200 85 "http://fams.io.vn/profile" "Mozilla/5.0 (Windows NT 10.0; Win64; x64) AppleWebKit/537.36 (KHTML, like Gecko) Chrome/135.0.0.0 Safari/537.36 Edg/135.0.0.0"
118.68.26.235 - - [14/Apr/2025:06:57:43 +0000] "GET /api/schedule/me HTTP/1.1" 404 154 "http://fams.io.vn/schedule" "Mozilla/5.0 (Windows NT 10.0; Win64; x64) AppleWebKit/537.36 (KHTML, like Gecko) Chrome/135.0.0.0 Safari/537.36 Edg/135.0.0.0"
118.68.26.235 - - [14/Apr/2025:06:57:43 +0000] "GET /api/schedule/me HTTP/1.1" 404 154 "http://fams.io.vn/schedule" "Mozilla/5.0 (Windows NT 10.0; Win64; x64) AppleWebKit/537.36 (KHTML, like Gecko) Chrome/135.0.0.0 Safari/537.36 Edg/135.0.0.0"
116.96.77.176 - - [14/Apr/2025:06:58:09 +0000] "OPTIONS /api-nodejs/auth/login HTTP/1.1" 204 0 "http://localhost:3000/" "Mozilla/5.0 (Windows NT 10.0; Win64; x64) AppleWebKit/537.36 (KHTML, like Gecko) Chrome/135.0.0.0 Safari/537.36"
116.96.77.176 - - [14/Apr/2025:06:58:10 +0000] "POST /api-nodejs/auth/login HTTP/1.1" 200 461 "http://localhost:3000/" "Mozilla/5.0 (Windows NT 10.0; Win64; x64) AppleWebKit/537.36 (KHTML, like Gecko) Chrome/135.0.0.0 Safari/537.36"
116.96.77.176 - - [14/Apr/2025:06:58:49 +0000] "OPTIONS /api-nodejs/auth/login HTTP/1.1" 204 0 "http://localhost:3000/" "Mozilla/5.0 (Windows NT 10.0; Win64; x64) AppleWebKit/537.36 (KHTML, like Gecko) Chrome/135.0.0.0 Safari/537.36"
116.96.77.176 - - [14/Apr/2025:06:58:50 +0000] "POST /api-nodejs/auth/login HTTP/1.1" 401 97 "http://localhost:3000/" "Mozilla/5.0 (Windows NT 10.0; Win64; x64) AppleWebKit/537.36 (KHTML, like Gecko) Chrome/135.0.0.0 Safari/537.36"
116.96.77.176 - - [14/Apr/2025:06:58:50 +0000] "OPTIONS /api-nodejs/auth/refresh-token HTTP/1.1" 204 0 "http://localhost:3000/" "Mozilla/5.0 (Windows NT 10.0; Win64; x64) AppleWebKit/537.36 (KHTML, like Gecko) Chrome/135.0.0.0 Safari/537.36"
116.96.77.176 - - [14/Apr/2025:06:58:50 +0000] "POST /api-nodejs/auth/refresh-token HTTP/1.1" 401 86 "http://localhost:3000/" "Mozilla/5.0 (Windows NT 10.0; Win64; x64) AppleWebKit/537.36 (KHTML, like Gecko) Chrome/135.0.0.0 Safari/537.36"
118.68.26.235 - - [14/Apr/2025:06:58:50 +0000] "GET /manifest.json HTTP/1.1" 304 0 "http://fams.io.vn/schedule" "Mozilla/5.0 (Windows NT 10.0; Win64; x64) AppleWebKit/537.36 (KHTML, like Gecko) Chrome/135.0.0.0 Safari/537.36 Edg/135.0.0.0"
118.68.26.235 - - [14/Apr/2025:06:58:51 +0000] "GET /static/js/bundle.js.map HTTP/1.1" 200 917607 "-" "Mozilla/5.0 (Windows NT 10.0; Win64; x64) AppleWebKit/537.36 (KHTML, like Gecko) Chrome/135.0.0.0 Safari/537.36 Edg/135.0.0.0"
116.96.77.176 - - [14/Apr/2025:06:59:46 +0000] "OPTIONS /api-nodejs/auth/login HTTP/1.1" 204 0 "http://localhost:3000/" "Mozilla/5.0 (Windows NT 10.0; Win64; x64) AppleWebKit/537.36 (KHTML, like Gecko) Chrome/135.0.0.0 Safari/537.36"
116.96.77.176 - - [14/Apr/2025:06:59:46 +0000] "POST /api-nodejs/auth/login HTTP/1.1" 401 97 "http://localhost:3000/" "Mozilla/5.0 (Windows NT 10.0; Win64; x64) AppleWebKit/537.36 (KHTML, like Gecko) Chrome/135.0.0.0 Safari/537.36"
116.96.77.176 - - [14/Apr/2025:06:59:46 +0000] "OPTIONS /api-nodejs/auth/refresh-token HTTP/1.1" 204 0 "http://localhost:3000/" "Mozilla/5.0 (Windows NT 10.0; Win64; x64) AppleWebKit/537.36 (KHTML, like Gecko) Chrome/135.0.0.0 Safari/537.36"
116.96.77.176 - - [14/Apr/2025:06:59:47 +0000] "POST /api-nodejs/auth/refresh-token HTTP/1.1" 401 86 "http://localhost:3000/" "Mozilla/5.0 (Windows NT 10.0; Win64; x64) AppleWebKit/537.36 (KHTML, like Gecko) Chrome/135.0.0.0 Safari/537.36"
116.96.77.176 - - [14/Apr/2025:07:00:58 +0000] "OPTIONS /api-nodejs/auth/login HTTP/1.1" 204 0 "http://localhost:3000/" "Mozilla/5.0 (Windows NT 10.0; Win64; x64) AppleWebKit/537.36 (KHTML, like Gecko) Chrome/135.0.0.0 Safari/537.36"
116.96.77.176 - - [14/Apr/2025:07:00:58 +0000] "POST /api-nodejs/auth/login HTTP/1.1" 401 97 "http://localhost:3000/" "Mozilla/5.0 (Windows NT 10.0; Win64; x64) AppleWebKit/537.36 (KHTML, like Gecko) Chrome/135.0.0.0 Safari/537.36"
116.96.77.176 - - [14/Apr/2025:07:00:58 +0000] "OPTIONS /api-nodejs/auth/refresh-token HTTP/1.1" 204 0 "http://localhost:3000/" "Mozilla/5.0 (Windows NT 10.0; Win64; x64) AppleWebKit/537.36 (KHTML, like Gecko) Chrome/135.0.0.0 Safari/537.36"
116.96.77.176 - - [14/Apr/2025:07:00:58 +0000] "POST /api-nodejs/auth/refresh-token HTTP/1.1" 401 86 "http://localhost:3000/" "Mozilla/5.0 (Windows NT 10.0; Win64; x64) AppleWebKit/537.36 (KHTML, like Gecko) Chrome/135.0.0.0 Safari/537.36"
116.96.77.176 - - [14/Apr/2025:07:01:17 +0000] "OPTIONS /api-nodejs/auth/login HTTP/1.1" 204 0 "http://localhost:3000/" "Mozilla/5.0 (Windows NT 10.0; Win64; x64) AppleWebKit/537.36 (KHTML, like Gecko) Chrome/135.0.0.0 Safari/537.36"
116.96.77.176 - - [14/Apr/2025:07:01:17 +0000] "POST /api-nodejs/auth/login HTTP/1.1" 200 461 "http://localhost:3000/" "Mozilla/5.0 (Windows NT 10.0; Win64; x64) AppleWebKit/537.36 (KHTML, like Gecko) Chrome/135.0.0.0 Safari/537.36"
118.68.26.235 - - [14/Apr/2025:07:01:18 +0000] "POST /api/auth/logout HTTP/1.1" 200 76 "http://fams.io.vn/schedule" "Mozilla/5.0 (Windows NT 10.0; Win64; x64) AppleWebKit/537.36 (KHTML, like Gecko) Chrome/135.0.0.0 Safari/537.36 Edg/135.0.0.0"
118.68.26.235 - - [14/Apr/2025:07:01:22 +0000] "POST /api/auth/login HTTP/1.1" 200 461 "http://fams.io.vn/login" "Mozilla/5.0 (Windows NT 10.0; Win64; x64) AppleWebKit/537.36 (KHTML, like Gecko) Chrome/135.0.0.0 Safari/537.36 Edg/135.0.0.0"
116.96.77.176 - - [14/Apr/2025:07:01:28 +0000] "OPTIONS /api-nodejs/users?page=1&search=&grade=&roles=&className=&limit=500&phone= HTTP/1.1" 204 0 "http://localhost:3000/" "Mozilla/5.0 (Windows NT 10.0; Win64; x64) AppleWebKit/537.36 (KHTML, like Gecko) Chrome/135.0.0.0 Safari/537.36"
116.96.77.176 - - [14/Apr/2025:07:01:28 +0000] "OPTIONS /api-nodejs/users?page=1&search=&grade=&roles=&className=&limit=500&phone= HTTP/1.1" 204 0 "http://localhost:3000/" "Mozilla/5.0 (Windows NT 10.0; Win64; x64) AppleWebKit/537.36 (KHTML, like Gecko) Chrome/135.0.0.0 Safari/537.36"
116.96.77.176 - - [14/Apr/2025:07:01:28 +0000] "OPTIONS /api-nodejs/users?page=1&search=&grade=&roles=&className=&limit=500&phone HTTP/1.1" 204 0 "http://localhost:3000/" "Mozilla/5.0 (Windows NT 10.0; Win64; x64) AppleWebKit/537.36 (KHTML, like Gecko) Chrome/135.0.0.0 Safari/537.36"
116.96.77.176 - - [14/Apr/2025:07:01:28 +0000] "OPTIONS /api-nodejs/users?page=1&search=&grade=&roles=&className=&limit=500&phone HTTP/1.1" 204 0 "http://localhost:3000/" "Mozilla/5.0 (Windows NT 10.0; Win64; x64) AppleWebKit/537.36 (KHTML, like Gecko) Chrome/135.0.0.0 Safari/537.36"
116.96.77.176 - - [14/Apr/2025:07:01:33 +0000] "GET /api-nodejs/users?page=1&search=&grade=&roles=&className=&limit=500&phone= HTTP/1.1" 200 299274 "http://localhost:3000/" "Mozilla/5.0 (Windows NT 10.0; Win64; x64) AppleWebKit/537.36 (KHTML, like Gecko) Chrome/135.0.0.0 Safari/537.36"
116.96.77.176 - - [14/Apr/2025:07:01:33 +0000] "GET /api-nodejs/users?page=1&search=&grade=&roles=&className=&limit=500&phone HTTP/1.1" 200 299274 "http://localhost:3000/" "Mozilla/5.0 (Windows NT 10.0; Win64; x64) AppleWebKit/537.36 (KHTML, like Gecko) Chrome/135.0.0.0 Safari/537.36"
116.96.77.176 - - [14/Apr/2025:07:01:36 +0000] "GET /api-nodejs/users?page=1&search=&grade=&roles=&className=&limit=500&phone= HTTP/1.1" 200 299274 "http://localhost:3000/" "Mozilla/5.0 (Windows NT 10.0; Win64; x64) AppleWebKit/537.36 (KHTML, like Gecko) Chrome/135.0.0.0 Safari/537.36"
116.96.77.176 - - [14/Apr/2025:07:01:36 +0000] "GET /api-nodejs/users?page=1&search=&grade=&roles=&className=&limit=500&phone HTTP/1.1" 200 299274 "http://localhost:3000/" "Mozilla/5.0 (Windows NT 10.0; Win64; x64) AppleWebKit/537.36 (KHTML, like Gecko) Chrome/135.0.0.0 Safari/537.36"
118.68.26.235 - - [14/Apr/2025:07:01:38 +0000] "POST /api/auth/login HTTP/1.1" 200 461 "http://fams.io.vn/login" "Mozilla/5.0 (Windows NT 10.0; Win64; x64) AppleWebKit/537.36 (KHTML, like Gecko) Chrome/135.0.0.0 Safari/537.36 Edg/135.0.0.0"
118.68.26.235 - - [14/Apr/2025:07:01:39 +0000] "GET /api/auth/me HTTP/1.1" 200 85 "http://fams.io.vn/profile" "Mozilla/5.0 (Windows NT 10.0; Win64; x64) AppleWebKit/537.36 (KHTML, like Gecko) Chrome/135.0.0.0 Safari/537.36 Edg/135.0.0.0"
118.68.26.235 - - [14/Apr/2025:07:01:39 +0000] "GET /api/auth/me HTTP/1.1" 200 85 "http://fams.io.vn/profile" "Mozilla/5.0 (Windows NT 10.0; Win64; x64) AppleWebKit/537.36 (KHTML, like Gecko) Chrome/135.0.0.0 Safari/537.36 Edg/135.0.0.0"
118.68.26.235 - - [14/Apr/2025:07:01:40 +0000] "GET /api/schedule/me HTTP/1.1" 404 154 "http://fams.io.vn/schedule" "Mozilla/5.0 (Windows NT 10.0; Win64; x64) AppleWebKit/537.36 (KHTML, like Gecko) Chrome/135.0.0.0 Safari/537.36 Edg/135.0.0.0"
118.68.26.235 - - [14/Apr/2025:07:01:40 +0000] "GET /api/schedule/me HTTP/1.1" 404 154 "http://fams.io.vn/schedule" "Mozilla/5.0 (Windows NT 10.0; Win64; x64) AppleWebKit/537.36 (KHTML, like Gecko) Chrome/135.0.0.0 Safari/537.36 Edg/135.0.0.0"
118.68.26.235 - - [14/Apr/2025:07:01:42 +0000] "GET /api/schedule/me HTTP/1.1" 404 154 "http://fams.io.vn/schedule" "Mozilla/5.0 (Windows NT 10.0; Win64; x64) AppleWebKit/537.36 (KHTML, like Gecko) Chrome/135.0.0.0 Safari/537.36 Edg/135.0.0.0"
118.68.26.235 - - [14/Apr/2025:07:01:42 +0000] "GET /api/schedule/me HTTP/1.1" 404 154 "http://fams.io.vn/schedule" "Mozilla/5.0 (Windows NT 10.0; Win64; x64) AppleWebKit/537.36 (KHTML, like Gecko) Chrome/135.0.0.0 Safari/537.36 Edg/135.0.0.0"
118.68.26.235 - - [14/Apr/2025:07:02:16 +0000] "GET /api/schedule/me HTTP/1.1" 404 154 "http://fams.io.vn/schedule" "Mozilla/5.0 (Windows NT 10.0; Win64; x64) AppleWebKit/537.36 (KHTML, like Gecko) Chrome/135.0.0.0 Safari/537.36 Edg/135.0.0.0"
118.68.26.235 - - [14/Apr/2025:07:02:16 +0000] "GET /api/schedule/me HTTP/1.1" 404 154 "http://fams.io.vn/schedule" "Mozilla/5.0 (Windows NT 10.0; Win64; x64) AppleWebKit/537.36 (KHTML, like Gecko) Chrome/135.0.0.0 Safari/537.36 Edg/135.0.0.0"
118.68.26.235 - - [14/Apr/2025:07:02:16 +0000] "GET /api/auth/me HTTP/1.1" 200 85 "http://fams.io.vn/profile" "Mozilla/5.0 (Windows NT 10.0; Win64; x64) AppleWebKit/537.36 (KHTML, like Gecko) Chrome/135.0.0.0 Safari/537.36 Edg/135.0.0.0"
118.68.26.235 - - [14/Apr/2025:07:02:16 +0000] "GET /api/auth/me HTTP/1.1" 200 85 "http://fams.io.vn/profile" "Mozilla/5.0 (Windows NT 10.0; Win64; x64) AppleWebKit/537.36 (KHTML, like Gecko) Chrome/135.0.0.0 Safari/537.36 Edg/135.0.0.0"
118.68.26.235 - - [14/Apr/2025:07:02:20 +0000] "POST /api/auth/logout HTTP/1.1" 200 76 "http://fams.io.vn/" "Mozilla/5.0 (Windows NT 10.0; Win64; x64) AppleWebKit/537.36 (KHTML, like Gecko) Chrome/135.0.0.0 Safari/537.36 Edg/135.0.0.0"
116.96.77.176 - - [14/Apr/2025:07:02:27 +0000] "OPTIONS /api-nodejs/auth/refresh-token HTTP/1.1" 204 0 "http://localhost:3000/" "Mozilla/5.0 (Windows NT 10.0; Win64; x64) AppleWebKit/537.36 (KHTML, like Gecko) Chrome/135.0.0.0 Safari/537.36"
116.96.77.176 - - [14/Apr/2025:07:02:27 +0000] "POST /api-nodejs/auth/refresh-token HTTP/1.1" 200 402 "http://localhost:3000/" "Mozilla/5.0 (Windows NT 10.0; Win64; x64) AppleWebKit/537.36 (KHTML, like Gecko) Chrome/135.0.0.0 Safari/537.36"
116.96.77.176 - - [14/Apr/2025:07:02:51 +0000] "OPTIONS /api-nodejs/auth/refresh-token HTTP/1.1" 204 0 "http://localhost:3000/" "Mozilla/5.0 (Windows NT 10.0; Win64; x64) AppleWebKit/537.36 (KHTML, like Gecko) Chrome/135.0.0.0 Safari/537.36"
116.96.77.176 - - [14/Apr/2025:07:02:51 +0000] "POST /api-nodejs/auth/refresh-token HTTP/1.1" 401 82 "http://localhost:3000/" "Mozilla/5.0 (Windows NT 10.0; Win64; x64) AppleWebKit/537.36 (KHTML, like Gecko) Chrome/135.0.0.0 Safari/537.36"
116.96.77.176 - - [14/Apr/2025:07:02:57 +0000] "OPTIONS /api-nodejs/auth/login HTTP/1.1" 204 0 "http://localhost:3000/" "Mozilla/5.0 (Windows NT 10.0; Win64; x64) AppleWebKit/537.36 (KHTML, like Gecko) Chrome/135.0.0.0 Safari/537.36"
116.96.77.176 - - [14/Apr/2025:07:02:58 +0000] "POST /api-nodejs/auth/login HTTP/1.1" 200 461 "http://localhost:3000/" "Mozilla/5.0 (Windows NT 10.0; Win64; x64) AppleWebKit/537.36 (KHTML, like Gecko) Chrome/135.0.0.0 Safari/537.36"
116.96.77.176 - - [14/Apr/2025:07:03:10 +0000] "OPTIONS /api-nodejs/auth/refresh-token HTTP/1.1" 204 0 "http://localhost:3000/" "Mozilla/5.0 (Windows NT 10.0; Win64; x64) AppleWebKit/537.36 (KHTML, like Gecko) Chrome/135.0.0.0 Safari/537.36"
116.96.77.176 - - [14/Apr/2025:07:03:10 +0000] "OPTIONS /api-nodejs/auth/refresh-token HTTP/1.1" 204 0 "http://localhost:3000/" "Mozilla/5.0 (Windows NT 10.0; Win64; x64) AppleWebKit/537.36 (KHTML, like Gecko) Chrome/135.0.0.0 Safari/537.36"
116.96.77.176 - - [14/Apr/2025:07:03:10 +0000] "POST /api-nodejs/auth/refresh-token HTTP/1.1" 200 402 "http://localhost:3000/" "Mozilla/5.0 (Windows NT 10.0; Win64; x64) AppleWebKit/537.36 (KHTML, like Gecko) Chrome/135.0.0.0 Safari/537.36"
116.96.77.176 - - [14/Apr/2025:07:03:10 +0000] "POST /api-nodejs/auth/refresh-token HTTP/1.1" 200 402 "http://localhost:3000/" "Mozilla/5.0 (Windows NT 10.0; Win64; x64) AppleWebKit/537.36 (KHTML, like Gecko) Chrome/135.0.0.0 Safari/537.36"
118.68.26.235 - - [14/Apr/2025:07:03:36 +0000] "GET /ws HTTP/1.1" 101 2008 "-" "Mozilla/5.0 (Windows NT 10.0; Win64; x64) AppleWebKit/537.36 (KHTML, like Gecko) Chrome/135.0.0.0 Safari/537.36 Edg/135.0.0.0"
118.68.26.235 - - [14/Apr/2025:07:03:43 +0000] "GET / HTTP/1.1" 304 0 "-" "Mozilla/5.0 (Windows NT 10.0; Win64; x64) AppleWebKit/537.36 (KHTML, like Gecko) Chrome/135.0.0.0 Safari/537.36 Edg/135.0.0.0"
118.68.26.235 - - [14/Apr/2025:07:03:43 +0000] "GET /static/js/bundle.js HTTP/1.1" 304 0 "http://fams.io.vn/" "Mozilla/5.0 (Windows NT 10.0; Win64; x64) AppleWebKit/537.36 (KHTML, like Gecko) Chrome/135.0.0.0 Safari/537.36 Edg/135.0.0.0"
118.68.26.235 - - [14/Apr/2025:07:03:45 +0000] "POST /api/auth/login HTTP/1.1" 200 461 "http://fams.io.vn/login" "Mozilla/5.0 (Windows NT 10.0; Win64; x64) AppleWebKit/537.36 (KHTML, like Gecko) Chrome/135.0.0.0 Safari/537.36 Edg/135.0.0.0"
118.68.26.235 - - [14/Apr/2025:07:03:47 +0000] "GET /api/auth/me HTTP/1.1" 200 85 "http://fams.io.vn/profile" "Mozilla/5.0 (Windows NT 10.0; Win64; x64) AppleWebKit/537.36 (KHTML, like Gecko) Chrome/135.0.0.0 Safari/537.36 Edg/135.0.0.0"
118.68.26.235 - - [14/Apr/2025:07:03:47 +0000] "GET /api/auth/me HTTP/1.1" 200 85 "http://fams.io.vn/profile" "Mozilla/5.0 (Windows NT 10.0; Win64; x64) AppleWebKit/537.36 (KHTML, like Gecko) Chrome/135.0.0.0 Safari/537.36 Edg/135.0.0.0"
118.68.26.235 - - [14/Apr/2025:07:03:48 +0000] "GET /api/schedule/me HTTP/1.1" 404 154 "http://fams.io.vn/schedule" "Mozilla/5.0 (Windows NT 10.0; Win64; x64) AppleWebKit/537.36 (KHTML, like Gecko) Chrome/135.0.0.0 Safari/537.36 Edg/135.0.0.0"
118.68.26.235 - - [14/Apr/2025:07:03:48 +0000] "GET /api/schedule/me HTTP/1.1" 404 154 "http://fams.io.vn/schedule" "Mozilla/5.0 (Windows NT 10.0; Win64; x64) AppleWebKit/537.36 (KHTML, like Gecko) Chrome/135.0.0.0 Safari/537.36 Edg/135.0.0.0"
116.96.77.176 - - [14/Apr/2025:07:03:59 +0000] "OPTIONS /api-nodejs/auth/refresh-token HTTP/1.1" 204 0 "http://localhost:3000/" "Mozilla/5.0 (Windows NT 10.0; Win64; x64) AppleWebKit/537.36 (KHTML, like Gecko) Chrome/135.0.0.0 Safari/537.36"
116.96.77.176 - - [14/Apr/2025:07:03:59 +0000] "POST /api-nodejs/auth/refresh-token HTTP/1.1" 401 82 "http://localhost:3000/" "Mozilla/5.0 (Windows NT 10.0; Win64; x64) AppleWebKit/537.36 (KHTML, like Gecko) Chrome/135.0.0.0 Safari/537.36"
116.96.77.176 - - [14/Apr/2025:07:04:04 +0000] "OPTIONS /api-nodejs/auth/login HTTP/1.1" 204 0 "http://localhost:3000/" "Mozilla/5.0 (Windows NT 10.0; Win64; x64) AppleWebKit/537.36 (KHTML, like Gecko) Chrome/135.0.0.0 Safari/537.36"
116.96.77.176 - - [14/Apr/2025:07:04:05 +0000] "POST /api-nodejs/auth/login HTTP/1.1" 200 461 "http://localhost:3000/" "Mozilla/5.0 (Windows NT 10.0; Win64; x64) AppleWebKit/537.36 (KHTML, like Gecko) Chrome/135.0.0.0 Safari/537.36"
118.68.26.235 - - [14/Apr/2025:07:04:06 +0000] "GET /ws HTTP/1.1" 101 1256 "-" "Mozilla/5.0 (Windows NT 10.0; Win64; x64) AppleWebKit/537.36 (KHTML, like Gecko) Chrome/135.0.0.0 Safari/537.36 Edg/135.0.0.0"
116.96.77.176 - - [14/Apr/2025:07:04:12 +0000] "OPTIONS /api-nodejs/auth/refresh-token HTTP/1.1" 204 0 "http://localhost:3000/" "Mozilla/5.0 (Windows NT 10.0; Win64; x64) AppleWebKit/537.36 (KHTML, like Gecko) Chrome/135.0.0.0 Safari/537.36"
116.96.77.176 - - [14/Apr/2025:07:04:12 +0000] "OPTIONS /api-nodejs/auth/refresh-token HTTP/1.1" 204 0 "http://localhost:3000/" "Mozilla/5.0 (Windows NT 10.0; Win64; x64) AppleWebKit/537.36 (KHTML, like Gecko) Chrome/135.0.0.0 Safari/537.36"
116.96.77.176 - - [14/Apr/2025:07:04:12 +0000] "POST /api-nodejs/auth/refresh-token HTTP/1.1" 200 402 "http://localhost:3000/" "Mozilla/5.0 (Windows NT 10.0; Win64; x64) AppleWebKit/537.36 (KHTML, like Gecko) Chrome/135.0.0.0 Safari/537.36"
116.96.77.176 - - [14/Apr/2025:07:04:12 +0000] "POST /api-nodejs/auth/refresh-token HTTP/1.1" 200 402 "http://localhost:3000/" "Mozilla/5.0 (Windows NT 10.0; Win64; x64) AppleWebKit/537.36 (KHTML, like Gecko) Chrome/135.0.0.0 Safari/537.36"
91.236.116.61 - - [14/Apr/2025:07:04:42 +0000] "CONNECT google.com:443 HTTP/1.1" 400 157 "-" "-"
116.96.77.176 - - [14/Apr/2025:07:04:43 +0000] "OPTIONS /api-nodejs/auth/refresh-token HTTP/1.1" 204 0 "http://localhost:3000/" "Mozilla/5.0 (Windows NT 10.0; Win64; x64) AppleWebKit/537.36 (KHTML, like Gecko) Chrome/135.0.0.0 Safari/537.36"
116.96.77.176 - - [14/Apr/2025:07:04:43 +0000] "POST /api-nodejs/auth/refresh-token HTTP/1.1" 401 82 "http://localhost:3000/" "Mozilla/5.0 (Windows NT 10.0; Win64; x64) AppleWebKit/537.36 (KHTML, like Gecko) Chrome/135.0.0.0 Safari/537.36"
116.96.77.176 - - [14/Apr/2025:07:04:48 +0000] "OPTIONS /api-nodejs/auth/login HTTP/1.1" 204 0 "http://localhost:3000/" "Mozilla/5.0 (Windows NT 10.0; Win64; x64) AppleWebKit/537.36 (KHTML, like Gecko) Chrome/135.0.0.0 Safari/537.36"
116.96.77.176 - - [14/Apr/2025:07:04:48 +0000] "POST /api-nodejs/auth/login HTTP/1.1" 200 461 "http://localhost:3000/" "Mozilla/5.0 (Windows NT 10.0; Win64; x64) AppleWebKit/537.36 (KHTML, like Gecko) Chrome/135.0.0.0 Safari/537.36"
116.96.77.176 - - [14/Apr/2025:07:04:53 +0000] "OPTIONS /api-nodejs/auth/refresh-token HTTP/1.1" 204 0 "http://localhost:3000/" "Mozilla/5.0 (Windows NT 10.0; Win64; x64) AppleWebKit/537.36 (KHTML, like Gecko) Chrome/135.0.0.0 Safari/537.36"
116.96.77.176 - - [14/Apr/2025:07:04:53 +0000] "OPTIONS /api-nodejs/auth/refresh-token HTTP/1.1" 204 0 "http://localhost:3000/" "Mozilla/5.0 (Windows NT 10.0; Win64; x64) AppleWebKit/537.36 (KHTML, like Gecko) Chrome/135.0.0.0 Safari/537.36"
116.96.77.176 - - [14/Apr/2025:07:04:54 +0000] "POST /api-nodejs/auth/refresh-token HTTP/1.1" 200 402 "http://localhost:3000/" "Mozilla/5.0 (Windows NT 10.0; Win64; x64) AppleWebKit/537.36 (KHTML, like Gecko) Chrome/135.0.0.0 Safari/537.36"
116.96.77.176 - - [14/Apr/2025:07:04:54 +0000] "POST /api-nodejs/auth/refresh-token HTTP/1.1" 200 402 "http://localhost:3000/" "Mozilla/5.0 (Windows NT 10.0; Win64; x64) AppleWebKit/537.36 (KHTML, like Gecko) Chrome/135.0.0.0 Safari/537.36"
116.96.77.176 - - [14/Apr/2025:07:05:20 +0000] "OPTIONS /api-nodejs/auth/refresh-token HTTP/1.1" 204 0 "http://localhost:3000/" "Mozilla/5.0 (Windows NT 10.0; Win64; x64) AppleWebKit/537.36 (KHTML, like Gecko) Chrome/135.0.0.0 Safari/537.36"
116.96.77.176 - - [14/Apr/2025:07:05:20 +0000] "POST /api-nodejs/auth/refresh-token HTTP/1.1" 401 82 "http://localhost:3000/" "Mozilla/5.0 (Windows NT 10.0; Win64; x64) AppleWebKit/537.36 (KHTML, like Gecko) Chrome/135.0.0.0 Safari/537.36"
116.96.77.176 - - [14/Apr/2025:07:05:24 +0000] "OPTIONS /api-nodejs/auth/login HTTP/1.1" 204 0 "http://localhost:3000/" "Mozilla/5.0 (Windows NT 10.0; Win64; x64) AppleWebKit/537.36 (KHTML, like Gecko) Chrome/135.0.0.0 Safari/537.36"
116.96.77.176 - - [14/Apr/2025:07:05:25 +0000] "POST /api-nodejs/auth/login HTTP/1.1" 200 461 "http://localhost:3000/" "Mozilla/5.0 (Windows NT 10.0; Win64; x64) AppleWebKit/537.36 (KHTML, like Gecko) Chrome/135.0.0.0 Safari/537.36"
116.96.77.176 - - [14/Apr/2025:07:05:28 +0000] "OPTIONS /api-nodejs/auth/refresh-token HTTP/1.1" 204 0 "http://localhost:3000/" "Mozilla/5.0 (Windows NT 10.0; Win64; x64) AppleWebKit/537.36 (KHTML, like Gecko) Chrome/135.0.0.0 Safari/537.36"
116.96.77.176 - - [14/Apr/2025:07:05:28 +0000] "OPTIONS /api-nodejs/auth/refresh-token HTTP/1.1" 204 0 "http://localhost:3000/" "Mozilla/5.0 (Windows NT 10.0; Win64; x64) AppleWebKit/537.36 (KHTML, like Gecko) Chrome/135.0.0.0 Safari/537.36"
116.96.77.176 - - [14/Apr/2025:07:05:28 +0000] "POST /api-nodejs/auth/refresh-token HTTP/1.1" 200 402 "http://localhost:3000/" "Mozilla/5.0 (Windows NT 10.0; Win64; x64) AppleWebKit/537.36 (KHTML, like Gecko) Chrome/135.0.0.0 Safari/537.36"
116.96.77.176 - - [14/Apr/2025:07:05:28 +0000] "POST /api-nodejs/auth/refresh-token HTTP/1.1" 200 402 "http://localhost:3000/" "Mozilla/5.0 (Windows NT 10.0; Win64; x64) AppleWebKit/537.36 (KHTML, like Gecko) Chrome/135.0.0.0 Safari/537.36"
198.235.24.72 - - [14/Apr/2025:07:05:33 +0000] "\x16\x03\x01\x00\xEE\x01\x00\x00\xEA\x03\x034\x1D\x7Fg\x0ET>\xD4\xBA\x93\xCFM-\x9C\x1E\xF7\xEE7\x9E\xD5\x04\xDB\x8B\x15\x90\xF5\xF7\xF7\xE6\xD1\xF7Q O\x8B\xBA\x9E\x0C\x98&\x8C\x98\xAA\xB7I\xED\xC7\xE4d\xD6\x08i\x18\xBF\x14$F\xD1\x09\xF5\xA8(\x1B\xEC\x0F\x00&\xC0+\xC0/\xC0,\xC00\xCC\xA9\xCC\xA8\xC0\x09\xC0\x13\xC0" 400 157 "-" "-"
198.235.24.72 - - [14/Apr/2025:07:05:33 +0000] "\x16\x03\x01\x00\xCA\x01\x00\x00\xC6\x03\x03\xB7\xC6\x96Nz~~\x95\xF6b\x8A\xDA:\xE3F]\x04IQ\x8A\xAEt\x8B\xBE\xA9f[\xE6g\x1E\xAAz\x00\x00h\xCC\x14\xCC\x13\xC0/\xC0+\xC00\xC0,\xC0\x11\xC0\x07\xC0'\xC0#\xC0\x13\xC0\x09\xC0(\xC0$\xC0\x14\xC0" 400 157 "-" "-"
116.96.77.176 - - [14/Apr/2025:07:05:34 +0000] "OPTIONS /api-nodejs/auth/refresh-token HTTP/1.1" 204 0 "http://localhost:3000/" "Mozilla/5.0 (Windows NT 10.0; Win64; x64) AppleWebKit/537.36 (KHTML, like Gecko) Chrome/135.0.0.0 Safari/537.36"
116.96.77.176 - - [14/Apr/2025:07:05:34 +0000] "POST /api-nodejs/auth/refresh-token HTTP/1.1" 200 402 "http://localhost:3000/" "Mozilla/5.0 (Windows NT 10.0; Win64; x64) AppleWebKit/537.36 (KHTML, like Gecko) Chrome/135.0.0.0 Safari/537.36"
116.96.77.176 - - [14/Apr/2025:07:05:37 +0000] "OPTIONS /api-nodejs/users?page=1&search=&grade=&roles=&className=&limit=500&phone= HTTP/1.1" 204 0 "http://localhost:3000/" "Mozilla/5.0 (Windows NT 10.0; Win64; x64) AppleWebKit/537.36 (KHTML, like Gecko) Chrome/135.0.0.0 Safari/537.36"
116.96.77.176 - - [14/Apr/2025:07:05:37 +0000] "OPTIONS /api-nodejs/users?page=1&search=&grade=&roles=&className=&limit=500&phone HTTP/1.1" 204 0 "http://localhost:3000/" "Mozilla/5.0 (Windows NT 10.0; Win64; x64) AppleWebKit/537.36 (KHTML, like Gecko) Chrome/135.0.0.0 Safari/537.36"
116.96.77.176 - - [14/Apr/2025:07:05:37 +0000] "OPTIONS /api-nodejs/users?page=1&search=&grade=&roles=&className=&limit=500&phone= HTTP/1.1" 204 0 "http://localhost:3000/" "Mozilla/5.0 (Windows NT 10.0; Win64; x64) AppleWebKit/537.36 (KHTML, like Gecko) Chrome/135.0.0.0 Safari/537.36"
116.96.77.176 - - [14/Apr/2025:07:05:37 +0000] "OPTIONS /api-nodejs/users?page=1&search=&grade=&roles=&className=&limit=500&phone HTTP/1.1" 204 0 "http://localhost:3000/" "Mozilla/5.0 (Windows NT 10.0; Win64; x64) AppleWebKit/537.36 (KHTML, like Gecko) Chrome/135.0.0.0 Safari/537.36"
116.96.77.176 - - [14/Apr/2025:07:05:41 +0000] "GET /api-nodejs/users?page=1&search=&grade=&roles=&className=&limit=500&phone= HTTP/1.1" 200 299274 "http://localhost:3000/" "Mozilla/5.0 (Windows NT 10.0; Win64; x64) AppleWebKit/537.36 (KHTML, like Gecko) Chrome/135.0.0.0 Safari/537.36"
116.96.77.176 - - [14/Apr/2025:07:05:41 +0000] "GET /api-nodejs/users?page=1&search=&grade=&roles=&className=&limit=500&phone HTTP/1.1" 200 299274 "http://localhost:3000/" "Mozilla/5.0 (Windows NT 10.0; Win64; x64) AppleWebKit/537.36 (KHTML, like Gecko) Chrome/135.0.0.0 Safari/537.36"
116.96.77.176 - - [14/Apr/2025:07:05:43 +0000] "GET /api-nodejs/users?page=1&search=&grade=&roles=&className=&limit=500&phone= HTTP/1.1" 200 299274 "http://localhost:3000/" "Mozilla/5.0 (Windows NT 10.0; Win64; x64) AppleWebKit/537.36 (KHTML, like Gecko) Chrome/135.0.0.0 Safari/537.36"
116.96.77.176 - - [14/Apr/2025:07:05:44 +0000] "GET /api-nodejs/users?page=1&search=&grade=&roles=&className=&limit=500&phone HTTP/1.1" 200 299274 "http://localhost:3000/" "Mozilla/5.0 (Windows NT 10.0; Win64; x64) AppleWebKit/537.36 (KHTML, like Gecko) Chrome/135.0.0.0 Safari/537.36"
116.96.77.176 - - [14/Apr/2025:07:05:53 +0000] "OPTIONS /api-nodejs/users?page=1&search=&grade=10&roles=&className=&limit=500&phone= HTTP/1.1" 204 0 "http://localhost:3000/" "Mozilla/5.0 (Windows NT 10.0; Win64; x64) AppleWebKit/537.36 (KHTML, like Gecko) Chrome/135.0.0.0 Safari/537.36"
116.96.77.176 - - [14/Apr/2025:07:05:54 +0000] "GET /api-nodejs/users?page=1&search=&grade=10&roles=&className=&limit=500&phone= HTTP/1.1" 200 105028 "http://localhost:3000/" "Mozilla/5.0 (Windows NT 10.0; Win64; x64) AppleWebKit/537.36 (KHTML, like Gecko) Chrome/135.0.0.0 Safari/537.36"
116.96.77.176 - - [14/Apr/2025:07:06:30 +0000] "OPTIONS /api-nodejs/users/create HTTP/1.1" 204 0 "http://localhost:3000/" "Mozilla/5.0 (Windows NT 10.0; Win64; x64) AppleWebKit/537.36 (KHTML, like Gecko) Chrome/135.0.0.0 Safari/537.36"
116.96.77.176 - - [14/Apr/2025:07:06:30 +0000] "POST /api-nodejs/users/create HTTP/1.1" 500 117 "http://localhost:3000/" "Mozilla/5.0 (Windows NT 10.0; Win64; x64) AppleWebKit/537.36 (KHTML, like Gecko) Chrome/135.0.0.0 Safari/537.36"
116.96.77.176 - - [14/Apr/2025:07:09:45 +0000] "OPTIONS /api-nodejs/users/create HTTP/1.1" 204 0 "http://localhost:3000/" "Mozilla/5.0 (Windows NT 10.0; Win64; x64) AppleWebKit/537.36 (KHTML, like Gecko) Chrome/135.0.0.0 Safari/537.36"
116.96.77.176 - - [14/Apr/2025:07:09:46 +0000] "POST /api-nodejs/users/create HTTP/1.1" 500 117 "http://localhost:3000/" "Mozilla/5.0 (Windows NT 10.0; Win64; x64) AppleWebKit/537.36 (KHTML, like Gecko) Chrome/135.0.0.0 Safari/537.36"
116.96.77.176 - - [14/Apr/2025:07:12:40 +0000] "OPTIONS /api-nodejs/users/create HTTP/1.1" 204 0 "http://localhost:3000/" "Mozilla/5.0 (Windows NT 10.0; Win64; x64) AppleWebKit/537.36 (KHTML, like Gecko) Chrome/135.0.0.0 Safari/537.36"
116.96.77.176 - - [14/Apr/2025:07:12:41 +0000] "POST /api-nodejs/users/create HTTP/1.1" 500 117 "http://localhost:3000/" "Mozilla/5.0 (Windows NT 10.0; Win64; x64) AppleWebKit/537.36 (KHTML, like Gecko) Chrome/135.0.0.0 Safari/537.36"
54.86.50.139 - - [14/Apr/2025:07:15:29 +0000] "POST /api-nodejs/users/create HTTP/1.1" 201 948 "-" "PostmanRuntime/7.43.3"
196.251.81.194 - - [14/Apr/2025:07:15:42 +0000] "GET /.env HTTP/1.1" 404 143 "-" "Mozilla/5.0 (Maemo; Linux armv7l; rv:10.0.1) Gecko/20100101 Firefox/10.0.1 Fennec/10.0.1"
5.183.209.244 - - [14/Apr/2025:07:16:14 +0000] "GET / HTTP/1.1" 200 1754 "-" "-"
154.81.156.54 - - [14/Apr/2025:07:17:24 +0000] "GET / HTTP/1.1" 200 866 "-" "Mozilla/5.0 (Windows NT 10.0; Win64; x64) AppleWebKit/537.36 (KHTML, like Gecko) Chrome/90.0.4430.85 Safari/537.36 Edg/90.0.818.46"
116.96.77.176 - - [14/Apr/2025:07:17:33 +0000] "OPTIONS /api-nodejs/users/create HTTP/1.1" 204 0 "http://localhost:3000/" "Mozilla/5.0 (Windows NT 10.0; Win64; x64) AppleWebKit/537.36 (KHTML, like Gecko) Chrome/135.0.0.0 Safari/537.36"
116.96.77.176 - - [14/Apr/2025:07:17:34 +0000] "POST /api-nodejs/users/create HTTP/1.1" 500 141 "http://localhost:3000/" "Mozilla/5.0 (Windows NT 10.0; Win64; x64) AppleWebKit/537.36 (KHTML, like Gecko) Chrome/135.0.0.0 Safari/537.36"
116.96.77.176 - - [14/Apr/2025:07:18:21 +0000] "OPTIONS /api-nodejs/users/create HTTP/1.1" 204 0 "http://localhost:3000/" "Mozilla/5.0 (Windows NT 10.0; Win64; x64) AppleWebKit/537.36 (KHTML, like Gecko) Chrome/135.0.0.0 Safari/537.36"
116.96.77.176 - - [14/Apr/2025:07:18:21 +0000] "POST /api-nodejs/users/create HTTP/1.1" 500 117 "http://localhost:3000/" "Mozilla/5.0 (Windows NT 10.0; Win64; x64) AppleWebKit/537.36 (KHTML, like Gecko) Chrome/135.0.0.0 Safari/537.36"
154.81.156.35 - - [14/Apr/2025:07:19:43 +0000] "GET / HTTP/1.1" 200 866 "-" "Mozilla/5.0 (Windows NT 10.0; Win64; x64) AppleWebKit/537.36 (KHTML, like Gecko) Chrome/90.0.4430.85 Safari/537.36 Edg/90.0.818.46"
157.245.238.93 - - [14/Apr/2025:07:21:56 +0000] "\x16\x03\x01\x00{\x01\x00\x00w\x03\x03[H,9&\x9F\xAE" 400 157 "-" "-"
157.245.238.93 - - [14/Apr/2025:07:21:56 +0000] "\x16\x03\x01\x00{\x01\x00\x00w\x03\x03SV\x02\xD8\xAA\xAC\xE59\xA9,\xA6\xB2\xD9" 400 157 "-" "-"
157.245.238.93 - - [14/Apr/2025:07:21:56 +0000] "GET / HTTP/1.1" 200 866 "-" "Mozilla/5.0 (Windows NT 10.0; Win64; x64) AppleWebKit/537.36 (KHTML, like Gecko) Chrome/108.0.0.0 Safari/537.36"
157.245.238.93 - - [14/Apr/2025:07:21:57 +0000] "GET /form.html HTTP/1.1" 200 866 "-" "curl/8.1.2"
157.245.238.93 - - [14/Apr/2025:07:21:57 +0000] "GET /upl.php HTTP/1.1" 200 866 "-" "Mozilla/5.0"
157.245.238.93 - - [14/Apr/2025:07:21:58 +0000] "GET /t4 HTTP/1.1" 200 866 "-" "Mozilla/5.0"
157.245.238.93 - - [14/Apr/2025:07:21:58 +0000] "GET /geoip/ HTTP/1.1" 200 866 "-" "Mozilla/5.0 (Windows NT 10.0; Win64; x64) AppleWebKit/537.36 (KHTML, like Gecko) Chrome/108.0.0.0 Safari/537.36"
157.245.238.93 - - [14/Apr/2025:07:21:58 +0000] "GET /favicon.ico HTTP/1.1" 200 3667 "-" "Mozilla/5.0 (Windows NT 10.0; Win64; x64) AppleWebKit/537.36 (KHTML, like Gecko) Chrome/108.0.0.0 Safari/537.36"
157.245.238.93 - - [14/Apr/2025:07:21:59 +0000] "GET /1.php HTTP/1.1" 200 866 "-" "Mozilla/5.0 (Windows NT 10.0; Win64; x64) AppleWebKit/537.36 (KHTML, like Gecko) Chrome/108.0.0.0 Safari/537.36"
157.245.238.93 - - [14/Apr/2025:07:21:59 +0000] "GET /systembc/password.php HTTP/1.1" 200 866 "-" "Mozilla/5.0 (Windows NT 10.0; Win64; x64) AppleWebKit/537.36 (KHTML, like Gecko) Chrome/108.0.0.0 Safari/537.36"
157.245.238.93 - - [14/Apr/2025:07:22:00 +0000] "GET /password.php HTTP/1.1" 200 861 "-" "Mozilla/5.0 (Windows NT 10.0; Win64; x64) AppleWebKit/537.36 (KHTML, like Gecko) Chrome/108.0.0.0 Safari/537.36"
154.81.156.54 - - [14/Apr/2025:07:30:39 +0000] "GET / HTTP/1.1" 200 866 "-" "Mozilla/5.0 (Windows NT 10.0; Win64; x64) AppleWebKit/537.36 (KHTML, like Gecko) Chrome/90.0.4430.85 Safari/537.36 Edg/90.0.818.46"
147.185.133.46 - - [14/Apr/2025:07:33:22 +0000] "GET / HTTP/1.1" 200 866 "-" "Expanse, a Palo Alto Networks company, searches across the global IPv4 space multiple times per day to identify customers&#39; presences on the Internet. If you would like to be excluded from our scans, please send IP addresses/domains to: scaninfo@paloaltonetworks.com"
154.81.156.54 - - [14/Apr/2025:07:44:55 +0000] "GET / HTTP/1.1" 200 866 "-" "Mozilla/5.0 (Windows NT 10.0; Win64; x64) AppleWebKit/537.36 (KHTML, like Gecko) Chrome/90.0.4430.85 Safari/537.36 Edg/90.0.818.46"
54.86.50.139 - - [14/Apr/2025:07:52:22 +0000] "POST /api-nodejs/users/create HTTP/1.1" 201 948 "-" "PostmanRuntime/7.43.3"
118.68.26.235 - - [14/Apr/2025:07:52:50 +0000] "GET / HTTP/1.1" 304 0 "-" "Mozilla/5.0 (Windows NT 10.0; Win64; x64) AppleWebKit/537.36 (KHTML, like Gecko) Chrome/135.0.0.0 Safari/537.36 Edg/135.0.0.0"
118.68.26.235 - - [14/Apr/2025:07:52:50 +0000] "GET /static/js/bundle.js HTTP/1.1" 304 0 "http://fams.io.vn/" "Mozilla/5.0 (Windows NT 10.0; Win64; x64) AppleWebKit/537.36 (KHTML, like Gecko) Chrome/135.0.0.0 Safari/537.36 Edg/135.0.0.0"
118.68.26.235 - - [14/Apr/2025:07:54:13 +0000] "GET /ws HTTP/1.1" 101 1372 "-" "Mozilla/5.0 (Windows NT 10.0; Win64; x64) AppleWebKit/537.36 (KHTML, like Gecko) Chrome/135.0.0.0 Safari/537.36 Edg/135.0.0.0"
5.80.48.212 - - [14/Apr/2025:07:56:57 +0000] "GET / HTTP/1.0" 200 1754 "-" "curl/7.88.1"
