174.138.36.24 - - [12/Apr/2025:23:45:29 +0000] "GET /.env HTTP/1.1" 200 858 "-" "Mozilla/5.0; Keydrop.io/1.0(onlyscans.com/about);"
174.138.36.24 - - [12/Apr/2025:23:45:30 +0000] "GET /.git/config HTTP/1.1" 200 858 "-" "Mozilla/5.0; Keydrop.io/1.0(onlyscans.com/about);"
154.81.156.34 - - [12/Apr/2025:23:54:42 +0000] "GET / HTTP/1.1" 200 858 "-" "Mozilla/5.0 (Windows NT 10.0; Win64; x64) AppleWebKit/537.36 (KHTML, like Gecko) Chrome/90.0.4430.85 Safari/537.36 Edg/90.0.818.46"
176.65.137.221 - - [12/Apr/2025:23:59:53 +0000] "GET / HTTP/1.1" 200 858 "-" "Linux Gnu (cow)"
154.81.156.35 - - [13/Apr/2025:00:22:07 +0000] "GET / HTTP/1.1" 200 858 "-" "Mozilla/5.0 (Windows NT 10.0; Win64; x64) AppleWebKit/537.36 (KHTML, like Gecko) Chrome/90.0.4430.85 Safari/537.36 Edg/90.0.818.46"
92.255.57.58 - - [13/Apr/2025:00:22:28 +0000] "GET /actuator/gateway/routes HTTP/1.1" 404 162 "-" "Mozilla/5.0 (Windows NT 10.0; Win64; x64) AppleWebKit/537.36 (KHTML, like Gecko) Chrome/78.0.3904.108 Safari/537.36"
93.174.93.12 - - [13/Apr/2025:00:39:34 +0000] "\x16\x03\x02\x01o\x01\x00\x01k\x03\x02RH\xC5\x1A#\xF7:N\xDF\xE2\xB4\x82/\xFF\x09T\x9F\xA7\xC4y\xB0h\xC6\x13\x8C\xA4\x1C=\x22\xE1\x1A\x98 \x84\xB4,\x85\xAFn\xE3Y\xBBbhl\xFF(=':\xA9\x82\xD9o\xC8\xA2\xD7\x93\x98\xB4\xEF\x80\xE5\xB9\x90\x00(\xC0" 400 157 "-" "-"
5.183.209.244 - - [13/Apr/2025:00:42:43 +0000] "GET / HTTP/1.1" 200 1711 "-" "-"
5.183.209.244 - - [13/Apr/2025:00:42:44 +0000] "PUT /v1/agent/service/register  HTTP/1.1" 400 157 "-" "-"
92.255.57.58 - - [13/Apr/2025:00:44:06 +0000] "\x16\x03\x01\x05\xA8\x01\x00\x05\xA4\x03\x03\xB9\xC0\xA9\xE0\xF3\xA2R|\xF5EyF'\xAB\xA9\x1DKC\xF0\xC4\xEC\xD3\xC8}\xC5Z\xAC37x\xCF\xF4 u>H\xA4\xC3\x9B\xFC\x93\x93x@\x199~\xF1\x87\xE6\xF8\x81\xC0\xB6\xC4\x9F\x13\xA9IZ\xE8sb\xFA0\x00\x1A\xC0+\xC0/\xC0,\xC00\xCC\xA9\xCC\xA8\xC0\x09\xC0\x13\xC0" 400 157 "-" "-"
154.81.156.34 - - [13/Apr/2025:01:27:22 +0000] "GET / HTTP/1.1" 200 858 "-" "Mozilla/5.0 (Windows NT 10.0; Win64; x64) AppleWebKit/537.36 (KHTML, like Gecko) Chrome/90.0.4430.85 Safari/537.36 Edg/90.0.818.46"
154.81.156.35 - - [13/Apr/2025:01:30:20 +0000] "GET / HTTP/1.1" 200 858 "-" "Mozilla/5.0 (Windows NT 10.0; Win64; x64) AppleWebKit/537.36 (KHTML, like Gecko) Chrome/90.0.4430.85 Safari/537.36 Edg/90.0.818.46"
164.90.188.200 - - [13/Apr/2025:01:34:44 +0000] "\x16\x03\x01\x00{\x01\x00\x00w\x03\x03\x82\x00\xEC8\x0F\x9A\xE9\xD6\x89\x19L\xE6\xA1\x16\x9E\x00\xB7T\xA5\x1D\xDF\xEB1\xD8P%\xEF4B\xE8\xF2_\x00\x00\x1A\xC0/\xC0+\xC0\x11\xC0\x07\xC0\x13\xC0\x09\xC0\x14\xC0" 400 157 "-" "-"
164.90.188.200 - - [13/Apr/2025:01:34:44 +0000] "\x16\x03\x01\x00{\x01\x00\x00w\x03\x03\x1D\xD7\x80&\xD3\x83\xF1P\xEE_C\xD3\xEE\xC7\xCB\x93\xE3z\x90\xEF\x9D!@z\xE6\x7F\x8D\xB0N\x5C_R\x00\x00\x1A\xC0/\xC0+\xC0\x11\xC0\x07\xC0\x13\xC0\x09\xC0\x14\xC0" 400 157 "-" "-"
164.90.188.200 - - [13/Apr/2025:01:34:45 +0000] "GET / HTTP/1.1" 200 858 "-" "Mozilla/5.0 (Windows NT 10.0; Win64; x64) AppleWebKit/537.36 (KHTML, like Gecko) Chrome/108.0.0.0 Safari/537.36"
164.90.188.200 - - [13/Apr/2025:01:34:45 +0000] "GET /form.html HTTP/1.1" 200 858 "-" "curl/8.1.2"
164.90.188.200 - - [13/Apr/2025:01:34:45 +0000] "GET /upl.php HTTP/1.1" 200 858 "-" "Mozilla/5.0"
164.90.188.200 - - [13/Apr/2025:01:34:46 +0000] "GET /t4 HTTP/1.1" 200 858 "-" "Mozilla/5.0"
164.90.188.200 - - [13/Apr/2025:01:34:46 +0000] "GET /geoip/ HTTP/1.1" 200 858 "-" "Mozilla/5.0 (Windows NT 10.0; Win64; x64) AppleWebKit/537.36 (KHTML, like Gecko) Chrome/108.0.0.0 Safari/537.36"
164.90.188.200 - - [13/Apr/2025:01:34:47 +0000] "GET /favicon.ico HTTP/1.1" 200 3667 "-" "Mozilla/5.0 (Windows NT 10.0; Win64; x64) AppleWebKit/537.36 (KHTML, like Gecko) Chrome/108.0.0.0 Safari/537.36"
164.90.188.200 - - [13/Apr/2025:01:34:48 +0000] "GET /1.php HTTP/1.1" 200 858 "-" "Mozilla/5.0 (Windows NT 10.0; Win64; x64) AppleWebKit/537.36 (KHTML, like Gecko) Chrome/108.0.0.0 Safari/537.36"
164.90.188.200 - - [13/Apr/2025:01:34:48 +0000] "GET /systembc/password.php HTTP/1.1" 200 858 "-" "Mozilla/5.0 (Windows NT 10.0; Win64; x64) AppleWebKit/537.36 (KHTML, like Gecko) Chrome/108.0.0.0 Safari/537.36"
164.90.188.200 - - [13/Apr/2025:01:34:48 +0000] "GET /password.php HTTP/1.1" 200 858 "-" "Mozilla/5.0 (Windows NT 10.0; Win64; x64) AppleWebKit/537.36 (KHTML, like Gecko) Chrome/108.0.0.0 Safari/537.36"
162.216.150.187 - - [13/Apr/2025:02:06:18 +0000] "GET / HTTP/1.1" 200 858 "-" "Expanse, a Palo Alto Networks company, searches across the global IPv4 space multiple times per day to identify customers&#39; presences on the Internet. If you would like to be excluded from our scans, please send IP addresses/domains to: scaninfo@paloaltonetworks.com"
90.182.200.58 - - [13/Apr/2025:02:15:31 +0000] "GET / HTTP/1.0" 200 1711 "-" "curl/7.88.1"
185.255.122.19 - - [13/Apr/2025:02:19:25 +0000] "GET / HTTP/1.1" 200 858 "-" "Mozilla/5.0 (Windows NT 10.0; Win64; x64) AppleWebKit/537.36 (KHTML, like Gecko) Chrome/90.0.4430.85 Safari/537.36 Edg/90.0.818.46"
205.210.31.98 - - [13/Apr/2025:02:31:00 +0000] "GET / HTTP/1.0" 200 1711 "-" "Expanse, a Palo Alto Networks company, searches across the global IPv4 space multiple times per day to identify customers&#39; presences on the Internet. If you would like to be excluded from our scans, please send IP addresses/domains to: scaninfo@paloaltonetworks.com"
154.81.156.35 - - [13/Apr/2025:02:33:01 +0000] "GET / HTTP/1.1" 200 858 "-" "Mozilla/5.0 (Windows NT 10.0; Win64; x64) AppleWebKit/537.36 (KHTML, like Gecko) Chrome/90.0.4430.85 Safari/537.36 Edg/90.0.818.46"
154.81.156.34 - - [13/Apr/2025:03:01:14 +0000] "GET / HTTP/1.1" 200 858 "-" "Mozilla/5.0 (Windows NT 10.0; Win64; x64) AppleWebKit/537.36 (KHTML, like Gecko) Chrome/90.0.4430.85 Safari/537.36 Edg/90.0.818.46"
138.68.154.198 - - [13/Apr/2025:03:07:34 +0000] "\x00\x0E8\xF6\xD6\xAC\xB7\xBDY7:\x00\x00\x00\x00\x00" 400 157 "-" "-"
109.236.61.95 - - [13/Apr/2025:03:17:57 +0000] "GET / HTTP/1.1" 200 1711 "-" "Hello World"
109.236.61.95 - - [13/Apr/2025:03:20:06 +0000] "GET / HTTP/1.1" 200 1711 "-" "Hello World"
42.116.117.76 - - [13/Apr/2025:03:21:44 +0000] "GET / HTTP/1.1" 304 0 "-" "Mozilla/5.0 (Windows NT 10.0; Win64; x64) AppleWebKit/537.36 (KHTML, like Gecko) Chrome/135.0.0.0 Safari/537.36 Edg/135.0.0.0"
42.116.117.76 - - [13/Apr/2025:03:21:44 +0000] "GET /static/js/bundle.js HTTP/1.1" 304 0 "http://fams.io.vn/" "Mozilla/5.0 (Windows NT 10.0; Win64; x64) AppleWebKit/537.36 (KHTML, like Gecko) Chrome/135.0.0.0 Safari/537.36 Edg/135.0.0.0"
109.236.61.95 - - [13/Apr/2025:03:22:15 +0000] "GET / HTTP/1.1" 200 1711 "-" "Hello World"
42.116.117.76 - - [13/Apr/2025:03:33:28 +0000] "GET /python-docs HTTP/1.1" 301 169 "-" "Mozilla/5.0 (Windows NT 10.0; Win64; x64) AppleWebKit/537.36 (KHTML, like Gecko) Chrome/135.0.0.0 Safari/537.36 Edg/135.0.0.0"
42.116.117.76 - - [13/Apr/2025:03:33:28 +0000] "GET /python-docs/ HTTP/1.1" 307 0 "-" "Mozilla/5.0 (Windows NT 10.0; Win64; x64) AppleWebKit/537.36 (KHTML, like Gecko) Chrome/135.0.0.0 Safari/537.36 Edg/135.0.0.0"
42.116.117.76 - - [13/Apr/2025:03:33:28 +0000] "GET /docs HTTP/1.1" 200 858 "-" "Mozilla/5.0 (Windows NT 10.0; Win64; x64) AppleWebKit/537.36 (KHTML, like Gecko) Chrome/135.0.0.0 Safari/537.36 Edg/135.0.0.0"
42.116.117.76 - - [13/Apr/2025:03:33:28 +0000] "GET /static/js/bundle.js HTTP/1.1" 304 0 "http://fams.io.vn/docs" "Mozilla/5.0 (Windows NT 10.0; Win64; x64) AppleWebKit/537.36 (KHTML, like Gecko) Chrome/135.0.0.0 Safari/537.36 Edg/135.0.0.0"
42.116.117.76 - - [13/Apr/2025:03:33:37 +0000] "GET /ws HTTP/1.1" 101 1230 "-" "Mozilla/5.0 (Windows NT 10.0; Win64; x64) AppleWebKit/537.36 (KHTML, like Gecko) Chrome/135.0.0.0 Safari/537.36 Edg/135.0.0.0"
165.154.6.224 - - [13/Apr/2025:03:34:21 +0000] "GET / HTTP/1.1" 200 1711 "-" "curl/7.29.0"
165.154.6.224 - - [13/Apr/2025:03:34:21 +0000] "\x16\x03\x01\x00\xF2\x01\x00\x00\xEE\x03\x03\xE6e\xF5\xC7\x05:3\xAD\xFCNy\xE9]\x8A\x05\xED\xF9\xAD\x85`\xB7\x86E'\xA6\xA42\xEF\x94\x0B\xFD\xE6 c\x9A?n\xC1\xB6\xD3\xF4A{\xD7n7g\x19\xDE\x13\x1D\xF2Q\xFCs_/\x10*20\x1C0\x08\xE0\x00&\xC0+\xC0/\xC0,\xC00\xCC\xA9\xCC\xA8\xC0\x09\xC0\x13\xC0" 400 157 "-" "-"
165.154.6.224 - - [13/Apr/2025:03:34:21 +0000] "t3 12.1.2" 400 157 "-" "-"
101.36.108.133 - - [13/Apr/2025:03:34:36 +0000] "GET / HTTP/1.1" 200 858 "-" "Mozilla/5.0 (Macintosh; Intel Mac OS X 8_1) AppleWebKit/593.55 (KHTML, like Gecko) Chrome/55.0.1435 Safari/537.36"
101.36.108.133 - - [13/Apr/2025:03:34:36 +0000] "GET /favicon.ico HTTP/1.1" 200 3667 "-" "Go-http-client/1.1"
101.36.108.133 - - [13/Apr/2025:03:34:37 +0000] "GET /static/js/bundle.js HTTP/1.1" 200 858097 "-" "Go-http-client/1.1"
101.36.108.133 - - [13/Apr/2025:03:34:38 +0000] "GET /robots.txt HTTP/1.1" 200 67 "-" "Go-http-client/1.1"
101.36.108.133 - - [13/Apr/2025:03:34:38 +0000] "GET /sitemap.xml HTTP/1.1" 404 150 "-" "Go-http-client/1.1"
54.86.50.139 - - [13/Apr/2025:03:39:31 +0000] "POST /api-nodejs/api/auth/login HTTP/1.1" 404 158 "-" "PostmanRuntime/7.43.3"
54.86.50.139 - - [13/Apr/2025:03:39:53 +0000] "POST /api-nodejs/api/auth/login HTTP/1.1" 404 158 "-" "PostmanRuntime/7.43.3"
54.86.50.139 - - [13/Apr/2025:03:43:39 +0000] "POST /api-nodejs/auth/login HTTP/1.1" 200 461 "-" "PostmanRuntime/7.43.3"
154.81.156.35 - - [13/Apr/2025:03:44:07 +0000] "GET / HTTP/1.1" 200 858 "-" "Mozilla/5.0 (Windows NT 10.0; Win64; x64) AppleWebKit/537.36 (KHTML, like Gecko) Chrome/90.0.4430.85 Safari/537.36 Edg/90.0.818.46"
87.236.176.185 - - [13/Apr/2025:03:44:56 +0000] "GET / HTTP/1.1" 200 858 "-" "Mozilla/5.0 (compatible; InternetMeasurement/1.0; +https://internet-measurement.com/)"
87.236.176.159 - - [13/Apr/2025:03:44:57 +0000] "GET /favicon.ico HTTP/1.1" 200 3667 "-" "Mozilla/5.0 (compatible; InternetMeasurement/1.0; +https://internet-measurement.com/)"
185.247.137.129 - - [13/Apr/2025:03:44:57 +0000] "GET /logo192.png HTTP/1.1" 200 5347 "-" "Mozilla/5.0 (compatible; InternetMeasurement/1.0; +https://internet-measurement.com/)"
43.166.246.180 - - [13/Apr/2025:03:51:35 +0000] "GET / HTTP/1.1" 200 858 "-" "Mozilla/5.0 (iPhone; CPU iPhone OS 13_2_3 like Mac OS X) AppleWebKit/605.1.15 (KHTML, like Gecko) Version/13.0.3 Mobile/15E148 Safari/604.1"
54.86.50.139 - - [13/Apr/2025:03:53:36 +0000] "POST /api-python/db/scheduling HTTP/1.1" 422 1918 "-" "PostmanRuntime/7.43.3"
54.86.50.139 - - [13/Apr/2025:03:53:37 +0000] "POST /api-python/db/scheduling HTTP/1.1" 422 1918 "-" "PostmanRuntime/7.43.3"
54.86.50.139 - - [13/Apr/2025:03:54:09 +0000] "POST /api-python/db/init HTTP/1.1" 200 153 "-" "PostmanRuntime/7.43.3"
100.26.34.111 - - [13/Apr/2025:03:56:51 +0000] "GET /api-nodejs/auth/login HTTP/1.1" 404 153 "-" "got (https://github.com/sindresorhus/got)"
154.81.156.34 - - [13/Apr/2025:04:13:58 +0000] "GET / HTTP/1.1" 200 858 "-" "Mozilla/5.0 (Windows NT 10.0; Win64; x64) AppleWebKit/537.36 (KHTML, like Gecko) Chrome/90.0.4430.85 Safari/537.36 Edg/90.0.818.46"
185.218.86.4 - - [13/Apr/2025:04:21:18 +0000] "GET / HTTP/1.1" 200 858 "-" "Mozilla/5.0 (Windows NT 10.0; Win64; x64) AppleWebKit/537.36 (KHTML, like Gecko) Chrome/90.0.4430.85 Safari/537.36 Edg/90.0.818.46"
154.81.156.35 - - [13/Apr/2025:05:00:12 +0000] "GET / HTTP/1.1" 200 858 "-" "Mozilla/5.0 (Windows NT 10.0; Win64; x64) AppleWebKit/537.36 (KHTML, like Gecko) Chrome/90.0.4430.85 Safari/537.36 Edg/90.0.818.46"
93.174.93.12 - - [13/Apr/2025:05:35:52 +0000] "\x16\x03\x02\x01o\x01\x00\x01k\x03\x02RH\xC5\x1A#\xF7:N\xDF\xE2\xB4\x82/\xFF\x09T\x9F\xA7\xC4y\xB0h\xC6\x13\x8C\xA4\x1C=\x22\xE1\x1A\x98 \x84\xB4,\x85\xAFn\xE3Y\xBBbhl\xFF(=':\xA9\x82\xD9o\xC8\xA2\xD7\x93\x98\xB4\xEF\x80\xE5\xB9\x90\x00(\xC0" 400 157 "-" "-"
209.38.27.119 - - [13/Apr/2025:05:48:29 +0000] "GET /.git/config HTTP/1.1" 200 858 "-" "Mozilla/5.0 (X11; Linux x86_64) AppleWebKit/537.36 (KHTML, like Gecko) Chrome/81.0.4044.129 Safari/537.36"
108.54.73.95 - - [13/Apr/2025:05:57:05 +0000] "GET / HTTP/1.0" 200 1711 "-" "curl/7.88.1"
154.81.156.34 - - [13/Apr/2025:05:57:32 +0000] "GET / HTTP/1.1" 200 858 "-" "Mozilla/5.0 (Windows NT 10.0; Win64; x64) AppleWebKit/537.36 (KHTML, like Gecko) Chrome/90.0.4430.85 Safari/537.36 Edg/90.0.818.46"
42.116.117.76 - - [13/Apr/2025:06:05:51 +0000] "GET / HTTP/1.1" 304 0 "-" "Mozilla/5.0 (Windows NT 10.0; Win64; x64) AppleWebKit/537.36 (KHTML, like Gecko) Chrome/135.0.0.0 Safari/537.36 Edg/135.0.0.0"
42.116.117.76 - - [13/Apr/2025:06:05:51 +0000] "GET /static/js/bundle.js HTTP/1.1" 304 0 "http://fams.io.vn/" "Mozilla/5.0 (Windows NT 10.0; Win64; x64) AppleWebKit/537.36 (KHTML, like Gecko) Chrome/135.0.0.0 Safari/537.36 Edg/135.0.0.0"
42.116.117.76 - - [13/Apr/2025:06:06:02 +0000] "GET /login HTTP/1.1" 200 858 "-" "Mozilla/5.0 (Windows NT 10.0; Win64; x64) AppleWebKit/537.36 (KHTML, like Gecko) Chrome/135.0.0.0 Safari/537.36 Edg/135.0.0.0"
42.116.117.76 - - [13/Apr/2025:06:06:02 +0000] "GET /ws HTTP/1.1" 101 1232 "-" "Mozilla/5.0 (Windows NT 10.0; Win64; x64) AppleWebKit/537.36 (KHTML, like Gecko) Chrome/135.0.0.0 Safari/537.36 Edg/135.0.0.0"
42.116.117.76 - - [13/Apr/2025:06:06:02 +0000] "GET /static/js/bundle.js HTTP/1.1" 304 0 "http://fams.io.vn/login" "Mozilla/5.0 (Windows NT 10.0; Win64; x64) AppleWebKit/537.36 (KHTML, like Gecko) Chrome/135.0.0.0 Safari/537.36 Edg/135.0.0.0"
42.116.117.76 - - [13/Apr/2025:06:06:03 +0000] "GET /favicon.ico HTTP/1.1" 304 0 "http://fams.io.vn/login" "Mozilla/5.0 (Windows NT 10.0; Win64; x64) AppleWebKit/537.36 (KHTML, like Gecko) Chrome/135.0.0.0 Safari/537.36 Edg/135.0.0.0"
42.116.117.76 - - [13/Apr/2025:06:07:35 +0000] "GET /ws HTTP/1.1" 101 1392 "-" "Mozilla/5.0 (Windows NT 10.0; Win64; x64) AppleWebKit/537.36 (KHTML, like Gecko) Chrome/135.0.0.0 Safari/537.36 Edg/135.0.0.0"
54.86.50.139 - - [13/Apr/2025:06:12:23 +0000] "GET /api-nodejs/students HTTP/1.1" 502 157 "-" "PostmanRuntime/7.43.3"
154.81.156.35 - - [13/Apr/2025:06:12:28 +0000] "GET / HTTP/1.1" 200 858 "-" "Mozilla/5.0 (Windows NT 10.0; Win64; x64) AppleWebKit/537.36 (KHTML, like Gecko) Chrome/90.0.4430.85 Safari/537.36 Edg/90.0.818.46"
5.183.209.244 - - [13/Apr/2025:06:13:12 +0000] "GET / HTTP/1.1" 200 1711 "-" "-"
5.183.209.244 - - [13/Apr/2025:06:13:13 +0000] "PUT /v1/agent/service/register  HTTP/1.1" 400 157 "-" "-"
54.86.50.139 - - [13/Apr/2025:06:13:13 +0000] "GET /api-nodejs/students?page=1&limit=10&search HTTP/1.1" 502 157 "-" "PostmanRuntime/7.43.3"
54.86.50.139 - - [13/Apr/2025:06:13:27 +0000] "POST /api-nodejs/auth/login HTTP/1.1" 502 157 "-" "PostmanRuntime/7.43.3"
54.86.50.139 - - [13/Apr/2025:06:13:41 +0000] "POST /api-nodejs/auth/login HTTP/1.1" 502 157 "-" "PostmanRuntime/7.43.3"
54.86.50.139 - - [13/Apr/2025:06:14:49 +0000] "POST /api-nodejs/auth/login HTTP/1.1" 502 157 "-" "PostmanRuntime/7.43.3"
54.86.50.139 - - [13/Apr/2025:06:14:56 +0000] "POST /api-nodejs/auth/login HTTP/1.1" 502 157 "-" "PostmanRuntime/7.43.3"
54.86.50.139 - - [13/Apr/2025:06:14:58 +0000] "POST /api-nodejs/auth/login HTTP/1.1" 502 157 "-" "PostmanRuntime/7.43.3"
54.86.50.139 - - [13/Apr/2025:06:15:03 +0000] "POST /api-nodejs/auth/login HTTP/1.1" 502 157 "-" "PostmanRuntime/7.43.3"
54.86.50.139 - - [13/Apr/2025:06:15:14 +0000] "POST /api-nodejs/auth/login HTTP/1.1" 502 157 "-" "PostmanRuntime/7.43.3"
42.116.117.76 - - [13/Apr/2025:06:15:26 +0000] "GET / HTTP/1.1" 304 0 "-" "Mozilla/5.0 (Windows NT 10.0; Win64; x64) AppleWebKit/537.36 (KHTML, like Gecko) Chrome/135.0.0.0 Safari/537.36 Edg/135.0.0.0"
42.116.117.76 - - [13/Apr/2025:06:15:26 +0000] "GET /static/js/bundle.js HTTP/1.1" 304 0 "http://fams.io.vn/" "Mozilla/5.0 (Windows NT 10.0; Win64; x64) AppleWebKit/537.36 (KHTML, like Gecko) Chrome/135.0.0.0 Safari/537.36 Edg/135.0.0.0"
54.86.50.139 - - [13/Apr/2025:06:18:36 +0000] "POST /api-nodejs/auth/login HTTP/1.1" 200 461 "-" "PostmanRuntime/7.43.3"
54.86.50.139 - - [13/Apr/2025:06:19:13 +0000] "GET /api-nodejs/students?page=1&limit=10&search HTTP/1.1" 401 117 "-" "PostmanRuntime/7.43.3"
54.86.50.139 - - [13/Apr/2025:06:20:51 +0000] "POST /api-nodejs/auth/login HTTP/1.1" 200 461 "-" "PostmanRuntime/7.43.3"
54.86.50.139 - - [13/Apr/2025:06:22:32 +0000] "GET /api-nodejs/students?page=1&limit=10&search HTTP/1.1" 200 36 "-" "PostmanRuntime/7.43.3"
54.86.50.139 - - [13/Apr/2025:06:24:45 +0000] "POST /api-nodejs/auth/login HTTP/1.1" 200 461 "-" "PostmanRuntime/7.43.3"
54.86.50.139 - - [13/Apr/2025:06:24:54 +0000] "POST /api-nodejs/auth/login HTTP/1.1" 200 461 "-" "PostmanRuntime/7.43.3"
54.86.50.139 - - [13/Apr/2025:06:25:01 +0000] "GET /api-nodejs/students?page=1&limit=10&search HTTP/1.1" 401 117 "-" "PostmanRuntime/7.43.3"
54.86.50.139 - admin [13/Apr/2025:06:25:21 +0000] "GET /api-nodejs/students?page=1&limit=10&search HTTP/1.1" 401 117 "-" "PostmanRuntime/7.43.3"
54.86.50.139 - - [13/Apr/2025:06:26:13 +0000] "GET /api-nodejs/students?page=1&limit=10&search HTTP/1.1" 200 36 "-" "PostmanRuntime/7.43.3"
196.251.81.194 - - [13/Apr/2025:06:29:45 +0000] "GET /.env HTTP/1.1" 404 143 "-" "Mozilla/5.0 (Macintosh; Intel Mac OS X 10_14_0) AppleWebKit/537.36 (KHTML, like Gecko) Chrome/75.0.3770.80 Safari/537.36"
54.86.50.139 - - [13/Apr/2025:06:31:07 +0000] "GET /api-nodejs/students?page=1&limit=10&search=Th%C3%A0nh HTTP/1.1" 200 5881 "-" "PostmanRuntime/7.43.3"
54.86.50.139 - - [13/Apr/2025:06:31:22 +0000] "GET /api-nodejs/students?page=1&limit=10&search= HTTP/1.1" 200 5881 "-" "PostmanRuntime/7.43.3"
54.86.50.139 - - [13/Apr/2025:06:31:47 +0000] "GET /api-nodejs/students?page=1&limit=10&search= HTTP/1.1" 200 5881 "-" "PostmanRuntime/7.43.3"
54.86.50.139 - - [13/Apr/2025:06:31:59 +0000] "GET /api-nodejs/students?page=2&limit=10&search= HTTP/1.1" 200 6081 "-" "PostmanRuntime/7.43.3"
42.116.117.76 - - [13/Apr/2025:06:34:17 +0000] "GET /ws HTTP/1.1" 101 3420 "-" "Mozilla/5.0 (Windows NT 10.0; Win64; x64) AppleWebKit/537.36 (KHTML, like Gecko) Chrome/135.0.0.0 Safari/537.36 Edg/135.0.0.0"
54.86.50.139 - - [13/Apr/2025:06:41:24 +0000] "GET /api-nodejs/students?page=2&limit=10&search=&classId&className&batchId&batchYear HTTP/1.1" 500 123 "-" "PostmanRuntime/7.43.3"
54.86.50.139 - - [13/Apr/2025:06:45:54 +0000] "GET /api-nodejs/students?page=2&limit=10&search=&classId&className&batchId&batchYear HTTP/1.1" 200 6081 "-" "PostmanRuntime/7.43.3"
54.86.50.139 - - [13/Apr/2025:06:46:01 +0000] "GET /api-nodejs/students?page=2&limit=10&search=Th%C3%A0nh&classId&className&batchId&batchYear HTTP/1.1" 200 36 "-" "PostmanRuntime/7.43.3"
54.86.50.139 - - [13/Apr/2025:06:46:12 +0000] "GET /api-nodejs/students?page=2&limit=10&search=&classId&className&batchId&batchYear HTTP/1.1" 200 6081 "-" "PostmanRuntime/7.43.3"
54.86.50.139 - - [13/Apr/2025:06:46:21 +0000] "GET /api-nodejs/students?page=1&limit=10&search=&classId&className&batchId&batchYear HTTP/1.1" 200 5881 "-" "PostmanRuntime/7.43.3"
54.86.50.139 - - [13/Apr/2025:06:46:25 +0000] "GET /api-nodejs/students?page=1&limit=10&search=Th%C3%A0nh&classId&className&batchId&batchYear HTTP/1.1" 200 5972 "-" "PostmanRuntime/7.43.3"
54.86.50.139 - - [13/Apr/2025:06:46:35 +0000] "GET /api-nodejs/students?page=1&limit=10&search=Th%C3%A0nh&classId=3&className&batchId&batchYear HTTP/1.1" 200 1218 "-" "PostmanRuntime/7.43.3"
54.86.50.139 - - [13/Apr/2025:06:46:45 +0000] "GET /api-nodejs/students?page=1&limit=10&search=Th%C3%A0nh&classId=&className=10A1&batchId&batchYear HTTP/1.1" 200 650 "-" "PostmanRuntime/7.43.3"
54.86.50.139 - - [13/Apr/2025:06:46:55 +0000] "GET /api-nodejs/students?page=1&limit=10&search=Th%C3%A0nh&classId=&className=10A1&batchId=3&batchYear HTTP/1.1" 200 650 "-" "PostmanRuntime/7.43.3"
54.86.50.139 - - [13/Apr/2025:06:47:05 +0000] "GET /api-nodejs/students?page=1&limit=10&search=Th%C3%A0nh&classId=&className=10A1&batchId=&batchYear=2021-2024 HTTP/1.1" 200 36 "-" "PostmanRuntime/7.43.3"
54.86.50.139 - - [13/Apr/2025:06:47:25 +0000] "GET /api-nodejs/students?page=1&limit=10&search=Th%C3%A0nh&classId=&className=10A1&batchId=&batchYear=2023-2026 HTTP/1.1" 200 650 "-" "PostmanRuntime/7.43.3"
212.102.33.143 - - [13/Apr/2025:06:49:06 +0000] "GET / HTTP/1.1" 200 1711 "-" "-"
173.252.95.32 - - [13/Apr/2025:06:56:47 +0000] "GET /api-nodejs/auth/login HTTP/1.1" 404 153 "-" "facebookexternalhit/1.1 (+http://www.facebook.com/externalhit_uatext.php)"
31.13.115.113 - - [13/Apr/2025:06:56:51 +0000] "GET /api-nodejs/auth/login HTTP/1.1" 404 153 "-" "facebookexternalhit/1.1 (+http://www.facebook.com/externalhit_uatext.php)"
116.96.77.176 - - [13/Apr/2025:06:57:15 +0000] "GET /api-nodejs/auth/login?fbclid=IwY2xjawJoP5lleHRuA2FlbQIxMAABHmPU87TByutmamlnzKrzPY-OYPSH0ukiJGWmwfv9JTk5_fhyvU7rqW9fp5XQ_aem_GL3Qduj_BVCGXXkaR1z79Q HTTP/1.1" 404 153 "https://l.facebook.com/" "Mozilla/5.0 (Windows NT 10.0; Win64; x64) AppleWebKit/537.36 (KHTML, like Gecko) Chrome/135.0.0.0 Safari/537.36"
116.96.77.176 - - [13/Apr/2025:06:59:38 +0000] "OPTIONS /api-nodejs/auth/login HTTP/1.1" 204 0 "http://localhost:3000/" "Mozilla/5.0 (Windows NT 10.0; Win64; x64) AppleWebKit/537.36 (KHTML, like Gecko) Chrome/135.0.0.0 Safari/537.36"
116.96.77.176 - - [13/Apr/2025:06:59:38 +0000] "POST /api-nodejs/auth/login HTTP/1.1" 401 97 "http://localhost:3000/" "Mozilla/5.0 (Windows NT 10.0; Win64; x64) AppleWebKit/537.36 (KHTML, like Gecko) Chrome/135.0.0.0 Safari/537.36"
116.96.77.176 - - [13/Apr/2025:06:59:49 +0000] "POST /api-nodejs/auth/login HTTP/1.1" 401 97 "http://localhost:3000/" "Mozilla/5.0 (Windows NT 10.0; Win64; x64) AppleWebKit/537.36 (KHTML, like Gecko) Chrome/135.0.0.0 Safari/537.36"
116.96.77.176 - - [13/Apr/2025:06:59:53 +0000] "POST /api-nodejs/auth/login HTTP/1.1" 401 97 "http://localhost:3000/" "Mozilla/5.0 (Windows NT 10.0; Win64; x64) AppleWebKit/537.36 (KHTML, like Gecko) Chrome/135.0.0.0 Safari/537.36"
116.96.77.176 - - [13/Apr/2025:07:00:04 +0000] "POST /api-nodejs/auth/login HTTP/1.1" 401 97 "http://localhost:3000/" "Mozilla/5.0 (Windows NT 10.0; Win64; x64) AppleWebKit/537.36 (KHTML, like Gecko) Chrome/135.0.0.0 Safari/537.36"
54.86.50.139 - - [13/Apr/2025:07:03:30 +0000] "GET /api-nodejs/students?page=1&limit=10&search=Th%C3%A0nh&classId=&className=10A1&batchId=&batchYear=2023-2026 HTTP/1.1" 200 650 "-" "PostmanRuntime/7.43.3"
116.96.77.176 - - [13/Apr/2025:07:03:40 +0000] "POST /api-nodejs/auth/login HTTP/1.1" 400 129 "http://localhost:3000/" "Mozilla/5.0 (Windows NT 10.0; Win64; x64) AppleWebKit/537.36 (KHTML, like Gecko) Chrome/135.0.0.0 Safari/537.36"
116.96.77.176 - - [13/Apr/2025:07:03:54 +0000] "POST /api-nodejs/auth/login HTTP/1.1" 400 129 "http://localhost:3000/" "Mozilla/5.0 (Windows NT 10.0; Win64; x64) AppleWebKit/537.36 (KHTML, like Gecko) Chrome/135.0.0.0 Safari/537.36"
116.96.77.176 - - [13/Apr/2025:07:05:56 +0000] "POST /api-nodejs/auth/login HTTP/1.1" 502 559 "http://localhost:3000/" "Mozilla/5.0 (Windows NT 10.0; Win64; x64) AppleWebKit/537.36 (KHTML, like Gecko) Chrome/135.0.0.0 Safari/537.36"
54.86.50.139 - - [13/Apr/2025:07:06:04 +0000] "GET /api-nodejs/teachers?page=1&limit=10&search=&className HTTP/1.1" 200 4236 "-" "PostmanRuntime/7.43.3"
116.96.77.176 - - [13/Apr/2025:07:07:33 +0000] "POST /api-nodejs/auth/login HTTP/1.1" 200 461 "-" "PostmanRuntime/7.43.3"
54.86.50.139 - - [13/Apr/2025:07:08:18 +0000] "POST /api-nodejs/auth/login HTTP/1.1" 200 461 "-" "PostmanRuntime/7.43.3"
116.96.77.176 - - [13/Apr/2025:07:10:09 +0000] "POST /api-nodejs/auth/login HTTP/1.1" 200 461 "http://localhost:3000/" "Mozilla/5.0 (Windows NT 10.0; Win64; x64) AppleWebKit/537.36 (KHTML, like Gecko) Chrome/135.0.0.0 Safari/537.36"
54.86.50.139 - - [13/Apr/2025:07:10:09 +0000] "GET /api-nodejs/teachers?page=1&limit=10&search=&className HTTP/1.1" 200 4556 "-" "PostmanRuntime/7.43.3"
154.81.156.35 - - [13/Apr/2025:07:10:09 +0000] "GET / HTTP/1.1" 200 858 "-" "Mozilla/5.0 (Windows NT 10.0; Win64; x64) AppleWebKit/537.36 (KHTML, like Gecko) Chrome/90.0.4430.85 Safari/537.36 Edg/90.0.818.46"
116.96.77.176 - - [13/Apr/2025:07:10:38 +0000] "POST /api-nodejs/auth/login HTTP/1.1" 200 461 "http://localhost:3000/" "Mozilla/5.0 (Windows NT 10.0; Win64; x64) AppleWebKit/537.36 (KHTML, like Gecko) Chrome/135.0.0.0 Safari/537.36"
116.96.77.176 - - [13/Apr/2025:07:10:45 +0000] "POST /api-nodejs/auth/login HTTP/1.1" 200 461 "http://localhost:3000/" "Mozilla/5.0 (Windows NT 10.0; Win64; x64) AppleWebKit/537.36 (KHTML, like Gecko) Chrome/135.0.0.0 Safari/537.36"
54.86.50.139 - - [13/Apr/2025:07:10:46 +0000] "GET /api-nodejs/students?page=1&limit=10&search=Th%C3%A0nh&classId=&className=10A1&batchId=&batchYear=2023-2026 HTTP/1.1" 200 734 "-" "PostmanRuntime/7.43.3"
116.96.77.176 - - [13/Apr/2025:07:11:22 +0000] "POST /api-nodejs/auth/login HTTP/1.1" 200 461 "http://localhost:3000/" "Mozilla/5.0 (Windows NT 10.0; Win64; x64) AppleWebKit/537.36 (KHTML, like Gecko) Chrome/135.0.0.0 Safari/537.36"
116.96.77.176 - - [13/Apr/2025:07:14:20 +0000] "POST /api-nodejs/auth/login HTTP/1.1" 200 461 "http://localhost:3000/" "Mozilla/5.0 (Windows NT 10.0; Win64; x64) AppleWebKit/537.36 (KHTML, like Gecko) Chrome/135.0.0.0 Safari/537.36"
116.96.77.176 - - [13/Apr/2025:07:14:45 +0000] "POST /api-nodejs/auth/login HTTP/1.1" 401 97 "http://localhost:3000/" "Mozilla/5.0 (Windows NT 10.0; Win64; x64) AppleWebKit/537.36 (KHTML, like Gecko) Chrome/135.0.0.0 Safari/537.36"
154.81.156.34 - - [13/Apr/2025:07:19:28 +0000] "GET / HTTP/1.1" 200 858 "-" "Mozilla/5.0 (Windows NT 10.0; Win64; x64) AppleWebKit/537.36 (KHTML, like Gecko) Chrome/90.0.4430.85 Safari/537.36 Edg/90.0.818.46"
91.196.152.167 - - [13/Apr/2025:07:22:30 +0000] "\x16\x03\x03\x01\xA6\x01\x00\x01\xA2\x03\x033\xF5\xB2dxR\xDFy\xCC\xCC\xA1 \x0B\xC1\x11x\x96\xD3\x1F\xE8\xFD\xB5\xE2\xFC\x9B\xE3\x0Es^\xC4" 400 157 "-" "-"
116.96.77.176 - - [13/Apr/2025:07:22:32 +0000] "POST /api-nodejs/auth/login HTTP/1.1" 200 461 "http://localhost:3000/" "Mozilla/5.0 (Windows NT 10.0; Win64; x64) AppleWebKit/537.36 (KHTML, like Gecko) Chrome/135.0.0.0 Safari/537.36"
91.196.152.151 - - [13/Apr/2025:07:22:33 +0000] "GET / HTTP/1.1" 200 1711 "-" "Mozilla/5.0 (X11; Ubuntu; Linux x86_64; rv:134.0) Gecko/20100101 Firefox/134.0"
116.96.77.176 - - [13/Apr/2025:07:23:00 +0000] "POST /api-nodejs/auth/login HTTP/1.1" 200 461 "http://localhost:3000/" "Mozilla/5.0 (Windows NT 10.0; Win64; x64) AppleWebKit/537.36 (KHTML, like Gecko) Chrome/135.0.0.0 Safari/537.36"
116.96.77.176 - - [13/Apr/2025:07:25:58 +0000] "POST /api-nodejs/auth/login HTTP/1.1" 200 461 "-" "PostmanRuntime/7.43.3"
116.96.77.176 - - [13/Apr/2025:07:26:23 +0000] "POST /api-nodejs/auth/login HTTP/1.1" 200 461 "http://localhost:3000/" "Mozilla/5.0 (Windows NT 10.0; Win64; x64) AppleWebKit/537.36 (KHTML, like Gecko) Chrome/135.0.0.0 Safari/537.36"
91.196.152.44 - - [13/Apr/2025:07:30:07 +0000] "GET /favicon.ico HTTP/1.1" 200 3870 "-" "Mozilla/5.0 (X11; Ubuntu; Linux x86_64; rv:134.0) Gecko/20100101 Firefox/134.0"
116.96.77.176 - - [13/Apr/2025:07:30:56 +0000] "POST /api-nodejs/auth/login HTTP/1.1" 200 461 "http://localhost:3000/" "Mozilla/5.0 (Windows NT 10.0; Win64; x64) AppleWebKit/537.36 (KHTML, like Gecko) Chrome/135.0.0.0 Safari/537.36"
116.96.77.176 - - [13/Apr/2025:07:31:55 +0000] "POST /api-nodejs/auth/login HTTP/1.1" 200 471 "http://localhost:3000/" "Mozilla/5.0 (Windows NT 10.0; Win64; x64) AppleWebKit/537.36 (KHTML, like Gecko) Chrome/135.0.0.0 Safari/537.36"
116.96.77.176 - - [13/Apr/2025:07:34:19 +0000] "POST /api-nodejs/auth/login HTTP/1.1" 200 461 "http://localhost:3000/" "Mozilla/5.0 (Windows NT 10.0; Win64; x64) AppleWebKit/537.36 (KHTML, like Gecko) Chrome/135.0.0.0 Safari/537.36"
116.96.77.176 - - [13/Apr/2025:07:34:43 +0000] "POST /api-nodejs/auth/login HTTP/1.1" 200 461 "http://localhost:3000/" "Mozilla/5.0 (Windows NT 10.0; Win64; x64) AppleWebKit/537.36 (KHTML, like Gecko) Chrome/135.0.0.0 Safari/537.36"
116.96.77.176 - - [13/Apr/2025:07:35:18 +0000] "POST /api-nodejs/auth/login HTTP/1.1" 200 461 "http://localhost:3000/" "Mozilla/5.0 (Windows NT 10.0; Win64; x64) AppleWebKit/537.36 (KHTML, like Gecko) Chrome/135.0.0.0 Safari/537.36"
116.96.77.176 - - [13/Apr/2025:07:35:35 +0000] "POST /api-nodejs/auth/login HTTP/1.1" 200 461 "http://localhost:3000/" "Mozilla/5.0 (Windows NT 10.0; Win64; x64) AppleWebKit/537.36 (KHTML, like Gecko) Chrome/135.0.0.0 Safari/537.36"
116.96.77.176 - - [13/Apr/2025:07:35:39 +0000] "POST /api-nodejs/auth/login HTTP/1.1" 200 461 "http://localhost:3000/" "Mozilla/5.0 (Windows NT 10.0; Win64; x64) AppleWebKit/537.36 (KHTML, like Gecko) Chrome/135.0.0.0 Safari/537.36"
116.96.77.176 - - [13/Apr/2025:07:36:53 +0000] "POST /api-nodejs/auth/login HTTP/1.1" 200 461 "http://localhost:3000/" "Mozilla/5.0 (Windows NT 10.0; Win64; x64) AppleWebKit/537.36 (KHTML, like Gecko) Chrome/135.0.0.0 Safari/537.36"
212.102.33.143 - - [13/Apr/2025:07:37:51 +0000] "GET / HTTP/1.1" 200 1711 "-" "-"
116.96.77.176 - - [13/Apr/2025:07:38:28 +0000] "POST /api-nodejs/auth/login HTTP/1.1" 200 461 "http://localhost:3000/" "Mozilla/5.0 (Windows NT 10.0; Win64; x64) AppleWebKit/537.36 (KHTML, like Gecko) Chrome/135.0.0.0 Safari/537.36"
116.96.77.176 - - [13/Apr/2025:07:40:08 +0000] "POST /api-nodejs/auth/login HTTP/1.1" 200 461 "http://localhost:3000/" "Mozilla/5.0 (Windows NT 10.0; Win64; x64) AppleWebKit/537.36 (KHTML, like Gecko) Chrome/135.0.0.0 Safari/537.36"
116.96.77.176 - - [13/Apr/2025:07:41:18 +0000] "POST /api-nodejs/auth/login HTTP/1.1" 200 461 "http://localhost:3000/" "Mozilla/5.0 (Windows NT 10.0; Win64; x64) AppleWebKit/537.36 (KHTML, like Gecko) Chrome/135.0.0.0 Safari/537.36"
54.86.50.139 - - [13/Apr/2025:07:43:23 +0000] "GET /api-nodejs/teachers?page=1&limit=10&search=&className HTTP/1.1" 500 80 "-" "PostmanRuntime/7.43.3"
54.86.50.139 - - [13/Apr/2025:07:44:02 +0000] "POST /api-nodejs/auth/login HTTP/1.1" 200 461 "-" "PostmanRuntime/7.43.3"
116.96.77.176 - - [13/Apr/2025:07:44:04 +0000] "POST /api-nodejs/auth/login HTTP/1.1" 200 461 "http://localhost:3000/" "Mozilla/5.0 (Windows NT 10.0; Win64; x64) AppleWebKit/537.36 (KHTML, like Gecko) Chrome/135.0.0.0 Safari/537.36"
116.96.77.176 - - [13/Apr/2025:07:45:08 +0000] "POST /api-nodejs/auth/login HTTP/1.1" 200 461 "http://localhost:3000/" "Mozilla/5.0 (Windows NT 10.0; Win64; x64) AppleWebKit/537.36 (KHTML, like Gecko) Chrome/135.0.0.0 Safari/537.36"
116.96.77.176 - - [13/Apr/2025:07:45:49 +0000] "POST /api-nodejs/auth/login HTTP/1.1" 502 559 "http://localhost:3000/" "Mozilla/5.0 (Windows NT 10.0; Win64; x64) AppleWebKit/537.36 (KHTML, like Gecko) Chrome/135.0.0.0 Safari/537.36"
116.96.77.176 - - [13/Apr/2025:07:45:51 +0000] "POST /api-nodejs/auth/login HTTP/1.1" 200 461 "http://localhost:3000/" "Mozilla/5.0 (Windows NT 10.0; Win64; x64) AppleWebKit/537.36 (KHTML, like Gecko) Chrome/135.0.0.0 Safari/537.36"
54.86.50.139 - - [13/Apr/2025:07:48:30 +0000] "GET /api-nodejs/teachers?page=1&limit=10&search=&className HTTP/1.1" 500 90 "-" "PostmanRuntime/7.43.3"
54.86.50.139 - - [13/Apr/2025:07:49:58 +0000] "GET /api-nodejs/teachers?page=1&limit=10&search=&className HTTP/1.1" 200 4556 "-" "PostmanRuntime/7.43.3"
54.86.50.139 - - [13/Apr/2025:07:51:23 +0000] "GET /api-nodejs/students?page=1&limit=10&search=Th%C3%A0nh&classId=&className=10A1&batchId=&batchYear=2023-2026 HTTP/1.1" 502 157 "-" "PostmanRuntime/7.43.3"
54.86.50.139 - - [13/Apr/2025:07:52:56 +0000] "GET /api-nodejs/students?page=1&limit=10&search=Th%C3%A0nh&classId=&className=10A1&batchId=&batchYear=2023-2026 HTTP/1.1" 200 734 "-" "PostmanRuntime/7.43.3"
54.86.50.139 - - [13/Apr/2025:07:53:04 +0000] "GET /api-nodejs/teachers?page=1&limit=10&search=&className HTTP/1.1" 200 4556 "-" "PostmanRuntime/7.43.3"
54.86.50.139 - - [13/Apr/2025:07:56:36 +0000] "GET /api-nodejs/students?page=1&limit=10&search=Th%C3%A0nh&classId=&className=10A1&batchId=&batchYear=2023-2026 HTTP/1.1" 200 734 "-" "PostmanRuntime/7.43.3"
54.86.50.139 - - [13/Apr/2025:07:56:42 +0000] "GET /api-nodejs/teachers?page=1&limit=10&search=&className HTTP/1.1" 500 52 "-" "PostmanRuntime/7.43.3"
54.86.50.139 - - [13/Apr/2025:07:57:53 +0000] "GET /api-nodejs/teachers?page=1&limit=10&search=&className HTTP/1.1" 200 4556 "-" "PostmanRuntime/7.43.3"
173.252.95.13 - - [13/Apr/2025:08:00:25 +0000] "GET /api-nodejs/students?page=1&limit=10&search=Th%C3%A0nh&classId&className=10A1&batchId&batchYear=2023-2026 HTTP/1.1" 401 117 "-" "facebookexternalhit/1.1 (+http://www.facebook.com/externalhit_uatext.php)"
31.13.127.113 - - [13/Apr/2025:08:00:28 +0000] "GET /api-nodejs/students?page=1&limit=10&search=Th%C3%A0nh&classId&className=10A1&batchId&batchYear=2023-2026 HTTP/1.1" 401 117 "-" "facebookexternalhit/1.1 (+http://www.facebook.com/externalhit_uatext.php)"
116.96.77.176 - - [13/Apr/2025:08:00:33 +0000] "GET /api-nodejs/students?page=1&limit=10&search=Th%C3%A0nh&classId=&className=10A1&batchId=&batchYear=2023-2026 HTTP/1.1" 401 117 "-" "Mozilla/5.0 (Windows NT 10.0; Win64; x64) AppleWebKit/537.36 (KHTML, like Gecko) Chrome/135.0.0.0 Safari/537.36"
116.96.77.176 - - [13/Apr/2025:08:00:33 +0000] "GET /favicon.ico HTTP/1.1" 200 3667 "http://fams.io.vn/api-nodejs/students?page=1&limit=10&search=Th%C3%A0nh&classId=&className=10A1&batchId=&batchYear=2023-2026" "Mozilla/5.0 (Windows NT 10.0; Win64; x64) AppleWebKit/537.36 (KHTML, like Gecko) Chrome/135.0.0.0 Safari/537.36"
54.86.50.139 - - [13/Apr/2025:08:07:25 +0000] "GET /api-nodejs/teachers?page=1&limit=10&search=&className HTTP/1.1" 500 134 "-" "PostmanRuntime/7.43.3"
54.86.50.139 - - [13/Apr/2025:08:08:43 +0000] "GET /api-nodejs/teachers?page=1&limit=10&search=&className HTTP/1.1" 200 4556 "-" "PostmanRuntime/7.43.3"
116.96.77.176 - - [13/Apr/2025:08:10:07 +0000] "POST /api-nodejs/auth/login HTTP/1.1" 200 461 "http://localhost:3000/" "Mozilla/5.0 (Windows NT 10.0; Win64; x64) AppleWebKit/537.36 (KHTML, like Gecko) Chrome/135.0.0.0 Safari/537.36"
185.242.226.153 - - [13/Apr/2025:08:11:26 +0000] "\x16\x03\x01\x00\x8B\x01\x00\x00\x87\x03\x03\x8E\x19\xD9E\xFETP\xCFs(>\x8D\xD9\xB8R\xAD\xB7\xAC\xB1D\xBB\xC0\xC6\x83\xB6Y\xCFm\xBAKO\xC5\x00\x00\x1A\xC0/\xC0+\xC0\x11\xC0\x07\xC0\x13\xC0\x09\xC0\x14\xC0" 400 157 "-" "-"
212.102.33.143 - - [13/Apr/2025:08:19:43 +0000] "GET / HTTP/1.1" 200 1711 "-" "-"
154.81.156.35 - - [13/Apr/2025:08:26:06 +0000] "GET / HTTP/1.1" 200 858 "-" "Mozilla/5.0 (Windows NT 10.0; Win64; x64) AppleWebKit/537.36 (KHTML, like Gecko) Chrome/90.0.4430.85 Safari/537.36 Edg/90.0.818.46"
188.166.90.186 - - [13/Apr/2025:08:27:07 +0000] "GET / HTTP/1.1" 200 858 "-" "Mozilla/5.0 (compatible)"
188.166.90.186 - - [13/Apr/2025:08:27:08 +0000] "GET /favicon.ico HTTP/1.1" 200 3667 "http://14.225.204.42/" "Mozilla/5.0 (compatible)"
172.245.226.195 - - [13/Apr/2025:08:29:59 +0000] "" 400 0 "-" "-"
172.245.226.195 - - [13/Apr/2025:08:30:00 +0000] "GET / HTTP/1.0" 200 1711 "-" "Mozilla/5.0 (Windows; U; MSIE 9.0; Windows NT 9.1; en-US)"
154.81.156.34 - - [13/Apr/2025:08:57:58 +0000] "GET / HTTP/1.1" 200 858 "-" "Mozilla/5.0 (Windows NT 10.0; Win64; x64) AppleWebKit/537.36 (KHTML, like Gecko) Chrome/90.0.4430.85 Safari/537.36 Edg/90.0.818.46"
54.86.50.139 - - [13/Apr/2025:09:01:26 +0000] "POST /api-nodejs/users/create HTTP/1.1" 502 157 "-" "PostmanRuntime/7.43.3"
54.86.50.139 - - [13/Apr/2025:09:01:48 +0000] "POST /api-nodejs/auth/login HTTP/1.1" 502 157 "-" "PostmanRuntime/7.43.3"
54.86.50.139 - - [13/Apr/2025:09:02:29 +0000] "POST /api-nodejs/auth/login HTTP/1.1" 502 157 "-" "PostmanRuntime/7.43.3"
54.86.50.139 - - [13/Apr/2025:09:02:32 +0000] "POST /api-nodejs/auth/login HTTP/1.1" 502 157 "-" "PostmanRuntime/7.43.3"
54.86.50.139 - - [13/Apr/2025:09:02:42 +0000] "POST /api-nodejs/auth/login HTTP/1.1" 502 157 "-" "PostmanRuntime/7.43.3"
42.116.117.76 - - [13/Apr/2025:09:02:49 +0000] "GET / HTTP/1.1" 304 0 "-" "Mozilla/5.0 (Windows NT 10.0; Win64; x64) AppleWebKit/537.36 (KHTML, like Gecko) Chrome/135.0.0.0 Safari/537.36 Edg/135.0.0.0"
42.116.117.76 - - [13/Apr/2025:09:02:49 +0000] "GET /static/js/bundle.js HTTP/1.1" 304 0 "http://fams.io.vn/" "Mozilla/5.0 (Windows NT 10.0; Win64; x64) AppleWebKit/537.36 (KHTML, like Gecko) Chrome/135.0.0.0 Safari/537.36 Edg/135.0.0.0"
42.116.117.76 - - [13/Apr/2025:09:06:27 +0000] "GET /login HTTP/1.1" 304 0 "-" "Mozilla/5.0 (Windows NT 10.0; Win64; x64) AppleWebKit/537.36 (KHTML, like Gecko) Chrome/135.0.0.0 Safari/537.36 Edg/135.0.0.0"
42.116.117.76 - - [13/Apr/2025:09:06:27 +0000] "GET /ws HTTP/1.1" 101 1248 "-" "Mozilla/5.0 (Windows NT 10.0; Win64; x64) AppleWebKit/537.36 (KHTML, like Gecko) Chrome/135.0.0.0 Safari/537.36 Edg/135.0.0.0"
42.116.117.76 - - [13/Apr/2025:09:06:28 +0000] "GET /static/js/bundle.js HTTP/1.1" 304 0 "http://fams.io.vn/login" "Mozilla/5.0 (Windows NT 10.0; Win64; x64) AppleWebKit/537.36 (KHTML, like Gecko) Chrome/135.0.0.0 Safari/537.36 Edg/135.0.0.0"
42.116.117.76 - - [13/Apr/2025:09:06:28 +0000] "GET /favicon.ico HTTP/1.1" 304 0 "http://fams.io.vn/login" "Mozilla/5.0 (Windows NT 10.0; Win64; x64) AppleWebKit/537.36 (KHTML, like Gecko) Chrome/135.0.0.0 Safari/537.36 Edg/135.0.0.0"
54.86.50.139 - - [13/Apr/2025:09:12:08 +0000] "POST /api-nodejs/auth/login HTTP/1.1" 200 461 "-" "PostmanRuntime/7.43.3"
54.86.50.139 - - [13/Apr/2025:09:12:15 +0000] "GET /api-nodejs/students?page=1&limit=10&search=Th%C3%A0nh&classId=&className=10A1&batchId=&batchYear=2023-2026 HTTP/1.1" 401 106 "-" "PostmanRuntime/7.43.3"
54.86.50.139 - - [13/Apr/2025:09:12:33 +0000] "GET /api-nodejs/students?page=1&limit=10&search=Th%C3%A0nh&classId=&className=10A1&batchId=&batchYear=2023-2026 HTTP/1.1" 200 734 "-" "PostmanRuntime/7.43.3"
54.86.50.139 - - [13/Apr/2025:09:13:16 +0000] "POST /api-nodejs/users/create HTTP/1.1" 404 156 "-" "PostmanRuntime/7.43.3"
3.236.208.110 - - [13/Apr/2025:09:14:12 +0000] "GET /api-nodejs/users/create HTTP/1.1" 401 117 "-" "got (https://github.com/sindresorhus/got)"
54.86.50.139 - - [13/Apr/2025:09:14:42 +0000] "POST /api-nodejs/users/create HTTP/1.1" 401 106 "-" "PostmanRuntime/7.43.3"
54.86.50.139 - - [13/Apr/2025:09:15:07 +0000] "POST /api-nodejs/users/create HTTP/1.1" 403 116 "-" "PostmanRuntime/7.43.3"
54.86.50.139 - - [13/Apr/2025:09:17:20 +0000] "POST /api-nodejs/users/create HTTP/1.1" 500 132 "-" "PostmanRuntime/7.43.3"
54.86.50.139 - - [13/Apr/2025:09:19:29 +0000] "POST /api-nodejs/users/create HTTP/1.1" 500 146 "-" "PostmanRuntime/7.43.3"
45.95.232.6 - - [13/Apr/2025:09:20:50 +0000] "GET / HTTP/1.1" 200 858 "-" "Mozilla/5.0 zgrab/0.x"
54.86.50.139 - - [13/Apr/2025:09:26:12 +0000] "POST /api-nodejs/users/create HTTP/1.1" 201 2225 "-" "PostmanRuntime/7.43.3"
198.235.24.240 - - [13/Apr/2025:09:29:28 +0000] "\x16\x03\x01\x00\xCA\x01\x00\x00\xC6\x03\x03lG\xF1\xC0\x9AB\xCB\xE0\x1D\xE1o[\xE3\xE6\xFFi\xE4\xBF\x16\x88p\x16a\xEEr\x08!\x9D\xF4\xEF;=\x00\x00h\xCC\x14\xCC\x13\xC0/\xC0+\xC00\xC0,\xC0\x11\xC0\x07\xC0'\xC0#\xC0\x13\xC0\x09\xC0(\xC0$\xC0\x14\xC0" 400 157 "-" "-"
198.235.24.240 - - [13/Apr/2025:09:29:28 +0000] "\x16\x03\x01\x00\xEE\x01\x00\x00\xEA\x03\x03y\xBA\x8A\x04\xFC\x816\xF4\xDE\xEE\xAA'\xD8\xA0\xF3_\xB2D\xA5\x03\xE9 \xE3ET\x12lCt\xFD\x0C\xF1 \xB1\xD9#\xD5F\x83}\xE0\x8A\xB0h\xD2gl\xC1F\xC6\xAF\x8E\x07c\x00\xAB\xC2U:F\x0Bc\x22k\x0B\x00&\xC0+\xC0/\xC0,\xC00\xCC\xA9\xCC\xA8\xC0\x09\xC0\x13\xC0" 400 157 "-" "-"
54.86.50.139 - - [13/Apr/2025:09:30:09 +0000] "POST /api-nodejs/users/create HTTP/1.1" 201 2216 "-" "PostmanRuntime/7.43.3"
54.86.50.139 - - [13/Apr/2025:09:31:02 +0000] "POST /api-nodejs/users/create HTTP/1.1" 201 2205 "-" "PostmanRuntime/7.43.3"
54.86.50.139 - - [13/Apr/2025:09:34:05 +0000] "POST /api-nodejs/users/create HTTP/1.1" 201 2216 "-" "PostmanRuntime/7.43.3"
154.81.156.35 - - [13/Apr/2025:09:34:36 +0000] "GET / HTTP/1.1" 200 858 "-" "Mozilla/5.0 (Windows NT 10.0; Win64; x64) AppleWebKit/537.36 (KHTML, like Gecko) Chrome/90.0.4430.85 Safari/537.36 Edg/90.0.818.46"
54.86.50.139 - - [13/Apr/2025:09:34:44 +0000] "POST /api-nodejs/users/create HTTP/1.1" 201 952 "-" "PostmanRuntime/7.43.3"
173.252.95.32 - - [13/Apr/2025:09:35:00 +0000] "GET /api-nodejs/users/create HTTP/1.1" 401 117 "-" "facebookexternalhit/1.1 (+http://www.facebook.com/externalhit_uatext.php)"
31.13.127.8 - - [13/Apr/2025:09:35:03 +0000] "GET /api-nodejs/users/create HTTP/1.1" 401 117 "-" "facebookexternalhit/1.1 (+http://www.facebook.com/externalhit_uatext.php)"
54.86.50.139 - - [13/Apr/2025:09:35:25 +0000] "POST /api-nodejs/users/create HTTP/1.1" 400 118 "-" "PostmanRuntime/7.43.3"
54.86.50.139 - - [13/Apr/2025:09:36:36 +0000] "POST /api-nodejs/users/create HTTP/1.1" 201 948 "-" "PostmanRuntime/7.43.3"
45.148.10.35 - - [13/Apr/2025:09:37:01 +0000] "\x16\x03\x01\x00\xEE\x01\x00\x00\xEA\x03\x03\xE1\xEC\x83\x8E\xA5\xB0\xC6\xE3NKM[Z\x14\x04LJ2\x8C\xB7jG\x1C\xED>\xD5\x17\xEA\xCD\xA6\x1E\xFD }\xDAx\xE8\xCF\x8A\xB9max\x9B\xF7\xBA9\x094\xFA-\xFC\xA2|~\xD8\xAB" 400 157 "-" "-"
45.148.10.35 - - [13/Apr/2025:09:37:02 +0000] "GET / HTTP/1.1" 400 157 "-" "-"
45.148.10.35 - - [13/Apr/2025:09:37:02 +0000] "GET / HTTP/1.1" 200 1711 "-" "l9tcpid/v1.1.0"
45.148.10.35 - - [13/Apr/2025:09:37:03 +0000] "GET /config/database.yml HTTP/1.1" 404 158 "-" "l9explore/1.2.2"
45.148.10.35 - - [13/Apr/2025:09:37:03 +0000] "GET /config/azure_auth.yaml HTTP/1.1" 404 161 "-" "l9explore/1.2.2"
45.148.10.35 - - [13/Apr/2025:09:37:04 +0000] "GET /vault/oauth.yaml HTTP/1.1" 404 155 "-" "l9explore/1.2.2"
45.148.10.35 - - [13/Apr/2025:09:37:05 +0000] "GET /src/config/settings.yaml HTTP/1.1" 404 163 "-" "l9explore/1.2.2"
45.148.10.35 - - [13/Apr/2025:09:37:05 +0000] "GET /config/base.json HTTP/1.1" 404 155 "-" "l9explore/1.2.2"
45.148.10.35 - - [13/Apr/2025:09:37:06 +0000] "GET /config.js HTTP/1.1" 404 148 "-" "l9explore/1.2.2"
45.148.10.35 - - [13/Apr/2025:09:37:07 +0000] "GET /secrets.py HTTP/1.1" 404 149 "-" "l9explore/1.2.2"
45.148.10.35 - - [13/Apr/2025:09:37:07 +0000] "GET /settings/base.ini HTTP/1.1" 404 156 "-" "l9explore/1.2.2"
45.148.10.35 - - [13/Apr/2025:09:37:08 +0000] "GET /cloud/settings.yaml HTTP/1.1" 404 158 "-" "l9explore/1.2.2"
45.148.10.35 - - [13/Apr/2025:09:37:08 +0000] "GET /settings/api_config.json HTTP/1.1" 404 163 "-" "l9explore/1.2.2"
45.148.10.35 - - [13/Apr/2025:09:37:09 +0000] "GET /auth/keys.ini HTTP/1.1" 404 152 "-" "l9explore/1.2.2"
45.148.10.35 - - [13/Apr/2025:09:37:09 +0000] "GET /config/app_config.yaml HTTP/1.1" 404 161 "-" "l9explore/1.2.2"
45.148.10.35 - - [13/Apr/2025:09:37:10 +0000] "GET /security/keys.json HTTP/1.1" 404 157 "-" "l9explore/1.2.2"
45.148.10.35 - - [13/Apr/2025:09:37:10 +0000] "GET /settings.json HTTP/1.1" 404 152 "-" "l9explore/1.2.2"
45.148.10.35 - - [13/Apr/2025:09:37:11 +0000] "GET /application.properties HTTP/1.1" 404 161 "-" "l9explore/1.2.2"
45.148.10.35 - - [13/Apr/2025:09:37:12 +0000] "GET /config/credentials.yml HTTP/1.1" 404 161 "-" "l9explore/1.2.2"
45.148.10.35 - - [13/Apr/2025:09:37:13 +0000] "GET /environments/prod/settings.json HTTP/1.1" 404 170 "-" "l9explore/1.2.2"
45.148.10.35 - - [13/Apr/2025:09:37:13 +0000] "GET /config/dev_config.ini HTTP/1.1" 404 160 "-" "l9explore/1.2.2"
45.148.10.35 - - [13/Apr/2025:09:37:14 +0000] "GET /services/auth/config.json HTTP/1.1" 404 164 "-" "l9explore/1.2.2"
45.148.10.35 - - [13/Apr/2025:09:37:14 +0000] "GET /config/google.json HTTP/1.1" 404 157 "-" "l9explore/1.2.2"
45.148.10.35 - - [13/Apr/2025:09:37:15 +0000] "GET /config/twitter_auth.yaml HTTP/1.1" 404 163 "-" "l9explore/1.2.2"
45.148.10.35 - - [13/Apr/2025:09:37:15 +0000] "GET /tests/config/test_oauth.json HTTP/1.1" 404 167 "-" "l9explore/1.2.2"
45.148.10.35 - - [13/Apr/2025:09:37:16 +0000] "GET /conf.d/oauth.conf HTTP/1.1" 404 156 "-" "l9explore/1.2.2"
45.148.10.35 - - [13/Apr/2025:09:37:16 +0000] "GET /config/oauth.json HTTP/1.1" 404 156 "-" "l9explore/1.2.2"
45.148.10.35 - - [13/Apr/2025:09:37:18 +0000] "GET /vault/config.json HTTP/1.1" 404 156 "-" "l9explore/1.2.2"
45.148.10.35 - - [13/Apr/2025:09:37:19 +0000] "GET /auth/config.json HTTP/1.1" 404 155 "-" "l9explore/1.2.2"
45.148.10.35 - - [13/Apr/2025:09:37:19 +0000] "GET /config/github.yaml HTTP/1.1" 404 157 "-" "l9explore/1.2.2"
45.148.10.35 - - [13/Apr/2025:09:37:20 +0000] "GET /config/local.yaml HTTP/1.1" 404 156 "-" "l9explore/1.2.2"
45.148.10.35 - - [13/Apr/2025:09:37:20 +0000] "GET /src/auth/config.yaml HTTP/1.1" 404 159 "-" "l9explore/1.2.2"
45.148.10.35 - - [13/Apr/2025:09:37:21 +0000] "GET /config/db.json HTTP/1.1" 404 153 "-" "l9explore/1.2.2"
45.148.10.35 - - [13/Apr/2025:09:37:21 +0000] "GET /automation/oauth.json HTTP/1.1" 404 160 "-" "l9explore/1.2.2"
45.148.10.35 - - [13/Apr/2025:09:37:22 +0000] "GET /app/settings/auth.json HTTP/1.1" 404 161 "-" "l9explore/1.2.2"
45.148.10.35 - - [13/Apr/2025:09:37:23 +0000] "GET /security/api_settings.json HTTP/1.1" 404 165 "-" "l9explore/1.2.2"
45.148.10.35 - - [13/Apr/2025:09:37:24 +0000] "GET /auth/provider_config.yaml HTTP/1.1" 404 164 "-" "l9explore/1.2.2"
45.148.10.35 - - [13/Apr/2025:09:37:24 +0000] "GET /config.xml HTTP/1.1" 404 149 "-" "l9explore/1.2.2"
45.148.10.35 - - [13/Apr/2025:09:37:25 +0000] "GET /config/integration.json HTTP/1.1" 404 162 "-" "l9explore/1.2.2"
45.148.10.35 - - [13/Apr/2025:09:37:25 +0000] "GET /project/settings.py HTTP/1.1" 404 158 "-" "l9explore/1.2.2"
45.148.10.35 - - [13/Apr/2025:09:37:26 +0000] "GET /test/settings.yaml HTTP/1.1" 404 157 "-" "l9explore/1.2.2"
45.148.10.35 - - [13/Apr/2025:09:37:26 +0000] "GET /config.ini HTTP/1.1" 404 149 "-" "l9explore/1.2.2"
45.148.10.35 - - [13/Apr/2025:09:37:27 +0000] "GET /usr/src/app/auth.json HTTP/1.1" 404 160 "-" "l9explore/1.2.2"
45.148.10.35 - - [13/Apr/2025:09:37:28 +0000] "GET /src/main/resources/application.yml HTTP/1.1" 404 173 "-" "l9explore/1.2.2"
45.148.10.35 - - [13/Apr/2025:09:37:29 +0000] "GET /tests/auth_config.ini HTTP/1.1" 404 160 "-" "l9explore/1.2.2"
45.148.10.35 - - [13/Apr/2025:09:37:29 +0000] "GET /config/external_auth.json HTTP/1.1" 404 164 "-" "l9explore/1.2.2"
45.148.10.35 - - [13/Apr/2025:09:37:30 +0000] "GET /config/auth.yaml HTTP/1.1" 404 155 "-" "l9explore/1.2.2"
45.148.10.35 - - [13/Apr/2025:09:37:30 +0000] "GET /config/staging.yaml HTTP/1.1" 404 158 "-" "l9explore/1.2.2"
45.148.10.35 - - [13/Apr/2025:09:37:31 +0000] "GET /services/user/settings.yaml HTTP/1.1" 404 166 "-" "l9explore/1.2.2"
45.148.10.35 - - [13/Apr/2025:09:37:31 +0000] "GET /microservices/oauth/config.json HTTP/1.1" 404 170 "-" "l9explore/1.2.2"
45.148.10.35 - - [13/Apr/2025:09:37:32 +0000] "GET /config/okta_oauth.yaml HTTP/1.1" 404 161 "-" "l9explore/1.2.2"
45.148.10.35 - - [13/Apr/2025:09:37:32 +0000] "GET /etc/app/config.ini HTTP/1.1" 404 157 "-" "l9explore/1.2.2"
45.148.10.35 - - [13/Apr/2025:09:37:33 +0000] "GET /settings/service_keys.ini HTTP/1.1" 404 164 "-" "l9explore/1.2.2"
45.148.10.35 - - [13/Apr/2025:09:37:35 +0000] "GET /config/settings.json HTTP/1.1" 404 159 "-" "l9explore/1.2.2"
45.148.10.35 - - [13/Apr/2025:09:37:35 +0000] "GET /config/security.ini HTTP/1.1" 404 158 "-" "l9explore/1.2.2"
45.148.10.35 - - [13/Apr/2025:09:37:36 +0000] "GET /auth/settings.yaml HTTP/1.1" 404 157 "-" "l9explore/1.2.2"
45.148.10.35 - - [13/Apr/2025:09:37:36 +0000] "GET /auth/oauth_config.ini HTTP/1.1" 404 160 "-" "l9explore/1.2.2"
45.148.10.35 - - [13/Apr/2025:09:37:37 +0000] "GET /security/auth_settings.yaml HTTP/1.1" 404 166 "-" "l9explore/1.2.2"
45.148.10.35 - - [13/Apr/2025:09:37:37 +0000] "GET /db/settings.ini HTTP/1.1" 404 154 "-" "l9explore/1.2.2"
45.148.10.35 - - [13/Apr/2025:09:37:38 +0000] "GET /etc/auth/secrets.yaml HTTP/1.1" 404 160 "-" "l9explore/1.2.2"
45.148.10.35 - - [13/Apr/2025:09:37:39 +0000] "GET /config/api.json HTTP/1.1" 404 154 "-" "l9explore/1.2.2"
45.148.10.35 - - [13/Apr/2025:09:37:40 +0000] "GET /secrets/token_store.yaml HTTP/1.1" 404 163 "-" "l9explore/1.2.2"
45.148.10.35 - - [13/Apr/2025:09:37:41 +0000] "GET /app/secrets/oauth.yaml HTTP/1.1" 404 161 "-" "l9explore/1.2.2"
45.148.10.35 - - [13/Apr/2025:09:37:41 +0000] "GET /scripts/config.json HTTP/1.1" 404 158 "-" "l9explore/1.2.2"
45.148.10.35 - - [13/Apr/2025:09:37:42 +0000] "GET /config/keys.yaml HTTP/1.1" 404 155 "-" "l9explore/1.2.2"
45.148.10.35 - - [13/Apr/2025:09:37:42 +0000] "GET /security/oauth.json HTTP/1.1" 404 158 "-" "l9explore/1.2.2"
45.148.10.35 - - [13/Apr/2025:09:37:43 +0000] "GET /auth.json HTTP/1.1" 404 148 "-" "l9explore/1.2.2"
45.148.10.35 - - [13/Apr/2025:09:37:44 +0000] "GET /spec/config/oauth.yaml HTTP/1.1" 404 161 "-" "l9explore/1.2.2"
45.148.10.35 - - [13/Apr/2025:09:37:44 +0000] "GET /config/auth_override.json HTTP/1.1" 404 164 "-" "l9explore/1.2.2"
45.148.10.35 - - [13/Apr/2025:09:37:45 +0000] "GET /config/client_oauth.json HTTP/1.1" 404 163 "-" "l9explore/1.2.2"
45.148.10.35 - - [13/Apr/2025:09:37:46 +0000] "GET /secrets/secrets.json HTTP/1.1" 404 159 "-" "l9explore/1.2.2"
45.148.10.35 - - [13/Apr/2025:09:37:46 +0000] "GET /config/secrets.yml HTTP/1.1" 404 157 "-" "l9explore/1.2.2"
45.148.10.35 - - [13/Apr/2025:09:37:47 +0000] "GET /services/api/auth.yaml HTTP/1.1" 404 161 "-" "l9explore/1.2.2"
45.148.10.35 - - [13/Apr/2025:09:37:47 +0000] "GET /app/auth/config.json HTTP/1.1" 404 159 "-" "l9explore/1.2.2"
45.148.10.35 - - [13/Apr/2025:09:37:48 +0000] "GET /src/config/api_keys.json HTTP/1.1" 404 163 "-" "l9explore/1.2.2"
45.148.10.35 - - [13/Apr/2025:09:37:48 +0000] "GET /config/gcp_oauth.json HTTP/1.1" 404 160 "-" "l9explore/1.2.2"
45.148.10.35 - - [13/Apr/2025:09:37:49 +0000] "GET /secrets/integration_auth.yaml HTTP/1.1" 404 168 "-" "l9explore/1.2.2"
45.148.10.35 - - [13/Apr/2025:09:37:50 +0000] "GET /config/server_auth.yaml HTTP/1.1" 404 162 "-" "l9explore/1.2.2"
45.148.10.35 - - [13/Apr/2025:09:37:51 +0000] "GET /application.yml HTTP/1.1" 404 154 "-" "l9explore/1.2.2"
45.148.10.35 - - [13/Apr/2025:09:37:51 +0000] "GET /config/initializers/oauth.rb HTTP/1.1" 404 167 "-" "l9explore/1.2.2"
45.148.10.35 - - [13/Apr/2025:09:37:52 +0000] "GET /app/config/oauth.json HTTP/1.1" 404 160 "-" "l9explore/1.2.2"
45.148.10.35 - - [13/Apr/2025:09:37:52 +0000] "GET /config/aws.json HTTP/1.1" 404 154 "-" "l9explore/1.2.2"
45.148.10.35 - - [13/Apr/2025:09:37:53 +0000] "GET /etc/oauth/config.json HTTP/1.1" 404 160 "-" "l9explore/1.2.2"
45.148.10.35 - - [13/Apr/2025:09:37:53 +0000] "GET /secrets/oauth.json HTTP/1.1" 404 157 "-" "l9explore/1.2.2"
45.148.10.35 - - [13/Apr/2025:09:37:54 +0000] "GET /config/production.json HTTP/1.1" 404 161 "-" "l9explore/1.2.2"
45.148.10.35 - - [13/Apr/2025:09:37:55 +0000] "GET /config/facebook_oauth.json HTTP/1.1" 404 165 "-" "l9explore/1.2.2"
