45.148.10.35 - - [13/Apr/2025:09:37:55 +0000] "GET /db/auth_config.json HTTP/1.1" 404 158 "-" "l9explore/1.2.2"
45.148.10.35 - - [13/Apr/2025:09:37:56 +0000] "GET /scripts/auth_settings.yaml HTTP/1.1" 404 165 "-" "l9explore/1.2.2"
45.148.10.35 - - [13/Apr/2025:09:37:57 +0000] "GET /scripts/secrets.yaml HTTP/1.1" 404 159 "-" "l9explore/1.2.2"
45.148.10.35 - - [13/Apr/2025:09:37:57 +0000] "GET /config/service_auth.json HTTP/1.1" 404 163 "-" "l9explore/1.2.2"
45.148.10.35 - - [13/Apr/2025:09:37:58 +0000] "GET /secrets/auth.yaml HTTP/1.1" 404 156 "-" "l9explore/1.2.2"
45.148.10.35 - - [13/Apr/2025:09:37:58 +0000] "GET /config/development.json HTTP/1.1" 404 162 "-" "l9explore/1.2.2"
45.148.10.35 - - [13/Apr/2025:09:37:59 +0000] "GET /environments/dev/config.yaml HTTP/1.1" 404 167 "-" "l9explore/1.2.2"
45.148.10.35 - - [13/Apr/2025:09:38:00 +0000] "GET /config/microsoft.json HTTP/1.1" 404 160 "-" "l9explore/1.2.2"
54.86.50.139 - - [13/Apr/2025:09:40:46 +0000] "GET /api-nodejs/users HTTP/1.1" 401 117 "-" "PostmanRuntime/7.43.3"
54.86.50.139 - - [13/Apr/2025:09:41:49 +0000] "POST /api-nodejs/auth/login HTTP/1.1" 200 461 "-" "PostmanRuntime/7.43.3"
54.86.50.139 - - [13/Apr/2025:09:48:29 +0000] "POST /api-nodejs/auth/login HTTP/1.1" 200 461 "-" "PostmanRuntime/7.43.3"
54.86.50.139 - - [13/Apr/2025:09:50:41 +0000] "POST /api-nodejs/auth/login HTTP/1.1" 200 461 "-" "PostmanRuntime/7.43.3"
54.86.50.139 - - [13/Apr/2025:09:51:53 +0000] "GET /api-nodejs/users HTTP/1.1" 200 178434 "-" "PostmanRuntime/7.43.3"
42.116.117.76 - - [13/Apr/2025:09:52:41 +0000] "GET /ws HTTP/1.1" 101 6594 "-" "Mozilla/5.0 (Windows NT 10.0; Win64; x64) AppleWebKit/537.36 (KHTML, like Gecko) Chrome/135.0.0.0 Safari/537.36 Edg/135.0.0.0"
185.218.86.4 - - [13/Apr/2025:09:54:05 +0000] "GET / HTTP/1.1" 200 858 "-" "Mozilla/5.0 (Windows NT 10.0; Win64; x64) AppleWebKit/537.36 (KHTML, like Gecko) Chrome/90.0.4430.85 Safari/537.36 Edg/90.0.818.46"
5.183.209.244 - - [13/Apr/2025:09:54:41 +0000] "GET / HTTP/1.1" 200 1711 "-" "-"
5.183.209.244 - - [13/Apr/2025:09:54:43 +0000] "PUT /v1/agent/service/register  HTTP/1.1" 400 157 "-" "-"
185.255.122.19 - - [13/Apr/2025:09:55:03 +0000] "GET / HTTP/1.1" 200 858 "-" "Mozilla/5.0 (Windows NT 10.0; Win64; x64) AppleWebKit/537.36 (KHTML, like Gecko) Chrome/90.0.4430.85 Safari/537.36 Edg/90.0.818.46"
54.86.50.139 - - [13/Apr/2025:09:59:59 +0000] "GET /api-nodejs/users?page=1&limit=10&search&className&roles HTTP/1.1" 200 4975 "-" "PostmanRuntime/7.43.3"
54.86.50.139 - - [13/Apr/2025:10:02:35 +0000] "GET /api-nodejs/users?page=1&limit=10&search=Th%C3%A0nh&className&roles HTTP/1.1" 200 939 "-" "PostmanRuntime/7.43.3"
54.86.50.139 - - [13/Apr/2025:10:02:45 +0000] "GET /api-nodejs/users?page=1&limit=10&search=thanh&className&roles HTTP/1.1" 200 4243 "-" "PostmanRuntime/7.43.3"
54.86.50.139 - - [13/Apr/2025:10:03:58 +0000] "GET /api-nodejs/users?page=1&limit=10&search=thanh&className&roles HTTP/1.1" 200 4243 "-" "PostmanRuntime/7.43.3"
54.86.50.139 - - [13/Apr/2025:10:04:09 +0000] "GET /api-nodejs/users?page=1&limit=10&search=thanh&className=10&roles HTTP/1.1" 200 4243 "-" "PostmanRuntime/7.43.3"
54.86.50.139 - - [13/Apr/2025:10:04:26 +0000] "GET /api-nodejs/users?page=1&limit=10&search=&className=10&roles HTTP/1.1" 200 5092 "-" "PostmanRuntime/7.43.3"
121.179.150.231 - - [13/Apr/2025:10:04:40 +0000] "GET / HTTP/1.0" 200 1711 "-" "curl/7.88.1"
54.86.50.139 - - [13/Apr/2025:10:05:57 +0000] "GET /api-nodejs/users?page=1&limit=10&search=&className=10&roles=student HTTP/1.1" 200 5363 "-" "PostmanRuntime/7.43.3"
54.86.50.139 - - [13/Apr/2025:10:06:06 +0000] "GET /api-nodejs/users?page=1&limit=10&search=&className=10&roles=teacher HTTP/1.1" 200 4571 "-" "PostmanRuntime/7.43.3"
100.26.34.111 - - [13/Apr/2025:10:06:20 +0000] "GET /api-nodejs/users?page=1&limit=10&search=&className=10&roles HTTP/1.1" 401 117 "-" "got (https://github.com/sindresorhus/got)"
54.86.50.139 - - [13/Apr/2025:10:07:00 +0000] "GET /api-nodejs/users?page=1&limit=10&search=&grade=10&roles=teacher HTTP/1.1" 200 4548 "-" "PostmanRuntime/7.43.3"
54.86.50.139 - - [13/Apr/2025:10:07:08 +0000] "GET /api-nodejs/users?page=1&limit=10&search=&grade=10&roles=student HTTP/1.1" 200 5318 "-" "PostmanRuntime/7.43.3"
54.86.50.139 - - [13/Apr/2025:10:07:30 +0000] "GET /api-nodejs/users?page=1&limit=10&search=&grade=10&roles=student,admin HTTP/1.1" 200 5318 "-" "PostmanRuntime/7.43.3"
54.86.50.139 - - [13/Apr/2025:10:07:38 +0000] "GET /api-nodejs/users?page=1&limit=10&search=&grade=&roles=student,admin HTTP/1.1" 200 5092 "-" "PostmanRuntime/7.43.3"
173.252.95.33 - - [13/Apr/2025:10:08:05 +0000] "GET /api-nodejs/users?page=1&limit=10&search&grade&roles=student%2Cadmin HTTP/1.1" 401 117 "-" "facebookexternalhit/1.1 (+http://www.facebook.com/externalhit_uatext.php)"
69.171.249.116 - - [13/Apr/2025:10:08:08 +0000] "GET /api-nodejs/users?page=1&limit=10&search&grade&roles=student%2Cadmin HTTP/1.1" 401 117 "-" "facebookexternalhit/1.1 (+http://www.facebook.com/externalhit_uatext.php)"
54.86.50.139 - - [13/Apr/2025:10:09:29 +0000] "GET /api-nodejs/teachers?page=1&limit=10&search=&className HTTP/1.1" 200 4556 "-" "PostmanRuntime/7.43.3"
100.26.34.111 - - [13/Apr/2025:10:14:59 +0000] "GET /api-nodejs/teachers?page=1&limit=10&search=&className HTTP/1.1" 401 117 "-" "got (https://github.com/sindresorhus/got)"
54.86.50.139 - - [13/Apr/2025:10:17:00 +0000] "GET /api-nodejs/teachers?page=1&limit=10&search=&className HTTP/1.1" 200 4426 "-" "PostmanRuntime/7.43.3"
138.197.112.232 - - [13/Apr/2025:10:17:37 +0000] "GET /.env HTTP/1.1" 200 858 "-" "Mozilla/5.0; Keydrop.io/1.0(onlyscans.com/about);"
138.197.112.232 - - [13/Apr/2025:10:17:37 +0000] "GET /.git/config HTTP/1.1" 200 858 "-" "Mozilla/5.0; Keydrop.io/1.0(onlyscans.com/about);"
154.81.156.34 - - [13/Apr/2025:10:18:17 +0000] "GET / HTTP/1.1" 200 858 "-" "Mozilla/5.0 (Windows NT 10.0; Win64; x64) AppleWebKit/537.36 (KHTML, like Gecko) Chrome/90.0.4430.85 Safari/537.36 Edg/90.0.818.46"
54.86.50.139 - - [13/Apr/2025:10:22:12 +0000] "GET /api-nodejs/teachers?page=1&limit=10&search=&className HTTP/1.1" 200 4426 "-" "PostmanRuntime/7.43.3"
54.86.50.139 - - [13/Apr/2025:10:22:27 +0000] "GET /api-nodejs/teachers?page=1&limit=10&search=&className HTTP/1.1" 200 4426 "-" "PostmanRuntime/7.43.3"
54.86.50.139 - - [13/Apr/2025:10:22:38 +0000] "GET /api-nodejs/teachers?page=1&limit=20&search=&className HTTP/1.1" 200 8771 "-" "PostmanRuntime/7.43.3"
3.239.123.88 - - [13/Apr/2025:10:23:02 +0000] "GET /api-nodejs/teachers?page=1&limit=20&search=&className HTTP/1.1" 401 117 "-" "got (https://github.com/sindresorhus/got)"
54.86.50.139 - - [13/Apr/2025:10:23:16 +0000] "GET /api-nodejs/teachers?page=1&limit=20&search=&className=10 HTTP/1.1" 200 8771 "-" "PostmanRuntime/7.43.3"
14.225.204.42 - - [13/Apr/2025:10:23:19 +0000] "GET /api-nodejs/teachers/13/debug-schedules HTTP/1.1" 401 117 "-" "curl/8.5.0"
14.225.204.42 - - [13/Apr/2025:10:23:32 +0000] "GET /api-nodejs/teachers/13/debug-schedules HTTP/1.1" 401 117 "-" "curl/8.5.0"
54.86.50.139 - - [13/Apr/2025:10:25:44 +0000] "GET /api-nodejs/teachers?page=1&limit=20&search=&className=10 HTTP/1.1" 200 8771 "-" "PostmanRuntime/7.43.3"
54.86.50.139 - - [13/Apr/2025:10:25:51 +0000] "GET /api-nodejs/teachers?page=1&limit=20&search=&className= HTTP/1.1" 200 8771 "-" "PostmanRuntime/7.43.3"
54.86.50.139 - - [13/Apr/2025:10:26:03 +0000] "GET /api-nodejs/teachers?page=1&limit=&search=&className= HTTP/1.1" 200 4426 "-" "PostmanRuntime/7.43.3"
54.86.50.139 - - [13/Apr/2025:10:26:47 +0000] "GET /api-nodejs/teachers?page=1&limit=&search=&className= HTTP/1.1" 200 4426 "-" "PostmanRuntime/7.43.3"
14.225.204.42 - - [13/Apr/2025:10:28:35 +0000] "POST /api-nodejs/auth/login HTTP/1.1" 401 97 "-" "curl/8.5.0"
14.225.204.42 - - [13/Apr/2025:10:28:35 +0000] "GET /api-nodejs/teachers/13/debug-schedules HTTP/1.1" 401 117 "-" "curl/8.5.0"
14.225.204.42 - - [13/Apr/2025:10:28:49 +0000] "GET /api-nodejs/teachers HTTP/1.1" 401 117 "-" "curl/8.5.0"
54.86.50.139 - - [13/Apr/2025:10:28:53 +0000] "GET /api-nodejs/teachers?page=1&limit=&search=&className= HTTP/1.1" 200 4426 "-" "PostmanRuntime/7.43.3"
212.102.33.143 - - [13/Apr/2025:10:29:58 +0000] "GET / HTTP/1.1" 200 1711 "-" "-"
54.86.50.139 - - [13/Apr/2025:10:30:46 +0000] "GET /api-nodejs/teachers?page=1&limit=&search=&className= HTTP/1.1" 200 4426 "-" "PostmanRuntime/7.43.3"
54.86.50.139 - - [13/Apr/2025:10:30:51 +0000] "GET /api-nodejs/teachers?page=1&limit=&search=&className= HTTP/1.1" 200 4426 "-" "PostmanRuntime/7.43.3"
54.86.50.139 - - [13/Apr/2025:10:32:43 +0000] "GET /api-nodejs/teachers?page=1&limit=&search=&className= HTTP/1.1" 200 4516 "-" "PostmanRuntime/7.43.3"
3.236.208.110 - - [13/Apr/2025:10:37:16 +0000] "GET /api-nodejs/users?page=1&limit=10&search=&grade=&roles=student,admin&className HTTP/1.1" 401 117 "-" "got (https://github.com/sindresorhus/got)"
54.86.50.139 - - [13/Apr/2025:10:39:41 +0000] "GET /api-nodejs/users?page=1&limit=10&search=&grade=&roles=student,admin&className HTTP/1.1" 200 5092 "-" "PostmanRuntime/7.43.3"
54.86.50.139 - - [13/Apr/2025:10:40:02 +0000] "GET /api-nodejs/users?page=1&limit=10&search=&grade=&roles=student,teacher&className HTTP/1.1" 200 5363 "-" "PostmanRuntime/7.43.3"
54.86.50.139 - - [13/Apr/2025:10:40:30 +0000] "GET /api-nodejs/users?page=1&limit=10&search=&grade=&roles=teacher&className HTTP/1.1" 200 4571 "-" "PostmanRuntime/7.43.3"
54.86.50.139 - - [13/Apr/2025:10:43:21 +0000] "GET /api-nodejs/users?page=1&limit=10&search=&grade=&roles=teacher&className HTTP/1.1" 200 5021 "-" "PostmanRuntime/7.43.3"
54.86.50.139 - - [13/Apr/2025:10:43:54 +0000] "GET /api-nodejs/teachers?page=1&limit=&search=&className= HTTP/1.1" 200 4516 "-" "PostmanRuntime/7.43.3"
3.236.208.110 - - [13/Apr/2025:10:44:27 +0000] "GET /api-nodejs/teachers?page=1&limit=&search=&className= HTTP/1.1" 401 117 "-" "got (https://github.com/sindresorhus/got)"
54.86.50.139 - - [13/Apr/2025:10:44:33 +0000] "GET /api-nodejs/teachers?page=1&limit=&search=&className= HTTP/1.1" 200 4516 "-" "PostmanRuntime/7.43.3"
54.86.50.139 - - [13/Apr/2025:10:44:36 +0000] "GET /api-nodejs/students?page=1&limit=10&search=Th%C3%A0nh&classId=&className=10A1&batchId=&batchYear=2023-2026 HTTP/1.1" 200 734 "-" "PostmanRuntime/7.43.3"
54.86.50.139 - - [13/Apr/2025:10:46:38 +0000] "GET /api-nodejs/users?page=1&limit=10&search=&grade=&roles=teacher&className HTTP/1.1" 200 5021 "-" "PostmanRuntime/7.43.3"
100.26.34.111 - - [13/Apr/2025:10:48:21 +0000] "GET /api-nodejs/teachers?page=1&limit=&search=&className= HTTP/1.1" 401 117 "-" "got (https://github.com/sindresorhus/got)"
154.81.156.35 - - [13/Apr/2025:10:48:56 +0000] "GET / HTTP/1.1" 200 858 "-" "Mozilla/5.0 (Windows NT 10.0; Win64; x64) AppleWebKit/537.36 (KHTML, like Gecko) Chrome/90.0.4430.85 Safari/537.36 Edg/90.0.818.46"
54.86.50.139 - - [13/Apr/2025:10:49:36 +0000] "GET /api-nodejs/users?page=1&limit=10&search=&grade=&roles=teacher&className HTTP/1.1" 200 5662 "-" "PostmanRuntime/7.43.3"
54.86.50.139 - - [13/Apr/2025:10:51:09 +0000] "GET /api-nodejs/users?page=1&limit=10&search=&grade=&roles=parent&className HTTP/1.1" 200 5904 "-" "PostmanRuntime/7.43.3"
54.86.50.139 - - [13/Apr/2025:10:53:20 +0000] "GET /api-nodejs/users?page=1&limit=10&search=&grade=&roles=parent&className HTTP/1.1" 200 7250 "-" "PostmanRuntime/7.43.3"
54.86.50.139 - - [13/Apr/2025:10:54:32 +0000] "GET /api-nodejs/users?page=1&limit=10&search=&grade=&roles=teacher&className HTTP/1.1" 200 8170 "-" "PostmanRuntime/7.43.3"
54.86.50.139 - - [13/Apr/2025:10:55:22 +0000] "GET /api-nodejs/users?page=1&limit=10&search=&grade=&roles=teacher&className=10A3 HTTP/1.1" 200 8360 "-" "PostmanRuntime/7.43.3"
54.86.50.139 - - [13/Apr/2025:10:55:35 +0000] "GET /api-nodejs/users?page=1&limit=10&search=&grade=11&roles=teacher&className=10A3 HTTP/1.1" 200 8360 "-" "PostmanRuntime/7.43.3"
54.86.50.139 - - [13/Apr/2025:10:55:53 +0000] "GET /api-nodejs/users?page=1&limit=10&search=&grade=11&roles=teacher HTTP/1.1" 200 91 "-" "PostmanRuntime/7.43.3"
54.86.50.139 - - [13/Apr/2025:10:56:15 +0000] "GET /api-nodejs/users?page=1&limit=10&search=&grade=11&roles=teacher HTTP/1.1" 200 91 "-" "PostmanRuntime/7.43.3"
54.86.50.139 - - [13/Apr/2025:10:56:23 +0000] "GET /api-nodejs/users?page=1&limit=10&search=&grade=11&roles= HTTP/1.1" 200 6322 "-" "PostmanRuntime/7.43.3"
54.86.50.139 - - [13/Apr/2025:10:57:40 +0000] "GET /api-nodejs/students?page=1&limit=10&search=Th%C3%A0nh&classId=&className=10A1&batchId=&batchYear=2023-2026 HTTP/1.1" 200 734 "-" "PostmanRuntime/7.43.3"
54.86.50.139 - - [13/Apr/2025:10:59:07 +0000] "GET /api-nodejs/users?page=1&limit=10&search=&grade=11&roles= HTTP/1.1" 200 5886 "-" "PostmanRuntime/7.43.3"
54.86.50.139 - - [13/Apr/2025:11:10:45 +0000] "GET /api-nodejs/users?page=1&limit=10&search=&grade=11&roles=teacher HTTP/1.1" 200 91 "-" "PostmanRuntime/7.43.3"
54.86.50.139 - - [13/Apr/2025:11:10:49 +0000] "GET /api-nodejs/users?page=1&limit=10&search=&grade=&roles=teacher HTTP/1.1" 200 5887 "-" "PostmanRuntime/7.43.3"
54.86.50.139 - - [13/Apr/2025:11:20:53 +0000] "POST /api-nodejs/auth/refresh-token HTTP/1.1" 401 82 "-" "PostmanRuntime/7.43.3"
54.86.50.139 - - [13/Apr/2025:11:21:20 +0000] "POST /api-nodejs/auth/refresh-token HTTP/1.1" 401 82 "-" "PostmanRuntime/7.43.3"
54.86.50.139 - - [13/Apr/2025:11:21:38 +0000] "POST /api-nodejs/auth/login HTTP/1.1" 200 461 "-" "PostmanRuntime/7.43.3"
54.86.50.139 - - [13/Apr/2025:11:21:54 +0000] "POST /api-nodejs/auth/refresh-token HTTP/1.1" 200 387 "-" "PostmanRuntime/7.43.3"
173.252.95.9 - - [13/Apr/2025:11:22:15 +0000] "GET /robots.txt HTTP/1.1" 200 67 "-" "facebookexternalhit/1.1 (+http://www.facebook.com/externalhit_uatext.php)"
173.252.95.1 - - [13/Apr/2025:11:22:16 +0000] "GET /api-nodejs/auth/refresh-token HTTP/1.1" 404 161 "-" "facebookexternalhit/1.1 (+http://www.facebook.com/externalhit_uatext.php)"
31.13.103.115 - - [13/Apr/2025:11:22:19 +0000] "GET /api-nodejs/auth/refresh-token HTTP/1.1" 404 161 "-" "facebookexternalhit/1.1 (+http://www.facebook.com/externalhit_uatext.php)"
113.22.200.154 - - [13/Apr/2025:11:24:29 +0000] "GET /api-nodejs/auth/refresh-token?fbclid=IwY2xjawJofjpleHRuA2FlbQIxMAABHr7CfloWQP2uH5fGfs2NaG-icDEfT3N4GmZYFXawqUVhGX1rMdEXBYQ9Z2-E_aem_M1ID4A0oWXAbQugxwqPH9Q HTTP/1.1" 404 161 "https://l.facebook.com/" "Mozilla/5.0 (Windows NT 10.0; Win64; x64) AppleWebKit/537.36 (KHTML, like Gecko) Chrome/133.0.0.0 Safari/537.36"
212.102.33.143 - - [13/Apr/2025:11:28:20 +0000] "GET / HTTP/1.1" 200 1711 "-" "-"
116.96.77.176 - - [13/Apr/2025:11:35:49 +0000] "OPTIONS /api-nodejs/auth/refresh-token HTTP/1.1" 204 0 "http://localhost:3000/" "Mozilla/5.0 (Windows NT 10.0; Win64; x64) AppleWebKit/537.36 (KHTML, like Gecko) Chrome/135.0.0.0 Safari/537.36"
116.96.77.176 - - [13/Apr/2025:11:35:49 +0000] "OPTIONS /api-nodejs/auth/refresh-token HTTP/1.1" 204 0 "http://localhost:3000/" "Mozilla/5.0 (Windows NT 10.0; Win64; x64) AppleWebKit/537.36 (KHTML, like Gecko) Chrome/135.0.0.0 Safari/537.36"
116.96.77.176 - - [13/Apr/2025:11:35:49 +0000] "POST /api-nodejs/auth/refresh-token HTTP/1.1" 401 82 "http://localhost:3000/" "Mozilla/5.0 (Windows NT 10.0; Win64; x64) AppleWebKit/537.36 (KHTML, like Gecko) Chrome/135.0.0.0 Safari/537.36"
116.96.77.176 - - [13/Apr/2025:11:35:49 +0000] "POST /api-nodejs/auth/refresh-token HTTP/1.1" 401 82 "http://localhost:3000/" "Mozilla/5.0 (Windows NT 10.0; Win64; x64) AppleWebKit/537.36 (KHTML, like Gecko) Chrome/135.0.0.0 Safari/537.36"
116.96.77.176 - - [13/Apr/2025:11:36:20 +0000] "OPTIONS /api-nodejs/auth/login HTTP/1.1" 204 0 "http://localhost:3000/" "Mozilla/5.0 (Windows NT 10.0; Win64; x64) AppleWebKit/537.36 (KHTML, like Gecko) Chrome/135.0.0.0 Safari/537.36"
116.96.77.176 - - [13/Apr/2025:11:36:21 +0000] "POST /api-nodejs/auth/login HTTP/1.1" 200 461 "http://localhost:3000/" "Mozilla/5.0 (Windows NT 10.0; Win64; x64) AppleWebKit/537.36 (KHTML, like Gecko) Chrome/135.0.0.0 Safari/537.36"
116.96.77.176 - - [13/Apr/2025:11:36:33 +0000] "OPTIONS /api-nodejs/auth/refresh-token HTTP/1.1" 204 0 "http://localhost:3000/" "Mozilla/5.0 (Windows NT 10.0; Win64; x64) AppleWebKit/537.36 (KHTML, like Gecko) Chrome/135.0.0.0 Safari/537.36"
116.96.77.176 - - [13/Apr/2025:11:36:33 +0000] "OPTIONS /api-nodejs/auth/refresh-token HTTP/1.1" 204 0 "http://localhost:3000/" "Mozilla/5.0 (Windows NT 10.0; Win64; x64) AppleWebKit/537.36 (KHTML, like Gecko) Chrome/135.0.0.0 Safari/537.36"
116.96.77.176 - - [13/Apr/2025:11:36:33 +0000] "POST /api-nodejs/auth/refresh-token HTTP/1.1" 401 82 "http://localhost:3000/" "Mozilla/5.0 (Windows NT 10.0; Win64; x64) AppleWebKit/537.36 (KHTML, like Gecko) Chrome/135.0.0.0 Safari/537.36"
116.96.77.176 - - [13/Apr/2025:11:36:33 +0000] "POST /api-nodejs/auth/refresh-token HTTP/1.1" 401 82 "http://localhost:3000/" "Mozilla/5.0 (Windows NT 10.0; Win64; x64) AppleWebKit/537.36 (KHTML, like Gecko) Chrome/135.0.0.0 Safari/537.36"
116.96.77.176 - - [13/Apr/2025:11:38:13 +0000] "POST /api-nodejs/auth/refresh-token HTTP/1.1" 401 82 "-" "PostmanRuntime/7.43.3"
54.86.50.139 - - [13/Apr/2025:11:39:15 +0000] "GET /api-nodejs/classes HTTP/1.1" 401 117 "-" "PostmanRuntime/7.43.3"
54.86.50.139 - - [13/Apr/2025:11:39:26 +0000] "GET /api-nodejs/classes HTTP/1.1" 200 1250 "-" "PostmanRuntime/7.43.3"
116.96.77.176 - - [13/Apr/2025:11:39:32 +0000] "POST /api-nodejs/auth/login?userName=admin&password=1234 HTTP/1.1" 400 129 "-" "PostmanRuntime/7.43.3"
116.96.77.176 - - [13/Apr/2025:11:39:51 +0000] "OPTIONS /api-nodejs/auth/login HTTP/1.1" 204 0 "http://localhost:3000/" "Mozilla/5.0 (Windows NT 10.0; Win64; x64) AppleWebKit/537.36 (KHTML, like Gecko) Chrome/135.0.0.0 Safari/537.36"
116.96.77.176 - - [13/Apr/2025:11:39:52 +0000] "POST /api-nodejs/auth/login HTTP/1.1" 200 461 "http://localhost:3000/" "Mozilla/5.0 (Windows NT 10.0; Win64; x64) AppleWebKit/537.36 (KHTML, like Gecko) Chrome/135.0.0.0 Safari/537.36"
116.96.77.176 - - [13/Apr/2025:11:40:05 +0000] "POST /api-nodejs/auth/login?userId=admin&password=1234 HTTP/1.1" 400 129 "-" "PostmanRuntime/7.43.3"
116.96.77.176 - - [13/Apr/2025:11:40:33 +0000] "POST /api-nodejs/auth/refresh-token HTTP/1.1" 200 387 "-" "PostmanRuntime/7.43.3"
116.96.77.176 - - [13/Apr/2025:11:41:24 +0000] "OPTIONS /api-nodejs/auth/refresh-token HTTP/1.1" 204 0 "http://localhost:3000/" "Mozilla/5.0 (Windows NT 10.0; Win64; x64) AppleWebKit/537.36 (KHTML, like Gecko) Chrome/135.0.0.0 Safari/537.36"
116.96.77.176 - - [13/Apr/2025:11:41:24 +0000] "POST /api-nodejs/auth/refresh-token HTTP/1.1" 401 82 "http://localhost:3000/" "Mozilla/5.0 (Windows NT 10.0; Win64; x64) AppleWebKit/537.36 (KHTML, like Gecko) Chrome/135.0.0.0 Safari/537.36"
54.86.50.139 - - [13/Apr/2025:11:41:24 +0000] "POST /api-nodejs/classes HTTP/1.1" 401 117 "-" "PostmanRuntime/7.43.3"
116.96.77.176 - - [13/Apr/2025:11:41:31 +0000] "OPTIONS /api-nodejs/auth/login HTTP/1.1" 204 0 "http://localhost:3000/" "Mozilla/5.0 (Windows NT 10.0; Win64; x64) AppleWebKit/537.36 (KHTML, like Gecko) Chrome/135.0.0.0 Safari/537.36"
116.96.77.176 - - [13/Apr/2025:11:41:32 +0000] "POST /api-nodejs/auth/login HTTP/1.1" 200 461 "http://localhost:3000/" "Mozilla/5.0 (Windows NT 10.0; Win64; x64) AppleWebKit/537.36 (KHTML, like Gecko) Chrome/135.0.0.0 Safari/537.36"
54.86.50.139 - - [13/Apr/2025:11:41:33 +0000] "POST /api-nodejs/classes HTTP/1.1" 403 116 "-" "PostmanRuntime/7.43.3"
116.96.77.176 - - [13/Apr/2025:11:41:35 +0000] "OPTIONS /api-nodejs/auth/refresh-token HTTP/1.1" 204 0 "http://localhost:3000/" "Mozilla/5.0 (Windows NT 10.0; Win64; x64) AppleWebKit/537.36 (KHTML, like Gecko) Chrome/135.0.0.0 Safari/537.36"
116.96.77.176 - - [13/Apr/2025:11:41:35 +0000] "OPTIONS /api-nodejs/auth/refresh-token HTTP/1.1" 204 0 "http://localhost:3000/" "Mozilla/5.0 (Windows NT 10.0; Win64; x64) AppleWebKit/537.36 (KHTML, like Gecko) Chrome/135.0.0.0 Safari/537.36"
116.96.77.176 - - [13/Apr/2025:11:41:35 +0000] "POST /api-nodejs/auth/refresh-token HTTP/1.1" 401 82 "http://localhost:3000/" "Mozilla/5.0 (Windows NT 10.0; Win64; x64) AppleWebKit/537.36 (KHTML, like Gecko) Chrome/135.0.0.0 Safari/537.36"
116.96.77.176 - - [13/Apr/2025:11:41:35 +0000] "POST /api-nodejs/auth/refresh-token HTTP/1.1" 401 82 "http://localhost:3000/" "Mozilla/5.0 (Windows NT 10.0; Win64; x64) AppleWebKit/537.36 (KHTML, like Gecko) Chrome/135.0.0.0 Safari/537.36"
66.220.149.11 - - [13/Apr/2025:11:42:35 +0000] "GET /api-nodejs/auth/refresh-token HTTP/1.1" 404 161 "-" "facebookexternalhit/1.1 (+http://www.facebook.com/externalhit_uatext.php)"
78.153.140.177 - - [13/Apr/2025:11:43:31 +0000] "GET /.env HTTP/1.1" 200 1711 "-" "Mozilla/5.0 (Macintosh; Intel Mac OS X 10_10_5) AppleWebKit/537.36 (KHTML, like Gecko) Chrome/47.0.2526.73 Safari/537.36 OPR/34.0.2036.25"
78.153.140.177 - - [13/Apr/2025:11:43:32 +0000] "\x16\x03\x01\x00\xAC\x01\x00\x00\xA8\x03\x03v\xB0\x1E\xCE(\xE4\xAC\xDA\xE0#\xDB\xDC*P\xEF.\x90\xED3\xB6\x1AiS\x13-\xEEc\x96\x0B\x17\xB9\x04\x00\x008\xC0,\xC0" 400 157 "-" "-"
78.153.140.177 - - [13/Apr/2025:11:43:32 +0000] "GET /config/secrets.yml HTTP/1.1" 200 1711 "-" "Mozilla/5.0 (Windows NT 10.0; WOW64) AppleWebKit/537.36 (KHTML, like Gecko) Chrome/45.0.2454.85 Safari/537.36 OPR/32.0.1948.25"
78.153.140.177 - - [13/Apr/2025:11:43:33 +0000] "GET /.env.1 HTTP/1.1" 200 1711 "-" "Mozilla/4.0 (compatible; MSIE 8.0; Windows NT 6.1; Trident/4.0; SLCC2; .NET CLR 3.5.30729; .NET CLR 3.0.30729; .NET CLR 2.0.50727; .NET4.0C; .NET4.0E)"
78.153.140.177 - - [13/Apr/2025:11:43:35 +0000] "GET /.env.2 HTTP/1.1" 200 1711 "-" "Mozilla/5.0 (Windows NT 10.0; WOW64) AppleWebKit/537.36 (KHTML, like Gecko) Chrome/45.0.2454.93 Safari/537.36 OPR/32.0.1948.89"
78.153.140.177 - - [13/Apr/2025:11:43:36 +0000] "GET /.env1 HTTP/1.1" 200 1711 "-" "Mozilla/4.0 (compatible; MSIE 7.0; Windows NT 6.1; Win64; x64; Trident/7.0; .NET CLR 2.0.50727; SLCC2; .NET CLR 3.5.30729; .NET CLR 3.0.30729; .NET4.0C; .NET4.0E; Tablet PC 2.0)"
78.153.140.177 - - [13/Apr/2025:11:43:36 +0000] "GET /.env_2 HTTP/1.1" 200 1711 "-" "Mozilla/5.0 (X11; U; Linux x86_64; zh-TW; rv:1.8.1.11) Gecko/20071204 Ubuntu/7.10 (gutsy) Firefox/2.0.0.11"
78.153.140.177 - - [13/Apr/2025:11:43:37 +0000] "GET /.git/config HTTP/1.1" 200 1711 "-" "Mozilla/5.0 (X11; U; Linux i686; en-US; rv:1.8.0.11) Gecko/20070312 Firefox/1.5.0.11"
78.153.140.177 - - [13/Apr/2025:11:43:38 +0000] "GET /.phpinfo HTTP/1.1" 200 1711 "-" "Mozilla/4.0 (compatible; MSIE 8.0; Windows NT 5.1; Trident/4.0; .NET4.0C; .NET CLR 2.0.50727; .NET CLR 3.0.4506.2152; .NET CLR 3.5.30729)"
78.153.140.177 - - [13/Apr/2025:11:43:39 +0000] "GET /.production.env HTTP/1.1" 200 1711 "-" "Mozilla/5.0 (Windows; U; Windows NT 5.1; zh-CN) AppleWebKit/528.16 (KHTML, like Gecko) Version/4.0 Safari/528.16"
78.153.140.177 - - [13/Apr/2025:11:43:41 +0000] "GET /.powenv HTTP/1.1" 200 1711 "-" "Mozilla/5.0 (Linux; U; Android 4.0.3; en-ca; A200 Build/IML74K) AppleWebKit/534.30 (KHTML, like Gecko) Version/4.0 Safari/534.30"
78.153.140.177 - - [13/Apr/2025:11:43:41 +0000] "GET /.profile HTTP/1.1" 200 1711 "-" "Mozilla/5.0 (Windows; U; Windows NT 5.2; en-US) AppleWebKit/525.19 (KHTML, like Gecko) Chrome/1.0.154.43 Safari/525.19"
78.153.140.177 - - [13/Apr/2025:11:43:42 +0000] "GET /.s3cfg HTTP/1.1" 200 1711 "-" "Mozilla/5.0 (Linux; U; Android 2.3.5; en-in; Micromax A62 Build/MocorDroid2.3.5) AppleWebKit/533.1 (KHTML, like Gecko) Version/4.0 Mobile Safari/533.1"
78.153.140.177 - - [13/Apr/2025:11:43:43 +0000] "GET /_info.php HTTP/1.1" 200 1711 "-" "Mozilla/5.0 (X11; U; Linux x86_64; en-US; rv:1.9.0.6) Gecko/2009020519 Ubuntu/9.04 (jaunty) Firefox/3.0.6"
78.153.140.177 - - [13/Apr/2025:11:43:45 +0000] "GET /_phpinfo.php HTTP/1.1" 200 1711 "-" "Mozilla/5.0 (Linux; Android 4.4.2; XT1031 Build/KXB20.9-1.10-1.18-1.1) AppleWebKit/537.36 (KHTML, like Gecko) Chrome/34.0.1847.114 Mobile Safari/537.36"
78.153.140.177 - - [13/Apr/2025:11:43:45 +0000] "GET /_poopinfo.php HTTP/1.1" 200 1711 "-" "Mozilla/5.0 (Windows NT 6.1; WOW64; Trident/7.0; EIE10;ENUSWOL; rv:11.0) like Gecko"
78.153.140.177 - - [13/Apr/2025:11:43:46 +0000] "GET /_profiler/info HTTP/1.1" 200 1711 "-" "Mozilla/5.0 (Macintosh; Intel Mac OS X 10_11_6) AppleWebKit/601.7.8 (KHTML, like Gecko) Version/9.1.2 Safari/601.7.7"
78.153.140.177 - - [13/Apr/2025:11:43:46 +0000] "GET /_profiler/phpinfo.php HTTP/1.1" 200 1711 "-" "Mozilla/5.0 (Windows; U; Windows NT 5.1; en-US) AppleWebKit/532.0 (KHTML, like Gecko) Chrome/3.0.196.2 Safari/532.0"
78.153.140.177 - - [13/Apr/2025:11:43:47 +0000] "GET /_profiler/phpinfo/info.php HTTP/1.1" 200 1711 "-" "Mozilla/5.0 (Macintosh; Intel Mac OS X 10_11_4) AppleWebKit/602.1.25 (KHTML, like Gecko) Version/9.1.1 Safari/601.6.10"
78.153.140.177 - - [13/Apr/2025:11:43:47 +0000] "GET /app.conf HTTP/1.1" 200 1711 "-" "Mozilla/5.0 (Windows; U; Windows NT 5.1; en-US; rv:1.8b4) Gecko/20050729 Firefox/1.0+"
78.153.140.177 - - [13/Apr/2025:11:43:48 +0000] "GET /app.config HTTP/1.1" 200 1711 "-" "Mozilla/5.0 (X11; U; Linux x86_64; en-US; rv:1.8.1) Gecko/20060601 Firefox/2.0 (Ubuntu-edgy)"
78.153.140.177 - - [13/Apr/2025:11:43:49 +0000] "GET /app.json HTTP/1.1" 200 1711 "-" "Mozilla/5.0 (Symbian/3; Series60/5.2 NokiaC6-01/011.010; Profile/MIDP-2.1 Configuration/CLDC-1.1 ) AppleWebKit/525 (KHTML, like Gecko) Version/3.0 BrowserNG/7.2.7.2 3gpp-gba"
78.153.140.177 - - [13/Apr/2025:11:43:50 +0000] "GET /app.yaml HTTP/1.1" 200 1711 "-" "Mozilla/5.0 (compatible; MSIE 9.0; Windows NT 6.0; Trident/5.0; BOIE9;ENUS)"
78.153.140.177 - - [13/Apr/2025:11:43:50 +0000] "GET /config.env HTTP/1.1" 200 1711 "-" "Mozilla/5.0 (Linux; Android 7.1.2; Redmi Note 5 Build/N2G47H) AppleWebKit/537.36 (KHTML, like Gecko) Chrome/67.0.3396.87 Mobile Safari/537.36"
78.153.140.177 - - [13/Apr/2025:11:43:52 +0000] "GET /config.json HTTP/1.1" 200 1711 "-" "Mozilla/5.0 (X11; Linux i686; rv:41.0) Gecko/20100101 Firefox/41.0"
78.153.140.177 - - [13/Apr/2025:11:43:53 +0000] "GET /../../web.config HTTP/1.1" 400 157 "-" "-"
78.153.140.177 - - [13/Apr/2025:11:43:53 +0000] "GET /.bash_history HTTP/1.1" 200 1711 "-" "Mozilla/5.0 (Linux; U; Android 4.2.2; da-dk; GT-P5110 Build/JDQ39) AppleWebKit/534.30 (KHTML, like Gecko) Version/4.0 Safari/534.30"
78.153.140.177 - - [13/Apr/2025:11:43:54 +0000] "GET /.bash_profile HTTP/1.1" 200 1711 "-" "Mozilla/4.0 (compatible; MSIE 7.0; Windows NT 6.1; Win64; x64; Trident/7.0; .NET CLR 2.0.50727; SLCC2; Media Center PC 6.0; InfoPath.3; .NET4.0C; .NET4.0E; Tablet PC 2.0; .NET CLR 3.5.30729; .NET CLR 3.0.30729)"
78.153.140.177 - - [13/Apr/2025:11:43:55 +0000] "GET /.bashrc HTTP/1.1" 200 1711 "-" "Mozilla/5.0 (Windows NT 6.1; WOW64) AppleWebKit/537.36 (KHTML, like Gecko) Chrome/34.0.1847.132 Safari/537.36 OPR/21.0.1432.67 (Edition Campaign 38)"
78.153.140.177 - - [13/Apr/2025:11:43:57 +0000] "GET /.editorconfig HTTP/1.1" 200 1711 "-" "Mozilla/5.0 (Windows NT 6.1; Win64; x64) AppleWebKit/537.36 (KHTML, like Gecko) Chrome/65.0.3325.181 Safari/537.36"
78.153.140.177 - - [13/Apr/2025:11:43:57 +0000] "GET /.flaskenv HTTP/1.1" 200 1711 "-" "Mozilla/4.0 (MSIE 6.0; Windows NT 5.0)"
116.96.77.176 - - [13/Apr/2025:11:44:03 +0000] "OPTIONS /api-nodejs/auth/login HTTP/1.1" 204 0 "http://localhost:3000/" "Mozilla/5.0 (Windows NT 10.0; Win64; x64) AppleWebKit/537.36 (KHTML, like Gecko) Chrome/135.0.0.0 Safari/537.36"
116.96.77.176 - - [13/Apr/2025:11:44:04 +0000] "POST /api-nodejs/auth/login HTTP/1.1" 200 461 "http://localhost:3000/" "Mozilla/5.0 (Windows NT 10.0; Win64; x64) AppleWebKit/537.36 (KHTML, like Gecko) Chrome/135.0.0.0 Safari/537.36"
116.96.77.176 - - [13/Apr/2025:11:44:08 +0000] "OPTIONS /api-nodejs/auth/refresh-token HTTP/1.1" 204 0 "http://localhost:3000/" "Mozilla/5.0 (Windows NT 10.0; Win64; x64) AppleWebKit/537.36 (KHTML, like Gecko) Chrome/135.0.0.0 Safari/537.36"
116.96.77.176 - - [13/Apr/2025:11:44:08 +0000] "POST /api-nodejs/auth/refresh-token HTTP/1.1" 401 82 "http://localhost:3000/" "Mozilla/5.0 (Windows NT 10.0; Win64; x64) AppleWebKit/537.36 (KHTML, like Gecko) Chrome/135.0.0.0 Safari/537.36"
116.96.77.176 - - [13/Apr/2025:11:44:08 +0000] "OPTIONS /api-nodejs/auth/refresh-token HTTP/1.1" 204 0 "http://localhost:3000/" "Mozilla/5.0 (Windows NT 10.0; Win64; x64) AppleWebKit/537.36 (KHTML, like Gecko) Chrome/135.0.0.0 Safari/537.36"
116.96.77.176 - - [13/Apr/2025:11:44:08 +0000] "POST /api-nodejs/auth/refresh-token HTTP/1.1" 401 82 "http://localhost:3000/" "Mozilla/5.0 (Windows NT 10.0; Win64; x64) AppleWebKit/537.36 (KHTML, like Gecko) Chrome/135.0.0.0 Safari/537.36"
173.252.95.115 - - [13/Apr/2025:11:44:14 +0000] "GET /api-nodejs/classes?grade=10 HTTP/1.1" 401 117 "-" "facebookexternalhit/1.1 (+http://www.facebook.com/externalhit_uatext.php)"
173.252.79.3 - - [13/Apr/2025:11:44:18 +0000] "GET /api-nodejs/classes?grade=10 HTTP/1.1" 401 117 "-" "facebookexternalhit/1.1 (+http://www.facebook.com/externalhit_uatext.php)"
173.252.95.18 - - [13/Apr/2025:11:44:42 +0000] "GET /api-nodejs/classes HTTP/1.1" 401 117 "-" "facebookexternalhit/1.1 (+http://www.facebook.com/externalhit_uatext.php)"
173.252.79.114 - - [13/Apr/2025:11:44:47 +0000] "GET /api-nodejs/classes HTTP/1.1" 401 117 "-" "facebookexternalhit/1.1 (+http://www.facebook.com/externalhit_uatext.php)"
116.96.77.176 - - [13/Apr/2025:11:45:23 +0000] "POST /api-nodejs/auth/refresh-token HTTP/1.1" 401 82 "-" "PostmanRuntime/7.43.3"
116.96.77.176 - - [13/Apr/2025:11:45:25 +0000] "POST /api-nodejs/auth/refresh-token HTTP/1.1" 401 82 "-" "PostmanRuntime/7.43.3"
116.96.77.176 - - [13/Apr/2025:11:45:55 +0000] "POST /api-nodejs/auth/login HTTP/1.1" 400 129 "-" "PostmanRuntime/7.43.3"
116.96.77.176 - - [13/Apr/2025:11:46:03 +0000] "POST /api-nodejs/auth/login HTTP/1.1" 400 129 "-" "PostmanRuntime/7.43.3"
116.96.77.176 - - [13/Apr/2025:11:46:17 +0000] "OPTIONS /api-nodejs/auth/login HTTP/1.1" 204 0 "http://localhost:3000/" "Mozilla/5.0 (Windows NT 10.0; Win64; x64) AppleWebKit/537.36 (KHTML, like Gecko) Chrome/135.0.0.0 Safari/537.36"
116.96.77.176 - - [13/Apr/2025:11:46:18 +0000] "POST /api-nodejs/auth/login HTTP/1.1" 401 97 "http://localhost:3000/" "Mozilla/5.0 (Windows NT 10.0; Win64; x64) AppleWebKit/537.36 (KHTML, like Gecko) Chrome/135.0.0.0 Safari/537.36"
116.96.77.176 - - [13/Apr/2025:11:46:18 +0000] "OPTIONS /api-nodejs/auth/refresh-token HTTP/1.1" 204 0 "http://localhost:3000/" "Mozilla/5.0 (Windows NT 10.0; Win64; x64) AppleWebKit/537.36 (KHTML, like Gecko) Chrome/135.0.0.0 Safari/537.36"
116.96.77.176 - - [13/Apr/2025:11:46:18 +0000] "POST /api-nodejs/auth/refresh-token HTTP/1.1" 401 86 "http://localhost:3000/" "Mozilla/5.0 (Windows NT 10.0; Win64; x64) AppleWebKit/537.36 (KHTML, like Gecko) Chrome/135.0.0.0 Safari/537.36"
116.96.77.176 - - [13/Apr/2025:11:46:20 +0000] "POST /api-nodejs/auth/login HTTP/1.1" 200 461 "http://localhost:3000/" "Mozilla/5.0 (Windows NT 10.0; Win64; x64) AppleWebKit/537.36 (KHTML, like Gecko) Chrome/135.0.0.0 Safari/537.36"
116.96.77.176 - - [13/Apr/2025:11:46:36 +0000] "POST /api-nodejs/auth/login HTTP/1.1" 400 129 "-" "PostmanRuntime/7.43.3"
116.96.77.176 - - [13/Apr/2025:11:46:40 +0000] "POST /api-nodejs/auth/login HTTP/1.1" 400 129 "-" "PostmanRuntime/7.43.3"
116.96.77.176 - - [13/Apr/2025:11:46:52 +0000] "POST /api-nodejs/auth/login HTTP/1.1" 400 129 "-" "PostmanRuntime/7.43.3"
116.96.77.176 - - [13/Apr/2025:11:46:58 +0000] "POST /api-nodejs/auth/login HTTP/1.1" 400 129 "-" "PostmanRuntime/7.43.3"
116.96.77.176 - - [13/Apr/2025:11:46:59 +0000] "POST /api-nodejs/auth/login HTTP/1.1" 400 129 "-" "PostmanRuntime/7.43.3"
116.96.77.176 - - [13/Apr/2025:11:47:18 +0000] "POST /api-nodejs/auth/login HTTP/1.1" 400 129 "-" "PostmanRuntime/7.43.3"
116.96.77.176 - - [13/Apr/2025:11:47:19 +0000] "POST /api-nodejs/auth/login HTTP/1.1" 400 129 "-" "PostmanRuntime/7.43.3"
116.96.77.176 - - [13/Apr/2025:11:47:20 +0000] "POST /api-nodejs/auth/login HTTP/1.1" 400 129 "-" "PostmanRuntime/7.43.3"
116.96.77.176 - - [13/Apr/2025:11:47:21 +0000] "POST /api-nodejs/auth/login HTTP/1.1" 400 129 "-" "PostmanRuntime/7.43.3"
116.96.77.176 - - [13/Apr/2025:11:48:07 +0000] "OPTIONS /api-nodejs/auth/login HTTP/1.1" 204 0 "http://localhost:3000/" "Mozilla/5.0 (Windows NT 10.0; Win64; x64) AppleWebKit/537.36 (KHTML, like Gecko) Chrome/135.0.0.0 Safari/537.36"
116.96.77.176 - - [13/Apr/2025:11:48:08 +0000] "POST /api-nodejs/auth/login HTTP/1.1" 200 461 "http://localhost:3000/" "Mozilla/5.0 (Windows NT 10.0; Win64; x64) AppleWebKit/537.36 (KHTML, like Gecko) Chrome/135.0.0.0 Safari/537.36"
116.96.77.176 - - [13/Apr/2025:11:48:40 +0000] "POST /api-nodejs/auth/refresh-token HTTP/1.1" 401 82 "-" "PostmanRuntime/7.43.3"
116.96.77.176 - - [13/Apr/2025:11:48:42 +0000] "POST /api-nodejs/auth/refresh-token HTTP/1.1" 401 82 "-" "PostmanRuntime/7.43.3"
116.96.77.176 - - [13/Apr/2025:11:48:43 +0000] "POST /api-nodejs/auth/refresh-token HTTP/1.1" 401 82 "-" "PostmanRuntime/7.43.3"
116.96.77.176 - - [13/Apr/2025:11:48:44 +0000] "POST /api-nodejs/auth/refresh-token HTTP/1.1" 401 82 "-" "PostmanRuntime/7.43.3"
116.96.77.176 - - [13/Apr/2025:11:48:45 +0000] "POST /api-nodejs/auth/refresh-token HTTP/1.1" 401 82 "-" "PostmanRuntime/7.43.3"
116.96.77.176 - - [13/Apr/2025:11:48:45 +0000] "POST /api-nodejs/auth/refresh-token HTTP/1.1" 401 82 "-" "PostmanRuntime/7.43.3"
116.96.77.176 - - [13/Apr/2025:11:49:26 +0000] "POST /api-nodejs/auth/refresh-token HTTP/1.1" 401 82 "-" "PostmanRuntime/7.43.3"
116.96.77.176 - - [13/Apr/2025:11:49:27 +0000] "POST /api-nodejs/auth/refresh-token HTTP/1.1" 401 82 "-" "PostmanRuntime/7.43.3"
116.96.77.176 - - [13/Apr/2025:11:49:28 +0000] "POST /api-nodejs/auth/refresh-token HTTP/1.1" 401 82 "-" "PostmanRuntime/7.43.3"
116.96.77.176 - - [13/Apr/2025:11:51:37 +0000] "OPTIONS /api-nodejs/auth/refresh-token HTTP/1.1" 204 0 "http://localhost:3000/" "Mozilla/5.0 (Windows NT 10.0; Win64; x64) AppleWebKit/537.36 (KHTML, like Gecko) Chrome/135.0.0.0 Safari/537.36"
116.96.77.176 - - [13/Apr/2025:11:51:37 +0000] "POST /api-nodejs/auth/refresh-token HTTP/1.1" 401 82 "http://localhost:3000/" "Mozilla/5.0 (Windows NT 10.0; Win64; x64) AppleWebKit/537.36 (KHTML, like Gecko) Chrome/135.0.0.0 Safari/537.36"
116.96.77.176 - - [13/Apr/2025:11:51:41 +0000] "OPTIONS /api-nodejs/auth/login HTTP/1.1" 204 0 "http://localhost:3000/" "Mozilla/5.0 (Windows NT 10.0; Win64; x64) AppleWebKit/537.36 (KHTML, like Gecko) Chrome/135.0.0.0 Safari/537.36"
116.96.77.176 - - [13/Apr/2025:11:51:41 +0000] "POST /api-nodejs/auth/login HTTP/1.1" 200 461 "http://localhost:3000/" "Mozilla/5.0 (Windows NT 10.0; Win64; x64) AppleWebKit/537.36 (KHTML, like Gecko) Chrome/135.0.0.0 Safari/537.36"
116.96.77.176 - - [13/Apr/2025:11:51:44 +0000] "OPTIONS /api-nodejs/auth/refresh-token HTTP/1.1" 204 0 "http://localhost:3000/" "Mozilla/5.0 (Windows NT 10.0; Win64; x64) AppleWebKit/537.36 (KHTML, like Gecko) Chrome/135.0.0.0 Safari/537.36"
116.96.77.176 - - [13/Apr/2025:11:51:44 +0000] "OPTIONS /api-nodejs/auth/refresh-token HTTP/1.1" 204 0 "http://localhost:3000/" "Mozilla/5.0 (Windows NT 10.0; Win64; x64) AppleWebKit/537.36 (KHTML, like Gecko) Chrome/135.0.0.0 Safari/537.36"
116.96.77.176 - - [13/Apr/2025:11:51:44 +0000] "POST /api-nodejs/auth/refresh-token HTTP/1.1" 200 387 "http://localhost:3000/" "Mozilla/5.0 (Windows NT 10.0; Win64; x64) AppleWebKit/537.36 (KHTML, like Gecko) Chrome/135.0.0.0 Safari/537.36"
116.96.77.176 - - [13/Apr/2025:11:51:44 +0000] "POST /api-nodejs/auth/refresh-token HTTP/1.1" 200 387 "http://localhost:3000/" "Mozilla/5.0 (Windows NT 10.0; Win64; x64) AppleWebKit/537.36 (KHTML, like Gecko) Chrome/135.0.0.0 Safari/537.36"
66.220.149.26 - - [13/Apr/2025:11:53:49 +0000] "GET /api-nodejs/classes?grade=10 HTTP/1.1" 401 117 "-" "facebookexternalhit/1.1 (+http://www.facebook.com/externalhit_uatext.php)"
116.96.77.176 - - [13/Apr/2025:11:56:18 +0000] "OPTIONS /api-nodejs/auth/login HTTP/1.1" 204 0 "http://localhost:3000/" "Mozilla/5.0 (Windows NT 10.0; Win64; x64) AppleWebKit/537.36 (KHTML, like Gecko) Chrome/135.0.0.0 Safari/537.36"
116.96.77.176 - - [13/Apr/2025:11:56:18 +0000] "POST /api-nodejs/auth/login HTTP/1.1" 200 461 "http://localhost:3000/" "Mozilla/5.0 (Windows NT 10.0; Win64; x64) AppleWebKit/537.36 (KHTML, like Gecko) Chrome/135.0.0.0 Safari/537.36"
116.96.77.176 - - [13/Apr/2025:11:56:42 +0000] "GET /api-nodejs/users?page=1&limit=10&search=&grade=&roles=student,admin%20 HTTP/1.1" 401 117 "-" "PostmanRuntime/7.43.3"
116.96.77.176 - - [13/Apr/2025:11:57:35 +0000] "OPTIONS /api-nodejs/auth/refresh-token HTTP/1.1" 204 0 "http://localhost:3000/" "Mozilla/5.0 (Windows NT 10.0; Win64; x64) AppleWebKit/537.36 (KHTML, like Gecko) Chrome/135.0.0.0 Safari/537.36"
116.96.77.176 - - [13/Apr/2025:11:57:35 +0000] "POST /api-nodejs/auth/refresh-token HTTP/1.1" 200 387 "http://localhost:3000/" "Mozilla/5.0 (Windows NT 10.0; Win64; x64) AppleWebKit/537.36 (KHTML, like Gecko) Chrome/135.0.0.0 Safari/537.36"
116.96.77.176 - - [13/Apr/2025:11:57:44 +0000] "OPTIONS /api-nodejs/auth/login HTTP/1.1" 204 0 "http://localhost:3000/" "Mozilla/5.0 (Windows NT 10.0; Win64; x64) AppleWebKit/537.36 (KHTML, like Gecko) Chrome/135.0.0.0 Safari/537.36"
116.96.77.176 - - [13/Apr/2025:11:57:44 +0000] "POST /api-nodejs/auth/login HTTP/1.1" 200 461 "http://localhost:3000/" "Mozilla/5.0 (Windows NT 10.0; Win64; x64) AppleWebKit/537.36 (KHTML, like Gecko) Chrome/135.0.0.0 Safari/537.36"
116.96.77.176 - - [13/Apr/2025:11:57:47 +0000] "OPTIONS /api-nodejs/users HTTP/1.1" 204 0 "http://localhost:3000/" "Mozilla/5.0 (Windows NT 10.0; Win64; x64) AppleWebKit/537.36 (KHTML, like Gecko) Chrome/135.0.0.0 Safari/537.36"
116.96.77.176 - - [13/Apr/2025:11:57:47 +0000] "OPTIONS /api-nodejs/users HTTP/1.1" 204 0 "http://localhost:3000/" "Mozilla/5.0 (Windows NT 10.0; Win64; x64) AppleWebKit/537.36 (KHTML, like Gecko) Chrome/135.0.0.0 Safari/537.36"
116.96.77.176 - - [13/Apr/2025:11:57:47 +0000] "GET /api-nodejs/users HTTP/1.1" 200 5092 "http://localhost:3000/" "Mozilla/5.0 (Windows NT 10.0; Win64; x64) AppleWebKit/537.36 (KHTML, like Gecko) Chrome/135.0.0.0 Safari/537.36"
116.96.77.176 - - [13/Apr/2025:11:57:47 +0000] "GET /api-nodejs/users HTTP/1.1" 200 5092 "http://localhost:3000/" "Mozilla/5.0 (Windows NT 10.0; Win64; x64) AppleWebKit/537.36 (KHTML, like Gecko) Chrome/135.0.0.0 Safari/537.36"
154.81.156.34 - - [13/Apr/2025:11:58:05 +0000] "GET / HTTP/1.1" 200 858 "-" "Mozilla/5.0 (Windows NT 10.0; Win64; x64) AppleWebKit/537.36 (KHTML, like Gecko) Chrome/90.0.4430.85 Safari/537.36 Edg/90.0.818.46"
116.96.77.176 - - [13/Apr/2025:12:06:25 +0000] "OPTIONS /api-nodejs/auth/refresh-token HTTP/1.1" 204 0 "http://localhost:3000/" "Mozilla/5.0 (Windows NT 10.0; Win64; x64) AppleWebKit/537.36 (KHTML, like Gecko) Chrome/135.0.0.0 Safari/537.36"
116.96.77.176 - - [13/Apr/2025:12:06:25 +0000] "POST /api-nodejs/auth/refresh-token HTTP/1.1" 200 387 "http://localhost:3000/" "Mozilla/5.0 (Windows NT 10.0; Win64; x64) AppleWebKit/537.36 (KHTML, like Gecko) Chrome/135.0.0.0 Safari/537.36"
116.96.77.176 - - [13/Apr/2025:12:08:20 +0000] "OPTIONS /api-nodejs/auth/refresh-token HTTP/1.1" 204 0 "http://localhost:3000/" "Mozilla/5.0 (Windows NT 10.0; Win64; x64) AppleWebKit/537.36 (KHTML, like Gecko) Chrome/135.0.0.0 Safari/537.36"
116.96.77.176 - - [13/Apr/2025:12:08:20 +0000] "POST /api-nodejs/auth/refresh-token HTTP/1.1" 401 82 "http://localhost:3000/" "Mozilla/5.0 (Windows NT 10.0; Win64; x64) AppleWebKit/537.36 (KHTML, like Gecko) Chrome/135.0.0.0 Safari/537.36"
212.102.33.143 - - [13/Apr/2025:12:32:21 +0000] "GET / HTTP/1.1" 200 1711 "-" "-"
116.96.77.176 - - [13/Apr/2025:12:46:32 +0000] "OPTIONS /api-nodejs/auth/login HTTP/1.1" 204 0 "http://localhost:3000/" "Mozilla/5.0 (Windows NT 10.0; Win64; x64) AppleWebKit/537.36 (KHTML, like Gecko) Chrome/135.0.0.0 Safari/537.36"
116.96.77.176 - - [13/Apr/2025:12:46:32 +0000] "POST /api-nodejs/auth/login HTTP/1.1" 401 97 "http://localhost:3000/" "Mozilla/5.0 (Windows NT 10.0; Win64; x64) AppleWebKit/537.36 (KHTML, like Gecko) Chrome/135.0.0.0 Safari/537.36"
116.96.77.176 - - [13/Apr/2025:12:46:32 +0000] "OPTIONS /api-nodejs/auth/refresh-token HTTP/1.1" 204 0 "http://localhost:3000/" "Mozilla/5.0 (Windows NT 10.0; Win64; x64) AppleWebKit/537.36 (KHTML, like Gecko) Chrome/135.0.0.0 Safari/537.36"
116.96.77.176 - - [13/Apr/2025:12:46:32 +0000] "POST /api-nodejs/auth/refresh-token HTTP/1.1" 401 86 "http://localhost:3000/" "Mozilla/5.0 (Windows NT 10.0; Win64; x64) AppleWebKit/537.36 (KHTML, like Gecko) Chrome/135.0.0.0 Safari/537.36"
116.96.77.176 - - [13/Apr/2025:12:46:39 +0000] "OPTIONS /api-nodejs/auth/login HTTP/1.1" 204 0 "http://localhost:3000/" "Mozilla/5.0 (Windows NT 10.0; Win64; x64) AppleWebKit/537.36 (KHTML, like Gecko) Chrome/135.0.0.0 Safari/537.36"
116.96.77.176 - - [13/Apr/2025:12:46:39 +0000] "POST /api-nodejs/auth/login HTTP/1.1" 401 97 "http://localhost:3000/" "Mozilla/5.0 (Windows NT 10.0; Win64; x64) AppleWebKit/537.36 (KHTML, like Gecko) Chrome/135.0.0.0 Safari/537.36"
116.96.77.176 - - [13/Apr/2025:12:46:39 +0000] "OPTIONS /api-nodejs/auth/refresh-token HTTP/1.1" 204 0 "http://localhost:3000/" "Mozilla/5.0 (Windows NT 10.0; Win64; x64) AppleWebKit/537.36 (KHTML, like Gecko) Chrome/135.0.0.0 Safari/537.36"
116.96.77.176 - - [13/Apr/2025:12:46:39 +0000] "POST /api-nodejs/auth/refresh-token HTTP/1.1" 401 86 "http://localhost:3000/" "Mozilla/5.0 (Windows NT 10.0; Win64; x64) AppleWebKit/537.36 (KHTML, like Gecko) Chrome/135.0.0.0 Safari/537.36"
116.96.77.176 - - [13/Apr/2025:12:47:02 +0000] "OPTIONS /api-nodejs/auth/login HTTP/1.1" 204 0 "http://localhost:3000/" "Mozilla/5.0 (Windows NT 10.0; Win64; x64) AppleWebKit/537.36 (KHTML, like Gecko) Chrome/135.0.0.0 Safari/537.36"
116.96.77.176 - - [13/Apr/2025:12:47:03 +0000] "POST /api-nodejs/auth/login HTTP/1.1" 401 97 "http://localhost:3000/" "Mozilla/5.0 (Windows NT 10.0; Win64; x64) AppleWebKit/537.36 (KHTML, like Gecko) Chrome/135.0.0.0 Safari/537.36"
116.96.77.176 - - [13/Apr/2025:12:47:03 +0000] "OPTIONS /api-nodejs/auth/refresh-token HTTP/1.1" 204 0 "http://localhost:3000/" "Mozilla/5.0 (Windows NT 10.0; Win64; x64) AppleWebKit/537.36 (KHTML, like Gecko) Chrome/135.0.0.0 Safari/537.36"
116.96.77.176 - - [13/Apr/2025:12:47:03 +0000] "POST /api-nodejs/auth/refresh-token HTTP/1.1" 401 86 "http://localhost:3000/" "Mozilla/5.0 (Windows NT 10.0; Win64; x64) AppleWebKit/537.36 (KHTML, like Gecko) Chrome/135.0.0.0 Safari/537.36"
116.96.77.176 - - [13/Apr/2025:12:47:04 +0000] "POST /api-nodejs/auth/login HTTP/1.1" 401 97 "http://localhost:3000/" "Mozilla/5.0 (Windows NT 10.0; Win64; x64) AppleWebKit/537.36 (KHTML, like Gecko) Chrome/135.0.0.0 Safari/537.36"
116.96.77.176 - - [13/Apr/2025:12:47:04 +0000] "POST /api-nodejs/auth/refresh-token HTTP/1.1" 401 86 "http://localhost:3000/" "Mozilla/5.0 (Windows NT 10.0; Win64; x64) AppleWebKit/537.36 (KHTML, like Gecko) Chrome/135.0.0.0 Safari/537.36"
116.96.77.176 - - [13/Apr/2025:12:48:01 +0000] "OPTIONS /api-nodejs/auth/login HTTP/1.1" 204 0 "http://localhost:3000/" "Mozilla/5.0 (Windows NT 10.0; Win64; x64) AppleWebKit/537.36 (KHTML, like Gecko) Chrome/135.0.0.0 Safari/537.36"
116.96.77.176 - - [13/Apr/2025:12:48:01 +0000] "POST /api-nodejs/auth/login HTTP/1.1" 401 97 "http://localhost:3000/" "Mozilla/5.0 (Windows NT 10.0; Win64; x64) AppleWebKit/537.36 (KHTML, like Gecko) Chrome/135.0.0.0 Safari/537.36"
116.96.77.176 - - [13/Apr/2025:12:48:01 +0000] "OPTIONS /api-nodejs/auth/refresh-token HTTP/1.1" 204 0 "http://localhost:3000/" "Mozilla/5.0 (Windows NT 10.0; Win64; x64) AppleWebKit/537.36 (KHTML, like Gecko) Chrome/135.0.0.0 Safari/537.36"
116.96.77.176 - - [13/Apr/2025:12:48:01 +0000] "POST /api-nodejs/auth/refresh-token HTTP/1.1" 401 86 "http://localhost:3000/" "Mozilla/5.0 (Windows NT 10.0; Win64; x64) AppleWebKit/537.36 (KHTML, like Gecko) Chrome/135.0.0.0 Safari/537.36"
154.81.156.35 - - [13/Apr/2025:12:49:14 +0000] "GET / HTTP/1.1" 200 858 "-" "Mozilla/5.0 (Windows NT 10.0; Win64; x64) AppleWebKit/537.36 (KHTML, like Gecko) Chrome/90.0.4430.85 Safari/537.36 Edg/90.0.818.46"
116.96.77.176 - - [13/Apr/2025:12:53:50 +0000] "OPTIONS /api-nodejs/auth/login HTTP/1.1" 204 0 "http://localhost:3000/" "Mozilla/5.0 (Windows NT 10.0; Win64; x64) AppleWebKit/537.36 (KHTML, like Gecko) Chrome/135.0.0.0 Safari/537.36"
116.96.77.176 - - [13/Apr/2025:12:53:51 +0000] "POST /api-nodejs/auth/login HTTP/1.1" 401 97 "http://localhost:3000/" "Mozilla/5.0 (Windows NT 10.0; Win64; x64) AppleWebKit/537.36 (KHTML, like Gecko) Chrome/135.0.0.0 Safari/537.36"
116.96.77.176 - - [13/Apr/2025:12:53:51 +0000] "OPTIONS /api-nodejs/auth/refresh-token HTTP/1.1" 204 0 "http://localhost:3000/" "Mozilla/5.0 (Windows NT 10.0; Win64; x64) AppleWebKit/537.36 (KHTML, like Gecko) Chrome/135.0.0.0 Safari/537.36"
116.96.77.176 - - [13/Apr/2025:12:53:51 +0000] "POST /api-nodejs/auth/refresh-token HTTP/1.1" 401 86 "http://localhost:3000/" "Mozilla/5.0 (Windows NT 10.0; Win64; x64) AppleWebKit/537.36 (KHTML, like Gecko) Chrome/135.0.0.0 Safari/537.36"
116.96.77.176 - - [13/Apr/2025:12:53:51 +0000] "POST /api-nodejs/auth/login HTTP/1.1" 401 97 "http://localhost:3000/" "Mozilla/5.0 (Windows NT 10.0; Win64; x64) AppleWebKit/537.36 (KHTML, like Gecko) Chrome/135.0.0.0 Safari/537.36"
116.96.77.176 - - [13/Apr/2025:12:53:51 +0000] "POST /api-nodejs/auth/refresh-token HTTP/1.1" 401 86 "http://localhost:3000/" "Mozilla/5.0 (Windows NT 10.0; Win64; x64) AppleWebKit/537.36 (KHTML, like Gecko) Chrome/135.0.0.0 Safari/537.36"
116.96.77.176 - - [13/Apr/2025:12:53:52 +0000] "POST /api-nodejs/auth/login HTTP/1.1" 401 97 "http://localhost:3000/" "Mozilla/5.0 (Windows NT 10.0; Win64; x64) AppleWebKit/537.36 (KHTML, like Gecko) Chrome/135.0.0.0 Safari/537.36"
116.96.77.176 - - [13/Apr/2025:12:53:52 +0000] "POST /api-nodejs/auth/refresh-token HTTP/1.1" 401 86 "http://localhost:3000/" "Mozilla/5.0 (Windows NT 10.0; Win64; x64) AppleWebKit/537.36 (KHTML, like Gecko) Chrome/135.0.0.0 Safari/537.36"
93.174.93.12 - - [13/Apr/2025:12:53:58 +0000] "GET / HTTP/1.0" 200 1711 "-" "Mozilla/5.0 (Linux; Android 9; moto x4) AppleWebKit/537.36 (KHTML, like Gecko) Chrome/76.0.3809.111 Mobile Safari/537.36"
116.96.77.176 - - [13/Apr/2025:12:57:38 +0000] "OPTIONS /api-nodejs/auth/login HTTP/1.1" 204 0 "http://localhost:3000/" "Mozilla/5.0 (Windows NT 10.0; Win64; x64) AppleWebKit/537.36 (KHTML, like Gecko) Chrome/135.0.0.0 Safari/537.36"
116.96.77.176 - - [13/Apr/2025:12:57:38 +0000] "POST /api-nodejs/auth/login HTTP/1.1" 401 97 "http://localhost:3000/" "Mozilla/5.0 (Windows NT 10.0; Win64; x64) AppleWebKit/537.36 (KHTML, like Gecko) Chrome/135.0.0.0 Safari/537.36"
116.96.77.176 - - [13/Apr/2025:12:57:38 +0000] "OPTIONS /api-nodejs/auth/refresh-token HTTP/1.1" 204 0 "http://localhost:3000/" "Mozilla/5.0 (Windows NT 10.0; Win64; x64) AppleWebKit/537.36 (KHTML, like Gecko) Chrome/135.0.0.0 Safari/537.36"
116.96.77.176 - - [13/Apr/2025:12:57:38 +0000] "POST /api-nodejs/auth/refresh-token HTTP/1.1" 401 86 "http://localhost:3000/" "Mozilla/5.0 (Windows NT 10.0; Win64; x64) AppleWebKit/537.36 (KHTML, like Gecko) Chrome/135.0.0.0 Safari/537.36"
116.96.77.176 - - [13/Apr/2025:12:57:42 +0000] "POST /api-nodejs/auth/login HTTP/1.1" 401 97 "http://localhost:3000/" "Mozilla/5.0 (Windows NT 10.0; Win64; x64) AppleWebKit/537.36 (KHTML, like Gecko) Chrome/135.0.0.0 Safari/537.36"
116.96.77.176 - - [13/Apr/2025:12:57:42 +0000] "POST /api-nodejs/auth/refresh-token HTTP/1.1" 401 86 "http://localhost:3000/" "Mozilla/5.0 (Windows NT 10.0; Win64; x64) AppleWebKit/537.36 (KHTML, like Gecko) Chrome/135.0.0.0 Safari/537.36"
5.183.209.244 - - [13/Apr/2025:13:16:25 +0000] "GET / HTTP/1.1" 200 1711 "-" "-"
5.183.209.244 - - [13/Apr/2025:13:16:26 +0000] "PUT /v1/agent/service/register  HTTP/1.1" 400 157 "-" "-"
154.81.156.34 - - [13/Apr/2025:13:17:54 +0000] "GET / HTTP/1.1" 200 858 "-" "Mozilla/5.0 (Windows NT 10.0; Win64; x64) AppleWebKit/537.36 (KHTML, like Gecko) Chrome/90.0.4430.85 Safari/537.36 Edg/90.0.818.46"
43.166.240.231 - - [13/Apr/2025:13:33:18 +0000] "GET / HTTP/1.1" 200 858 "-" "Mozilla/5.0 (iPhone; CPU iPhone OS 13_2_3 like Mac OS X) AppleWebKit/605.1.15 (KHTML, like Gecko) Version/13.0.3 Mobile/15E148 Safari/604.1"
116.96.77.176 - - [13/Apr/2025:13:33:48 +0000] "OPTIONS /api-nodejs/auth/login HTTP/1.1" 204 0 "http://localhost:3000/" "Mozilla/5.0 (Windows NT 10.0; Win64; x64) AppleWebKit/537.36 (KHTML, like Gecko) Chrome/135.0.0.0 Safari/537.36"
116.96.77.176 - - [13/Apr/2025:13:33:48 +0000] "POST /api-nodejs/auth/login HTTP/1.1" 401 97 "http://localhost:3000/" "Mozilla/5.0 (Windows NT 10.0; Win64; x64) AppleWebKit/537.36 (KHTML, like Gecko) Chrome/135.0.0.0 Safari/537.36"
116.96.77.176 - - [13/Apr/2025:13:33:48 +0000] "OPTIONS /api-nodejs/auth/refresh-token HTTP/1.1" 204 0 "http://localhost:3000/" "Mozilla/5.0 (Windows NT 10.0; Win64; x64) AppleWebKit/537.36 (KHTML, like Gecko) Chrome/135.0.0.0 Safari/537.36"
116.96.77.176 - - [13/Apr/2025:13:33:48 +0000] "POST /api-nodejs/auth/refresh-token HTTP/1.1" 401 86 "http://localhost:3000/" "Mozilla/5.0 (Windows NT 10.0; Win64; x64) AppleWebKit/537.36 (KHTML, like Gecko) Chrome/135.0.0.0 Safari/537.36"
116.96.77.176 - - [13/Apr/2025:13:33:49 +0000] "POST /api-nodejs/auth/login HTTP/1.1" 401 97 "http://localhost:3000/" "Mozilla/5.0 (Windows NT 10.0; Win64; x64) AppleWebKit/537.36 (KHTML, like Gecko) Chrome/135.0.0.0 Safari/537.36"
116.96.77.176 - - [13/Apr/2025:13:33:49 +0000] "POST /api-nodejs/auth/refresh-token HTTP/1.1" 401 86 "http://localhost:3000/" "Mozilla/5.0 (Windows NT 10.0; Win64; x64) AppleWebKit/537.36 (KHTML, like Gecko) Chrome/135.0.0.0 Safari/537.36"
54.86.50.139 - - [13/Apr/2025:13:41:03 +0000] "POST /api-nodejs/auth/login HTTP/1.1" 200 461 "-" "PostmanRuntime/7.43.3"
54.86.50.139 - - [13/Apr/2025:13:41:15 +0000] "GET /api-nodejs/users?page=1&limit=10&search=&grade=&roles=teacher HTTP/1.1" 200 91 "-" "PostmanRuntime/7.43.3"
54.86.50.139 - - [13/Apr/2025:13:41:28 +0000] "GET /api-nodejs/users?page=1&limit=10&search=&grade=&roles=teacher HTTP/1.1" 200 91 "-" "PostmanRuntime/7.43.3"
54.86.50.139 - - [13/Apr/2025:13:41:34 +0000] "GET /api-nodejs/users?page=1&limit=10&search=&grade=&roles= HTTP/1.1" 200 350 "-" "PostmanRuntime/7.43.3"
