174.138.36.24 - - [12/Apr/2025:23:45:29 +0000] "GET /.env HTTP/1.1" 200 858 "-" "Mozilla/5.0; Keydrop.io/1.0(onlyscans.com/about);"
174.138.36.24 - - [12/Apr/2025:23:45:30 +0000] "GET /.git/config HTTP/1.1" 200 858 "-" "Mozilla/5.0; Keydrop.io/1.0(onlyscans.com/about);"
154.81.156.34 - - [12/Apr/2025:23:54:42 +0000] "GET / HTTP/1.1" 200 858 "-" "Mozilla/5.0 (Windows NT 10.0; Win64; x64) AppleWebKit/537.36 (KHTML, like Gecko) Chrome/90.0.4430.85 Safari/537.36 Edg/90.0.818.46"
176.65.137.221 - - [12/Apr/2025:23:59:53 +0000] "GET / HTTP/1.1" 200 858 "-" "Linux Gnu (cow)"
154.81.156.35 - - [13/Apr/2025:00:22:07 +0000] "GET / HTTP/1.1" 200 858 "-" "Mozilla/5.0 (Windows NT 10.0; Win64; x64) AppleWebKit/537.36 (KHTML, like Gecko) Chrome/90.0.4430.85 Safari/537.36 Edg/90.0.818.46"
92.255.57.58 - - [13/Apr/2025:00:22:28 +0000] "GET /actuator/gateway/routes HTTP/1.1" 404 162 "-" "Mozilla/5.0 (Windows NT 10.0; Win64; x64) AppleWebKit/537.36 (KHTML, like Gecko) Chrome/78.0.3904.108 Safari/537.36"
93.174.93.12 - - [13/Apr/2025:00:39:34 +0000] "\x16\x03\x02\x01o\x01\x00\x01k\x03\x02RH\xC5\x1A#\xF7:N\xDF\xE2\xB4\x82/\xFF\x09T\x9F\xA7\xC4y\xB0h\xC6\x13\x8C\xA4\x1C=\x22\xE1\x1A\x98 \x84\xB4,\x85\xAFn\xE3Y\xBBbhl\xFF(=':\xA9\x82\xD9o\xC8\xA2\xD7\x93\x98\xB4\xEF\x80\xE5\xB9\x90\x00(\xC0" 400 157 "-" "-"
5.183.209.244 - - [13/Apr/2025:00:42:43 +0000] "GET / HTTP/1.1" 200 1711 "-" "-"
5.183.209.244 - - [13/Apr/2025:00:42:44 +0000] "PUT /v1/agent/service/register  HTTP/1.1" 400 157 "-" "-"
92.255.57.58 - - [13/Apr/2025:00:44:06 +0000] "\x16\x03\x01\x05\xA8\x01\x00\x05\xA4\x03\x03\xB9\xC0\xA9\xE0\xF3\xA2R|\xF5EyF'\xAB\xA9\x1DKC\xF0\xC4\xEC\xD3\xC8}\xC5Z\xAC37x\xCF\xF4 u>H\xA4\xC3\x9B\xFC\x93\x93x@\x199~\xF1\x87\xE6\xF8\x81\xC0\xB6\xC4\x9F\x13\xA9IZ\xE8sb\xFA0\x00\x1A\xC0+\xC0/\xC0,\xC00\xCC\xA9\xCC\xA8\xC0\x09\xC0\x13\xC0" 400 157 "-" "-"
154.81.156.34 - - [13/Apr/2025:01:27:22 +0000] "GET / HTTP/1.1" 200 858 "-" "Mozilla/5.0 (Windows NT 10.0; Win64; x64) AppleWebKit/537.36 (KHTML, like Gecko) Chrome/90.0.4430.85 Safari/537.36 Edg/90.0.818.46"
154.81.156.35 - - [13/Apr/2025:01:30:20 +0000] "GET / HTTP/1.1" 200 858 "-" "Mozilla/5.0 (Windows NT 10.0; Win64; x64) AppleWebKit/537.36 (KHTML, like Gecko) Chrome/90.0.4430.85 Safari/537.36 Edg/90.0.818.46"
164.90.188.200 - - [13/Apr/2025:01:34:44 +0000] "\x16\x03\x01\x00{\x01\x00\x00w\x03\x03\x82\x00\xEC8\x0F\x9A\xE9\xD6\x89\x19L\xE6\xA1\x16\x9E\x00\xB7T\xA5\x1D\xDF\xEB1\xD8P%\xEF4B\xE8\xF2_\x00\x00\x1A\xC0/\xC0+\xC0\x11\xC0\x07\xC0\x13\xC0\x09\xC0\x14\xC0" 400 157 "-" "-"
164.90.188.200 - - [13/Apr/2025:01:34:44 +0000] "\x16\x03\x01\x00{\x01\x00\x00w\x03\x03\x1D\xD7\x80&\xD3\x83\xF1P\xEE_C\xD3\xEE\xC7\xCB\x93\xE3z\x90\xEF\x9D!@z\xE6\x7F\x8D\xB0N\x5C_R\x00\x00\x1A\xC0/\xC0+\xC0\x11\xC0\x07\xC0\x13\xC0\x09\xC0\x14\xC0" 400 157 "-" "-"
164.90.188.200 - - [13/Apr/2025:01:34:45 +0000] "GET / HTTP/1.1" 200 858 "-" "Mozilla/5.0 (Windows NT 10.0; Win64; x64) AppleWebKit/537.36 (KHTML, like Gecko) Chrome/108.0.0.0 Safari/537.36"
164.90.188.200 - - [13/Apr/2025:01:34:45 +0000] "GET /form.html HTTP/1.1" 200 858 "-" "curl/8.1.2"
164.90.188.200 - - [13/Apr/2025:01:34:45 +0000] "GET /upl.php HTTP/1.1" 200 858 "-" "Mozilla/5.0"
164.90.188.200 - - [13/Apr/2025:01:34:46 +0000] "GET /t4 HTTP/1.1" 200 858 "-" "Mozilla/5.0"
164.90.188.200 - - [13/Apr/2025:01:34:46 +0000] "GET /geoip/ HTTP/1.1" 200 858 "-" "Mozilla/5.0 (Windows NT 10.0; Win64; x64) AppleWebKit/537.36 (KHTML, like Gecko) Chrome/108.0.0.0 Safari/537.36"
164.90.188.200 - - [13/Apr/2025:01:34:47 +0000] "GET /favicon.ico HTTP/1.1" 200 3667 "-" "Mozilla/5.0 (Windows NT 10.0; Win64; x64) AppleWebKit/537.36 (KHTML, like Gecko) Chrome/108.0.0.0 Safari/537.36"
164.90.188.200 - - [13/Apr/2025:01:34:48 +0000] "GET /1.php HTTP/1.1" 200 858 "-" "Mozilla/5.0 (Windows NT 10.0; Win64; x64) AppleWebKit/537.36 (KHTML, like Gecko) Chrome/108.0.0.0 Safari/537.36"
164.90.188.200 - - [13/Apr/2025:01:34:48 +0000] "GET /systembc/password.php HTTP/1.1" 200 858 "-" "Mozilla/5.0 (Windows NT 10.0; Win64; x64) AppleWebKit/537.36 (KHTML, like Gecko) Chrome/108.0.0.0 Safari/537.36"
164.90.188.200 - - [13/Apr/2025:01:34:48 +0000] "GET /password.php HTTP/1.1" 200 858 "-" "Mozilla/5.0 (Windows NT 10.0; Win64; x64) AppleWebKit/537.36 (KHTML, like Gecko) Chrome/108.0.0.0 Safari/537.36"
162.216.150.187 - - [13/Apr/2025:02:06:18 +0000] "GET / HTTP/1.1" 200 858 "-" "Expanse, a Palo Alto Networks company, searches across the global IPv4 space multiple times per day to identify customers&#39; presences on the Internet. If you would like to be excluded from our scans, please send IP addresses/domains to: scaninfo@paloaltonetworks.com"
90.182.200.58 - - [13/Apr/2025:02:15:31 +0000] "GET / HTTP/1.0" 200 1711 "-" "curl/7.88.1"
185.255.122.19 - - [13/Apr/2025:02:19:25 +0000] "GET / HTTP/1.1" 200 858 "-" "Mozilla/5.0 (Windows NT 10.0; Win64; x64) AppleWebKit/537.36 (KHTML, like Gecko) Chrome/90.0.4430.85 Safari/537.36 Edg/90.0.818.46"
205.210.31.98 - - [13/Apr/2025:02:31:00 +0000] "GET / HTTP/1.0" 200 1711 "-" "Expanse, a Palo Alto Networks company, searches across the global IPv4 space multiple times per day to identify customers&#39; presences on the Internet. If you would like to be excluded from our scans, please send IP addresses/domains to: scaninfo@paloaltonetworks.com"
154.81.156.35 - - [13/Apr/2025:02:33:01 +0000] "GET / HTTP/1.1" 200 858 "-" "Mozilla/5.0 (Windows NT 10.0; Win64; x64) AppleWebKit/537.36 (KHTML, like Gecko) Chrome/90.0.4430.85 Safari/537.36 Edg/90.0.818.46"
154.81.156.34 - - [13/Apr/2025:03:01:14 +0000] "GET / HTTP/1.1" 200 858 "-" "Mozilla/5.0 (Windows NT 10.0; Win64; x64) AppleWebKit/537.36 (KHTML, like Gecko) Chrome/90.0.4430.85 Safari/537.36 Edg/90.0.818.46"
138.68.154.198 - - [13/Apr/2025:03:07:34 +0000] "\x00\x0E8\xF6\xD6\xAC\xB7\xBDY7:\x00\x00\x00\x00\x00" 400 157 "-" "-"
109.236.61.95 - - [13/Apr/2025:03:17:57 +0000] "GET / HTTP/1.1" 200 1711 "-" "Hello World"
109.236.61.95 - - [13/Apr/2025:03:20:06 +0000] "GET / HTTP/1.1" 200 1711 "-" "Hello World"
42.116.117.76 - - [13/Apr/2025:03:21:44 +0000] "GET / HTTP/1.1" 304 0 "-" "Mozilla/5.0 (Windows NT 10.0; Win64; x64) AppleWebKit/537.36 (KHTML, like Gecko) Chrome/135.0.0.0 Safari/537.36 Edg/135.0.0.0"
42.116.117.76 - - [13/Apr/2025:03:21:44 +0000] "GET /static/js/bundle.js HTTP/1.1" 304 0 "http://fams.io.vn/" "Mozilla/5.0 (Windows NT 10.0; Win64; x64) AppleWebKit/537.36 (KHTML, like Gecko) Chrome/135.0.0.0 Safari/537.36 Edg/135.0.0.0"
109.236.61.95 - - [13/Apr/2025:03:22:15 +0000] "GET / HTTP/1.1" 200 1711 "-" "Hello World"
42.116.117.76 - - [13/Apr/2025:03:33:28 +0000] "GET /python-docs HTTP/1.1" 301 169 "-" "Mozilla/5.0 (Windows NT 10.0; Win64; x64) AppleWebKit/537.36 (KHTML, like Gecko) Chrome/135.0.0.0 Safari/537.36 Edg/135.0.0.0"
42.116.117.76 - - [13/Apr/2025:03:33:28 +0000] "GET /python-docs/ HTTP/1.1" 307 0 "-" "Mozilla/5.0 (Windows NT 10.0; Win64; x64) AppleWebKit/537.36 (KHTML, like Gecko) Chrome/135.0.0.0 Safari/537.36 Edg/135.0.0.0"
42.116.117.76 - - [13/Apr/2025:03:33:28 +0000] "GET /docs HTTP/1.1" 200 858 "-" "Mozilla/5.0 (Windows NT 10.0; Win64; x64) AppleWebKit/537.36 (KHTML, like Gecko) Chrome/135.0.0.0 Safari/537.36 Edg/135.0.0.0"
42.116.117.76 - - [13/Apr/2025:03:33:28 +0000] "GET /static/js/bundle.js HTTP/1.1" 304 0 "http://fams.io.vn/docs" "Mozilla/5.0 (Windows NT 10.0; Win64; x64) AppleWebKit/537.36 (KHTML, like Gecko) Chrome/135.0.0.0 Safari/537.36 Edg/135.0.0.0"
42.116.117.76 - - [13/Apr/2025:03:33:37 +0000] "GET /ws HTTP/1.1" 101 1230 "-" "Mozilla/5.0 (Windows NT 10.0; Win64; x64) AppleWebKit/537.36 (KHTML, like Gecko) Chrome/135.0.0.0 Safari/537.36 Edg/135.0.0.0"
165.154.6.224 - - [13/Apr/2025:03:34:21 +0000] "GET / HTTP/1.1" 200 1711 "-" "curl/7.29.0"
165.154.6.224 - - [13/Apr/2025:03:34:21 +0000] "\x16\x03\x01\x00\xF2\x01\x00\x00\xEE\x03\x03\xE6e\xF5\xC7\x05:3\xAD\xFCNy\xE9]\x8A\x05\xED\xF9\xAD\x85`\xB7\x86E'\xA6\xA42\xEF\x94\x0B\xFD\xE6 c\x9A?n\xC1\xB6\xD3\xF4A{\xD7n7g\x19\xDE\x13\x1D\xF2Q\xFCs_/\x10*20\x1C0\x08\xE0\x00&\xC0+\xC0/\xC0,\xC00\xCC\xA9\xCC\xA8\xC0\x09\xC0\x13\xC0" 400 157 "-" "-"
165.154.6.224 - - [13/Apr/2025:03:34:21 +0000] "t3 12.1.2" 400 157 "-" "-"
101.36.108.133 - - [13/Apr/2025:03:34:36 +0000] "GET / HTTP/1.1" 200 858 "-" "Mozilla/5.0 (Macintosh; Intel Mac OS X 8_1) AppleWebKit/593.55 (KHTML, like Gecko) Chrome/55.0.1435 Safari/537.36"
101.36.108.133 - - [13/Apr/2025:03:34:36 +0000] "GET /favicon.ico HTTP/1.1" 200 3667 "-" "Go-http-client/1.1"
101.36.108.133 - - [13/Apr/2025:03:34:37 +0000] "GET /static/js/bundle.js HTTP/1.1" 200 858097 "-" "Go-http-client/1.1"
101.36.108.133 - - [13/Apr/2025:03:34:38 +0000] "GET /robots.txt HTTP/1.1" 200 67 "-" "Go-http-client/1.1"
101.36.108.133 - - [13/Apr/2025:03:34:38 +0000] "GET /sitemap.xml HTTP/1.1" 404 150 "-" "Go-http-client/1.1"
54.86.50.139 - - [13/Apr/2025:03:39:31 +0000] "POST /api-nodejs/api/auth/login HTTP/1.1" 404 158 "-" "PostmanRuntime/7.43.3"
54.86.50.139 - - [13/Apr/2025:03:39:53 +0000] "POST /api-nodejs/api/auth/login HTTP/1.1" 404 158 "-" "PostmanRuntime/7.43.3"
54.86.50.139 - - [13/Apr/2025:03:43:39 +0000] "POST /api-nodejs/auth/login HTTP/1.1" 200 461 "-" "PostmanRuntime/7.43.3"
154.81.156.35 - - [13/Apr/2025:03:44:07 +0000] "GET / HTTP/1.1" 200 858 "-" "Mozilla/5.0 (Windows NT 10.0; Win64; x64) AppleWebKit/537.36 (KHTML, like Gecko) Chrome/90.0.4430.85 Safari/537.36 Edg/90.0.818.46"
87.236.176.185 - - [13/Apr/2025:03:44:56 +0000] "GET / HTTP/1.1" 200 858 "-" "Mozilla/5.0 (compatible; InternetMeasurement/1.0; +https://internet-measurement.com/)"
87.236.176.159 - - [13/Apr/2025:03:44:57 +0000] "GET /favicon.ico HTTP/1.1" 200 3667 "-" "Mozilla/5.0 (compatible; InternetMeasurement/1.0; +https://internet-measurement.com/)"
185.247.137.129 - - [13/Apr/2025:03:44:57 +0000] "GET /logo192.png HTTP/1.1" 200 5347 "-" "Mozilla/5.0 (compatible; InternetMeasurement/1.0; +https://internet-measurement.com/)"
43.166.246.180 - - [13/Apr/2025:03:51:35 +0000] "GET / HTTP/1.1" 200 858 "-" "Mozilla/5.0 (iPhone; CPU iPhone OS 13_2_3 like Mac OS X) AppleWebKit/605.1.15 (KHTML, like Gecko) Version/13.0.3 Mobile/15E148 Safari/604.1"
54.86.50.139 - - [13/Apr/2025:03:53:36 +0000] "POST /api-python/db/scheduling HTTP/1.1" 422 1918 "-" "PostmanRuntime/7.43.3"
54.86.50.139 - - [13/Apr/2025:03:53:37 +0000] "POST /api-python/db/scheduling HTTP/1.1" 422 1918 "-" "PostmanRuntime/7.43.3"
54.86.50.139 - - [13/Apr/2025:03:54:09 +0000] "POST /api-python/db/init HTTP/1.1" 200 153 "-" "PostmanRuntime/7.43.3"
100.26.34.111 - - [13/Apr/2025:03:56:51 +0000] "GET /api-nodejs/auth/login HTTP/1.1" 404 153 "-" "got (https://github.com/sindresorhus/got)"
154.81.156.34 - - [13/Apr/2025:04:13:58 +0000] "GET / HTTP/1.1" 200 858 "-" "Mozilla/5.0 (Windows NT 10.0; Win64; x64) AppleWebKit/537.36 (KHTML, like Gecko) Chrome/90.0.4430.85 Safari/537.36 Edg/90.0.818.46"
185.218.86.4 - - [13/Apr/2025:04:21:18 +0000] "GET / HTTP/1.1" 200 858 "-" "Mozilla/5.0 (Windows NT 10.0; Win64; x64) AppleWebKit/537.36 (KHTML, like Gecko) Chrome/90.0.4430.85 Safari/537.36 Edg/90.0.818.46"
154.81.156.35 - - [13/Apr/2025:05:00:12 +0000] "GET / HTTP/1.1" 200 858 "-" "Mozilla/5.0 (Windows NT 10.0; Win64; x64) AppleWebKit/537.36 (KHTML, like Gecko) Chrome/90.0.4430.85 Safari/537.36 Edg/90.0.818.46"
93.174.93.12 - - [13/Apr/2025:05:35:52 +0000] "\x16\x03\x02\x01o\x01\x00\x01k\x03\x02RH\xC5\x1A#\xF7:N\xDF\xE2\xB4\x82/\xFF\x09T\x9F\xA7\xC4y\xB0h\xC6\x13\x8C\xA4\x1C=\x22\xE1\x1A\x98 \x84\xB4,\x85\xAFn\xE3Y\xBBbhl\xFF(=':\xA9\x82\xD9o\xC8\xA2\xD7\x93\x98\xB4\xEF\x80\xE5\xB9\x90\x00(\xC0" 400 157 "-" "-"
209.38.27.119 - - [13/Apr/2025:05:48:29 +0000] "GET /.git/config HTTP/1.1" 200 858 "-" "Mozilla/5.0 (X11; Linux x86_64) AppleWebKit/537.36 (KHTML, like Gecko) Chrome/81.0.4044.129 Safari/537.36"
108.54.73.95 - - [13/Apr/2025:05:57:05 +0000] "GET / HTTP/1.0" 200 1711 "-" "curl/7.88.1"
154.81.156.34 - - [13/Apr/2025:05:57:32 +0000] "GET / HTTP/1.1" 200 858 "-" "Mozilla/5.0 (Windows NT 10.0; Win64; x64) AppleWebKit/537.36 (KHTML, like Gecko) Chrome/90.0.4430.85 Safari/537.36 Edg/90.0.818.46"
42.116.117.76 - - [13/Apr/2025:06:05:51 +0000] "GET / HTTP/1.1" 304 0 "-" "Mozilla/5.0 (Windows NT 10.0; Win64; x64) AppleWebKit/537.36 (KHTML, like Gecko) Chrome/135.0.0.0 Safari/537.36 Edg/135.0.0.0"
42.116.117.76 - - [13/Apr/2025:06:05:51 +0000] "GET /static/js/bundle.js HTTP/1.1" 304 0 "http://fams.io.vn/" "Mozilla/5.0 (Windows NT 10.0; Win64; x64) AppleWebKit/537.36 (KHTML, like Gecko) Chrome/135.0.0.0 Safari/537.36 Edg/135.0.0.0"
42.116.117.76 - - [13/Apr/2025:06:06:02 +0000] "GET /login HTTP/1.1" 200 858 "-" "Mozilla/5.0 (Windows NT 10.0; Win64; x64) AppleWebKit/537.36 (KHTML, like Gecko) Chrome/135.0.0.0 Safari/537.36 Edg/135.0.0.0"
42.116.117.76 - - [13/Apr/2025:06:06:02 +0000] "GET /ws HTTP/1.1" 101 1232 "-" "Mozilla/5.0 (Windows NT 10.0; Win64; x64) AppleWebKit/537.36 (KHTML, like Gecko) Chrome/135.0.0.0 Safari/537.36 Edg/135.0.0.0"
42.116.117.76 - - [13/Apr/2025:06:06:02 +0000] "GET /static/js/bundle.js HTTP/1.1" 304 0 "http://fams.io.vn/login" "Mozilla/5.0 (Windows NT 10.0; Win64; x64) AppleWebKit/537.36 (KHTML, like Gecko) Chrome/135.0.0.0 Safari/537.36 Edg/135.0.0.0"
42.116.117.76 - - [13/Apr/2025:06:06:03 +0000] "GET /favicon.ico HTTP/1.1" 304 0 "http://fams.io.vn/login" "Mozilla/5.0 (Windows NT 10.0; Win64; x64) AppleWebKit/537.36 (KHTML, like Gecko) Chrome/135.0.0.0 Safari/537.36 Edg/135.0.0.0"
42.116.117.76 - - [13/Apr/2025:06:07:35 +0000] "GET /ws HTTP/1.1" 101 1392 "-" "Mozilla/5.0 (Windows NT 10.0; Win64; x64) AppleWebKit/537.36 (KHTML, like Gecko) Chrome/135.0.0.0 Safari/537.36 Edg/135.0.0.0"
54.86.50.139 - - [13/Apr/2025:06:12:23 +0000] "GET /api-nodejs/students HTTP/1.1" 502 157 "-" "PostmanRuntime/7.43.3"
154.81.156.35 - - [13/Apr/2025:06:12:28 +0000] "GET / HTTP/1.1" 200 858 "-" "Mozilla/5.0 (Windows NT 10.0; Win64; x64) AppleWebKit/537.36 (KHTML, like Gecko) Chrome/90.0.4430.85 Safari/537.36 Edg/90.0.818.46"
5.183.209.244 - - [13/Apr/2025:06:13:12 +0000] "GET / HTTP/1.1" 200 1711 "-" "-"
5.183.209.244 - - [13/Apr/2025:06:13:13 +0000] "PUT /v1/agent/service/register  HTTP/1.1" 400 157 "-" "-"
54.86.50.139 - - [13/Apr/2025:06:13:13 +0000] "GET /api-nodejs/students?page=1&limit=10&search HTTP/1.1" 502 157 "-" "PostmanRuntime/7.43.3"
54.86.50.139 - - [13/Apr/2025:06:13:27 +0000] "POST /api-nodejs/auth/login HTTP/1.1" 502 157 "-" "PostmanRuntime/7.43.3"
54.86.50.139 - - [13/Apr/2025:06:13:41 +0000] "POST /api-nodejs/auth/login HTTP/1.1" 502 157 "-" "PostmanRuntime/7.43.3"
54.86.50.139 - - [13/Apr/2025:06:14:49 +0000] "POST /api-nodejs/auth/login HTTP/1.1" 502 157 "-" "PostmanRuntime/7.43.3"
54.86.50.139 - - [13/Apr/2025:06:14:56 +0000] "POST /api-nodejs/auth/login HTTP/1.1" 502 157 "-" "PostmanRuntime/7.43.3"
54.86.50.139 - - [13/Apr/2025:06:14:58 +0000] "POST /api-nodejs/auth/login HTTP/1.1" 502 157 "-" "PostmanRuntime/7.43.3"
54.86.50.139 - - [13/Apr/2025:06:15:03 +0000] "POST /api-nodejs/auth/login HTTP/1.1" 502 157 "-" "PostmanRuntime/7.43.3"
54.86.50.139 - - [13/Apr/2025:06:15:14 +0000] "POST /api-nodejs/auth/login HTTP/1.1" 502 157 "-" "PostmanRuntime/7.43.3"
42.116.117.76 - - [13/Apr/2025:06:15:26 +0000] "GET / HTTP/1.1" 304 0 "-" "Mozilla/5.0 (Windows NT 10.0; Win64; x64) AppleWebKit/537.36 (KHTML, like Gecko) Chrome/135.0.0.0 Safari/537.36 Edg/135.0.0.0"
42.116.117.76 - - [13/Apr/2025:06:15:26 +0000] "GET /static/js/bundle.js HTTP/1.1" 304 0 "http://fams.io.vn/" "Mozilla/5.0 (Windows NT 10.0; Win64; x64) AppleWebKit/537.36 (KHTML, like Gecko) Chrome/135.0.0.0 Safari/537.36 Edg/135.0.0.0"
54.86.50.139 - - [13/Apr/2025:06:18:36 +0000] "POST /api-nodejs/auth/login HTTP/1.1" 200 461 "-" "PostmanRuntime/7.43.3"
54.86.50.139 - - [13/Apr/2025:06:19:13 +0000] "GET /api-nodejs/students?page=1&limit=10&search HTTP/1.1" 401 117 "-" "PostmanRuntime/7.43.3"
54.86.50.139 - - [13/Apr/2025:06:20:51 +0000] "POST /api-nodejs/auth/login HTTP/1.1" 200 461 "-" "PostmanRuntime/7.43.3"
54.86.50.139 - - [13/Apr/2025:06:22:32 +0000] "GET /api-nodejs/students?page=1&limit=10&search HTTP/1.1" 200 36 "-" "PostmanRuntime/7.43.3"
54.86.50.139 - - [13/Apr/2025:06:24:45 +0000] "POST /api-nodejs/auth/login HTTP/1.1" 200 461 "-" "PostmanRuntime/7.43.3"
54.86.50.139 - - [13/Apr/2025:06:24:54 +0000] "POST /api-nodejs/auth/login HTTP/1.1" 200 461 "-" "PostmanRuntime/7.43.3"
54.86.50.139 - - [13/Apr/2025:06:25:01 +0000] "GET /api-nodejs/students?page=1&limit=10&search HTTP/1.1" 401 117 "-" "PostmanRuntime/7.43.3"
54.86.50.139 - admin [13/Apr/2025:06:25:21 +0000] "GET /api-nodejs/students?page=1&limit=10&search HTTP/1.1" 401 117 "-" "PostmanRuntime/7.43.3"
54.86.50.139 - - [13/Apr/2025:06:26:13 +0000] "GET /api-nodejs/students?page=1&limit=10&search HTTP/1.1" 200 36 "-" "PostmanRuntime/7.43.3"
